Archive member included to satisfy reference by file (symbol)

/usr/lib/n64/nusys/libnualsgi_n.a(nuauinit.o)
                              build/src/main/main.o (nuAuInit)
/usr/lib/n64/nusys/libnualsgi_n.a(nuaumgr.o)
                              /usr/lib/n64/nusys/libnualsgi_n.a(nuauinit.o) (nuAuMgrInit)
/usr/lib/n64/nusys/libnualsgi_n.a(nuaumgrfuncset.o)
                              /usr/lib/n64/nusys/libnualsgi_n.a(nuauinit.o) (nuAuMgrFuncSet)
/usr/lib/n64/nusys/libnualsgi_n.a(nuaumgrparams.o)
                              build/src/main/main.o (nuAuRetraceCount)
/usr/lib/n64/nusys/libnualsgi_n.a(nuauprenmifuncset.o)
                              /usr/lib/n64/nusys/libnualsgi_n.a(nuauinit.o) (nuAuPreNMIFuncSet)
/usr/lib/n64/nusys/libnualsgi_n.a(nuauprenmiproc.o)
                              /usr/lib/n64/nusys/libnualsgi_n.a(nuauinit.o) (nuAuPreNMIProc)
/usr/lib/n64/nusys/libnualsgi_n.a(nuauseqplayerbankset.o)
                              build/src/main/main.o (nuAuSeqPlayerBankSet)
/usr/lib/n64/nusys/libnualsgi_n.a(nuauseqplayercontrol.o)
                              /usr/lib/n64/nusys/libnualsgi_n.a(nuauinit.o) (nuAuSeqPlayerControl)
/usr/lib/n64/nusys/libnualsgi_n.a(nuauseqplayerfadeout.o)
                              /usr/lib/n64/nusys/libnualsgi_n.a(nuauprenmiproc.o) (nuAuSeqPlayerFadeOut)
/usr/lib/n64/nusys/libnualsgi_n.a(nuauseqplayerinit.o)
                              /usr/lib/n64/nusys/libnualsgi_n.a(nuauinit.o) (nuAuSeqPlayerInit)
/usr/lib/n64/nusys/libnualsgi_n.a(nuauseqplayerplay.o)
                              build/src/main/levels.o (nuAuSeqPlayerPlay)
/usr/lib/n64/nusys/libnualsgi_n.a(nuauseqplayerseqset.o)
                              build/src/main/main.o (nuAuSeqPlayerSeqSet)
/usr/lib/n64/nusys/libnualsgi_n.a(nuauseqplayersetno.o)
                              build/src/main/levels.o (nuAuSeqPlayerSetNo)
/usr/lib/n64/nusys/libnualsgi_n.a(nuausndplayerbankset.o)
                              build/src/main/main.o (nuAuSndPlayerBankSet)
/usr/lib/n64/nusys/libnualsgi_n.a(nuausndplayerinit.o)
                              /usr/lib/n64/nusys/libnualsgi_n.a(nuauinit.o) (nuAuSndPlayerInit)
/usr/lib/n64/nusys/libnualsgi_n.a(nuauconfig.o)
                              /usr/lib/n64/nusys/libnualsgi_n.a(nuauinit.o) (nuAuSndpConfig)
/usr/lib/n64/nusys/libnualsgi_n.a(nuaudma.o)
                              /usr/lib/n64/nusys/libnualsgi_n.a(nuaumgr.o) (nuAuDmaNew)
/usr/lib/n64/nusys/libnualsgi_n.a(nuauheap.o)
                              /usr/lib/n64/nusys/libnualsgi_n.a(nuaumgr.o) (nuAuHeapInit)
/usr/lib/n64/libn_audio.a(n_cspgetstate.o)
                              /usr/lib/n64/nusys/libnualsgi_n.a(nuauseqplayercontrol.o) (n_alCSPGetState)
/usr/lib/n64/libn_audio.a(n_cspgetvol.o)
                              /usr/lib/n64/nusys/libnualsgi_n.a(nuauseqplayercontrol.o) (n_alCSPGetVol)
/usr/lib/n64/libn_audio.a(n_csplayer.o)
                              /usr/lib/n64/nusys/libnualsgi_n.a(nuauseqplayerinit.o) (n_alCSPNew)
/usr/lib/n64/libn_audio.a(n_cspplay.o)
                              /usr/lib/n64/nusys/libnualsgi_n.a(nuauseqplayerplay.o) (n_alCSPPlay)
/usr/lib/n64/libn_audio.a(n_cspsetbank.o)
                              /usr/lib/n64/nusys/libnualsgi_n.a(nuauseqplayerbankset.o) (n_alCSPSetBank)
/usr/lib/n64/libn_audio.a(n_cspsetseq.o)
                              /usr/lib/n64/nusys/libnualsgi_n.a(nuauseqplayerplay.o) (n_alCSPSetSeq)
/usr/lib/n64/libn_audio.a(n_cspsetvol.o)
                              /usr/lib/n64/nusys/libnualsgi_n.a(nuauseqplayercontrol.o) (n_alCSPSetVol)
/usr/lib/n64/libn_audio.a(n_cspstop.o)
                              /usr/lib/n64/nusys/libnualsgi_n.a(nuauseqplayercontrol.o) (n_alCSPStop)
/usr/lib/n64/libn_audio.a(n_csq.o)
                              /usr/lib/n64/nusys/libnualsgi_n.a(nuauseqplayerplay.o) (n_alCSeqNew)
/usr/lib/n64/libn_audio.a(n_event.o)
                              /usr/lib/n64/libn_audio.a(n_csplayer.o) (n_alEvtqNew)
/usr/lib/n64/libn_audio.a(n_seqplayer.o)
                              /usr/lib/n64/libn_audio.a(n_csplayer.o) (__n_unmapVoice)
/usr/lib/n64/libn_audio.a(n_sl.o)
                              /usr/lib/n64/nusys/libnualsgi_n.a(nuaumgr.o) (n_alInit)
/usr/lib/n64/libn_audio.a(n_sndplayer.o)
                              /usr/lib/n64/nusys/libnualsgi_n.a(nuausndplayerinit.o) (n_alSndpNew)
/usr/lib/n64/libn_audio.a(n_synaddplayer.o)
                              /usr/lib/n64/libn_audio.a(n_sndplayer.o) (n_alSynAddSndPlayer)
/usr/lib/n64/libn_audio.a(n_synallocvoice.o)
                              /usr/lib/n64/libn_audio.a(n_csplayer.o) (n_alSynAllocVoice)
/usr/lib/n64/libn_audio.a(n_syndelete.o)
                              /usr/lib/n64/libn_audio.a(n_sl.o) (n_alSynDelete)
/usr/lib/n64/libn_audio.a(n_synfreevoice.o)
                              /usr/lib/n64/libn_audio.a(n_csplayer.o) (n_alSynFreeVoice)
/usr/lib/n64/libn_audio.a(n_synsetfxmix.o)
[...]
Memory Configuration

Name             Origin             Length             Attributes
*default*        0x0000000000000000 0xffffffffffffffff

Linker script and memory map

                0x0000000000124240                __romPos = 0x0
                0x0000000004000000                _bootSegmentStart = ADDR (.boot)
                0x0000000000000000                _bootSegmentRomStart = __romPos

.boot           0x0000000004000000     0x1000 load address 0x0000000000000000
 build/asm/rom_header.o(.text)
 .text          0x0000000004000000       0x40 build/asm/rom_header.o
 build/boot.6102.o(.data)
 .data          0x0000000004000040      0xfc0 build/boot.6102.o
                0x0000000004000040                _binary__usr_lib_n64_PR_bootcode_boot_6102_start
                0x0000000004001000                _binary__usr_lib_n64_PR_bootcode_boot_6102_end
                0x0000000004001000                _bootSegmentEnd = ALIGN ((ADDR (.boot) + SIZEOF (.boot)), 0x10)
                0x0000000000001000                _bootSegmentRomEnd = ((_bootSegmentEnd - _bootSegmentStart) + _bootSegmentRomStart)
                0x0000000000124240                __romPos = _bootSegmentRomEnd
                0x0000000004001000                . = _bootSegmentEnd
                0x0000000080025c00                _codeSegmentStart = ADDR (.code)
                0x0000000000001000                _codeSegmentRomStart = __romPos

.code           0x0000000080025c00    0x5c970 load address 0x0000000000001000
 build/asm/entry.o(.start)
 .start         0x0000000080025c00       0x3c build/asm/entry.o
                0x0000000080025c00                __start
 /usr/lib/n64/nusys/nusys_isv.o(.text)
 *fill*         0x0000000080025c3c        0x4 
 .text          0x0000000080025c40       0xf4 /usr/lib/n64/nusys/nusys_isv.o
                0x0000000080025cdc                nuBoot
 build/src/main*.o(.text)
 *fill*         0x0000000080025d34        0xc 
 .text          0x0000000080025d40        0x0 build/src/main/assets/models/AssaultRifle.o
 .text          0x0000000080025d40        0x0 build/src/main/assets/models/DebugCylinder.o
 .text          0x0000000080025d40        0x0 build/src/main/assets/models/FPHands.o
 .text          0x0000000080025d40        0x0 build/src/main/assets/models/cyborgwalk.o
 .text          0x0000000080025d40        0x0 build/src/main/assets/models/cyborgwalk_Anime.o
 .text          0x0000000080025d40       0xb0 build/src/main/FPGraphics.o
                0x0000000080025d40                DrawAssaultRifle
                0x0000000080025d98                DrawPistol
 .text          0x0000000080025df0        0x0 build/src/main/HUD.o
 .text          0x0000000080025df0      0x520 build/src/main/animations.o
                0x0000000080025df0                SkeletalMatrix
                0x0000000080026168                DrawAnime
                0x00000000800262f8                DrawHolster
 .text          0x0000000080026310     0x2a4c build/src/main/collision.o
                0x0000000080026310                CheckRadius
                0x00000000800263ac                SetSimpleBump
                0x0000000080026484                LoadCache
                0x0000000080026540                SaveNormal
                0x00000000800267a0                SaveAxis
                0x0000000080026868                Save1Triangle
                0x00000000800269ac                Save2Triangle
                0x0000000080026c28                BuildCollisionBuffer
                0x0000000080026d1c                CheckXZ
                0x0000000080026e64                CheckXY
                0x0000000080026fac                CheckYZ
                0x00000000800270f4                GetGridIndex
                0x00000000800271b0                PlayerLevelCollision
                0x0000000080027750                VectorScale
                0x000000008002777c                VectorSubtract
                0x00000000800277b0                VectorSubtractS
                0x00000000800277fc                VectorSubtractFS
                0x0000000080027848                VectorAdd
                0x000000008002787c                VectorCrossProduct
                0x00000000800278ec                VectorDotProduct
                0x0000000080027920                InnerProduct
                0x0000000080027954                VectorNormalize
                0x00000000800279cc                CopyVertexArray
                0x0000000080027a14                intersectLineTriangle
                0x0000000080027d0c                intersectLineTriangleRadius
                0x0000000080028004                intersectRayCylinder
                0x0000000080028210                AdjustVelocityTriangle
                0x0000000080028270                PlayerLevelCollisionB
                0x00000000800284f4                CheckViewCone
                0x0000000080028740                CheckProjectileCollision
 *fill*         0x0000000080028d5c        0x4 
 .text          0x0000000080028d60      0x168 build/src/main/gfxinit.o
                0x0000000080028d60                initRDP
 *fill*         0x0000000080028ec8        0x8 
 .text          0x0000000080028ed0     0x1054 build/src/main/graphic.o
                0x0000000080028f94                gfxRCPInit
                0x0000000080028fd8                gfxClearCfb
                0x00000000800290d4                SetMatrix
                0x00000000800291a0                DrawBullets
                0x0000000080029474                DrawPlayers
                0x0000000080029754                DrawLevelScene
 *fill*         0x0000000080029f24        0xc 
 .text          0x0000000080029f30      0x234 build/src/main/levels.o
                0x0000000080029f30                LoadHeader
                0x0000000080029fcc                LoadLevelData
                0x000000008002a074                InitNewLevel
 *fill*         0x000000008002a164        0xc 
 .text          0x000000008002a170      0x5e4 build/src/main/main.o
                0x000000008002a170                setAudioData
                0x000000008002a1cc                calcFrame
                0x000000008002a364                stage00
                0x000000008002a3c8                stage01
                0x000000008002a410                InitScreenSystem
                0x000000008002a550                InitNewGame
                0x000000008002a65c                mainproc
 *fill*         0x000000008002a754        0xc 
 .text          0x000000008002a760     0x1080 build/src/main/math.o
                0x000000008002a760                sint
                0x000000008002a77c                cost
                0x000000008002a798                atant
                0x000000008002a818                atan2
                0x000000008002ad10                AffineToMtx
                0x000000008002ad4c                CreateModelMatrix
                0x000000008002ae94                CreateModelMatrixS
                0x000000008002b00c                CreateModelMatrixZ
                0x000000008002b158                ScalingMatrix
                0x000000008002b1d0                ScaleMatrixXYZFixed
                0x000000008002b284                TransformMatrix
                0x000000008002b510                GetDistance
                0x000000008002b550                GetDirection
                0x000000008002b58c                NormalizeVector
                0x000000008002b5f4                AlignZVector
                0x000000008002b654                AlignXVector
                0x000000008002b6b4                AlignYVector
                0x000000008002b724                Random
                0x000000008002b798                GetRNG
 .text          0x000000008002b7e0      0x1e0 build/src/main/memory.o
                0x000000008002b7e0                InitDMA
                0x000000008002b818                LoadDMA
                0x000000008002b8a4                SetSegment
                0x000000008002b8c8                GetRealAddress
                0x000000008002b8fc                StoreRSPSegments
                0x000000008002b94c                DecompressData
 .text          0x000000008002b9c0      0x9d8 build/src/main/pathfinding.o
                0x000000008002b9c0                UpdateTarget
                0x000000008002ba84                ResetNavArray
                0x000000008002badc                InitNavArray
                0x000000008002bb08                ResetNavPath
                0x000000008002bb3c                BuildNavMesh
                0x000000008002bd94                GetGCost
                0x000000008002be48                GetHCost
                0x000000008002bee8                GetLowestF
                0x000000008002bf54                CheckNodeList
                0x000000008002bf9c                CreateNavPath
                0x000000008002c03c                BStar
 *fill*         0x000000008002c398        0x8 
 .text          0x000000008002c3a0      0xff0 build/src/main/player.o
                0x000000008002c3a0                initPlayer
                0x000000008002c4f0                initCamera
                0x000000008002c5b4                initAllPlayers
                0x000000008002c6b0                DebugControl
                0x000000008002c6f8                UpdatePlayerControls
                0x000000008002cbe4                UpdateBotControls
                0x000000008002cff4                GetPlayerTargets
                0x000000008002d078                UpdatePlayerResponse
                0x000000008002d364                UpdateMenuControls
 .text          0x000000008002d390      0x3ac build/src/main/stage00.o
                0x000000008002d390                initStage00
                0x000000008002d398                makeDL00
                0x000000008002d5e4                updateGame00
                0x000000008002d650                shadetri
 *fill*         0x000000008002d73c        0x4 
 .text          0x000000008002d740      0x3bc build/src/main/stage01.o
                0x000000008002d740                initStage01
                0x000000008002d75c                makeDL01
                0x000000008002d9f8                updateGame01
 *fill*         0x000000008002dafc        0x4 
 .text          0x000000008002db00      0x708 build/src/main/weapon.o
                0x000000008002db00                InitWeaponClasses
                0x000000008002dbc8                initProjectiles
                0x000000008002dbec                FireBullet
                0x000000008002e14c                MoveProjectile
                0x000000008002e1a4                CheckProjectiles
 */libultra_d.a:*.o(.text)
 *fill*         0x000000008002e208        0x8 
 .text          0x000000008002e210      0x500 /usr/lib/n64/libultra_d.a(motor.o)
                0x000000008002e210                __osMotorAccess
                0x000000008002e4fc                osMotorInit
 .text          0x000000008002e710       0x34 /usr/lib/n64/libultra_d.a(afterprenmi.o)
                0x000000008002e710                osAfterPreNMI
 *fill*         0x000000008002e744        0xc 
 .text          0x000000008002e750      0x138 /usr/lib/n64/libultra_d.a(getmemsize.o)
                0x000000008002e750                osGetMemSize
 *fill*         0x000000008002e888        0x8 
 .text          0x000000008002e890      0x4a8 /usr/lib/n64/libultra_d.a(initialize.o)
                0x000000008002e890                __createSpeedParam
                0x000000008002e9b4                osInitialize
                0x000000008002ecd8                osInitialize_isv
 *fill*         0x000000008002ed38        0x8 
 .text          0x000000008002ed40      0x2e4 /usr/lib/n64/libultra_d.a(contramread.o)
                0x000000008002ed40                __osContRamRead
 *fill*         0x000000008002f024        0xc 
 .text          0x000000008002f030      0x8c8 /usr/lib/n64/libultra_d.a(pfsallocatefile.o)
                0x000000008002f030                osPfsAllocateFile
                0x000000008002f4e8                __osPfsDeclearPage
                0x000000008002f700                __osDumpInode
 *fill*         0x000000008002f8f8        0x8 
 .text          0x000000008002f900      0x3e0 /usr/lib/n64/libultra_d.a(pfsdeletefile.o)
                0x000000008002f900                osPfsDeleteFile
                0x000000008002fbfc                __osPfsReleasePages
 .text          0x000000008002fce0      0x2e4 /usr/lib/n64/libultra_d.a(pfsfilestate.o)
                0x000000008002fce0                osPfsFileState
 *fill*         0x000000008002ffc4        0xc 
 .text          0x000000008002ffd0      0x17c /usr/lib/n64/libultra_d.a(pfsfreeblocks.o)
                0x000000008002ffd0                osPfsFreeBlocks
 *fill*         0x000000008003014c        0x4 
 .text          0x0000000080030150      0x338 /usr/lib/n64/libultra_d.a(pfsgetstatus.o)
                0x0000000080030150                __osPfsGetStatus
                0x0000000080030288                __osPfsRequestOneChannel
                0x0000000080030384                __osPfsGetOneChannelData
 *fill*         0x0000000080030488        0x8 
 .text          0x0000000080030490      0x550 /usr/lib/n64/libultra_d.a(pfsinitpak.o)
                0x0000000080030490                osPfsInitPak
 .text          0x00000000800309e0      0x45c /usr/lib/n64/libultra_d.a(pfsisplug.o)
                0x00000000800309e0                osPfsIsPlug
                0x0000000080030bec                __osPfsRequestData
                0x0000000080030ce8                __osPfsGetInitData
 *fill*         0x0000000080030e3c        0x4 
 .text          0x0000000080030e40      0x1c0 /usr/lib/n64/libultra_d.a(pfsnumfiles.o)
                0x0000000080030e40                osPfsNumFiles
 .text          0x0000000080031000      0x70c /usr/lib/n64/libultra_d.a(pfsreadwritefile.o)
                0x0000000080031154                osPfsReadWriteFile
 *fill*         0x000000008003170c        0x4 
 .text          0x0000000080031710       0x8c /usr/lib/n64/libultra_d.a(pfsrepairid.o)
                0x0000000080031710                osPfsRepairId
 *fill*         0x000000008003179c        0x4 
 .text          0x00000000800317a0      0x29c /usr/lib/n64/libultra_d.a(pfssearchfile.o)
                0x00000000800317a0                osPfsFindFile
 *fill*         0x0000000080031a3c        0x4 
 .text          0x0000000080031a40       0xc4 /usr/lib/n64/libultra_d.a(pfsselectbank.o)
                0x0000000080031a40                __osPfsSelectBank
 *fill*         0x0000000080031b04        0xc 
 .text          0x0000000080031b10      0x264 /usr/lib/n64/libultra_d.a(cartrominit.o)
                0x0000000080031b10                osCartRomInit
 *fill*         0x0000000080031d74        0xc 
 .text          0x0000000080031d80      0x290 /usr/lib/n64/libultra_d.a(epidma.o)
                0x0000000080031d80                osEPiStartDma
 .text          0x0000000080032010      0x110 /usr/lib/n64/libultra_d.a(piacs.o)
                0x0000000080032010                __osPiCreateAccessQueue
                0x000000008003207c                __osPiGetAccess
                0x00000000800320dc                __osPiRelAccess
 .text          0x0000000080032120       0x48 /usr/lib/n64/libultra_d.a(pigetcmdq.o)
                0x0000000080032120                osPiGetCmdQueue
 *fill*         0x0000000080032168        0x8 
 .text          0x0000000080032170      0x380 /usr/lib/n64/libultra_d.a(pimgr.o)
                0x0000000080032170                osCreatePiManager
 .text          0x00000000800324f0      0x228 /usr/lib/n64/libultra_d.a(pirawdma.o)
                0x00000000800324f0                __osPiRawStartDma
 *fill*         0x0000000080032718        0x8 
 .text          0x0000000080032720      0x5d4 /usr/lib/n64/libultra_d.a(initialize_isv.o)
                0x0000000080032720                isPrintfInit
                0x0000000080032ac8                __checkHardware_isv
                0x0000000080032b5c                __osInitialize_isv
 *fill*         0x0000000080032cf4        0xc 
 .text          0x0000000080032d00      0x2d4 /usr/lib/n64/libultra_d.a(rotate.o)
                0x0000000080032d00                guRotateF
                0x0000000080032f60                guRotate
 *fill*         0x0000000080032fd4        0xc 
 .text          0x0000000080032fe0      0x218 /usr/lib/n64/libultra_d.a(createthread.o)
                0x0000000080032fe0                osCreateThread
 *fill*         0x00000000800331f8        0x8 
 .text          0x0000000080033200       0x44 /usr/lib/n64/libultra_d.a(getthreadpri.o)
                0x0000000080033200                osGetThreadPri
 *fill*         0x0000000080033244        0xc 
 .text          0x0000000080033250      0x15c /usr/lib/n64/libultra_d.a(setthreadpri.o)
                0x0000000080033250                osSetThreadPri
 *fill*         0x00000000800333ac        0x4 
 .text          0x00000000800333b0      0x1c0 /usr/lib/n64/libultra_d.a(startthread.o)
                0x00000000800333b0                osStartThread
 .text          0x0000000080033570       0xf4 /usr/lib/n64/libultra_d.a(stopthread.o)
                0x0000000080033570                osStopThread
 *fill*         0x0000000080033664        0xc 
 .text          0x0000000080033670       0x74 /usr/lib/n64/libultra_d.a(thread.o)
                0x0000000080033670                __osDequeueThread
 *fill*         0x00000000800336e4        0xc 
 .text          0x00000000800336f0       0x60 /usr/lib/n64/libultra_d.a(spsetpc.o)
                0x00000000800336f0                __osSpSetPc
 .text          0x0000000080033750      0x494 /usr/lib/n64/libultra_d.a(sptask.o)
                0x00000000800338f0                osSpTaskLoad
                0x0000000080033b94                osSpTaskStartGo
 *fill*         0x0000000080033be4        0xc 
 .text          0x0000000080033bf0       0x38 /usr/lib/n64/libultra_d.a(sptaskyield.o)
                0x0000000080033bf0                osSpTaskYield
 *fill*         0x0000000080033c28        0x8 
 .text          0x0000000080033c30       0x8c /usr/lib/n64/libultra_d.a(sptaskyielded.o)
                0x0000000080033c30                osSpTaskYielded
 *fill*         0x0000000080033cbc        0x4 
 .text          0x0000000080033cc0       0xd8 /usr/lib/n64/libultra_d.a(sprintf.o)
                0x0000000080033cc0                sprintf
 *fill*         0x0000000080033d98        0x8 
 .text          0x0000000080033da0      0x15c /usr/lib/n64/libultra_d.a(string.o)
                0x0000000080033da0                strchr
                0x0000000080033e18                strlen
                0x0000000080033e74                memcpy
 *fill*         0x0000000080033efc        0x4 
 .text          0x0000000080033f00      0x13c /usr/lib/n64/libultra_d.a(syncprintf.o)
                0x0000000080033f00                __osSyncVPrintf
                0x0000000080033f68                osSyncPrintf
                0x0000000080033fc0                rmonPrintf
 *fill*         0x000000008003403c        0x4 
 .text          0x0000000080034040     0x121c /usr/lib/n64/libultra_d.a(xprintf.o)
                0x0000000080034040                _Printf
 *fill*         0x000000008003525c        0x4 
 .text          0x0000000080035260       0xa4 /usr/lib/n64/libultra_d.a(createmesgqueue.o)
                0x0000000080035260                osCreateMesgQueue
 *fill*         0x0000000080035304        0xc 
 .text          0x0000000080035310      0x1a4 /usr/lib/n64/libultra_d.a(jammesg.o)
                0x0000000080035310                osJamMesg
 *fill*         0x00000000800354b4        0xc 
 .text          0x00000000800354c0      0x190 /usr/lib/n64/libultra_d.a(recvmesg.o)
                0x00000000800354c0                osRecvMesg
 .text          0x0000000080035650      0x194 /usr/lib/n64/libultra_d.a(sendmesg.o)
                0x0000000080035650                osSendMesg
 *fill*         0x00000000800357e4        0xc 
 .text          0x00000000800357f0      0x100 /usr/lib/n64/libultra_d.a(seteventmesg.o)
                0x00000000800357f0                osSetEventMesg
 .text          0x00000000800358f0      0x2f4 /usr/lib/n64/libultra_d.a(rdbsend.o)
                0x00000000800358f0                __osRdbSend
 *fill*         0x0000000080035be4        0xc 
 .text          0x0000000080035bf0       0xb0 /usr/lib/n64/libultra_d.a(virtualtophysical.o)
                0x0000000080035bf0                osVirtualToPhysical
 .text          0x0000000080035ca0       0xa4 /usr/lib/n64/libultra_d.a(viblack.o)
                0x0000000080035ca0                osViBlack
 *fill*         0x0000000080035d44        0xc 
 .text          0x0000000080035d50      0x168 /usr/lib/n64/libultra_d.a(vi.o)
                0x0000000080035d50                __osViInit
 *fill*         0x0000000080035eb8        0x8 
 .text          0x0000000080035ec0       0x80 /usr/lib/n64/libultra_d.a(vigetcurrframebuf.o)
                0x0000000080035ec0                osViGetCurrentFramebuffer
 .text          0x0000000080035f40       0x8c /usr/lib/n64/libultra_d.a(vigetmode.o)
                0x0000000080035f40                osViGetCurrentMode
 *fill*         0x0000000080035fcc        0x4 
 .text          0x0000000080035fd0       0x80 /usr/lib/n64/libultra_d.a(vigetnextframebuf.o)
                0x0000000080035fd0                osViGetNextFramebuffer
 .text          0x0000000080036050      0x468 /usr/lib/n64/libultra_d.a(vimgr.o)
                0x0000000080036050                osCreateViManager
 *fill*         0x00000000800364b8        0x8 
 .text          0x00000000800364c0       0xd0 /usr/lib/n64/libultra_d.a(visetevent.o)
                0x00000000800364c0                osViSetEvent
 .text          0x0000000080036590       0xd0 /usr/lib/n64/libultra_d.a(visetmode.o)
                0x0000000080036590                osViSetMode
 .text          0x0000000080036660      0x28c /usr/lib/n64/libultra_d.a(visetspecial.o)
                0x0000000080036660                osViSetSpecialFeatures
 *fill*         0x00000000800368ec        0x4 
 .text          0x00000000800368f0      0x128 /usr/lib/n64/libultra_d.a(visetyscale.o)
                0x00000000800368f0                osViSetYScale
 *fill*         0x0000000080036a18        0x8 
 .text          0x0000000080036a20       0xf0 /usr/lib/n64/libultra_d.a(viswapbuf.o)
                0x0000000080036a20                osViSwapBuffer
 .text          0x0000000080036b10      0x3bc /usr/lib/n64/libultra_d.a(viswapcontext.o)
                0x0000000080036b10                __osViSwapContext
 *fill*         0x0000000080036ecc        0x4 
 .text          0x0000000080036ed0        0x0 /usr/lib/n64/libultra_d.a(vitbl.o)
 .text          0x0000000080036ed0      0x654 /usr/lib/n64/libultra_d.a(timerintr.o)
                0x0000000080036ed0                __osTimerServicesInit
                0x0000000080036f7c                __osTimerInterrupt
                0x00000000800372a0                __osSetTimerIntr
                0x000000008003738c                __osInsertTimer
 *fill*         0x0000000080037524        0xc 
 .text          0x0000000080037530      0x264 /usr/lib/n64/libultra_d.a(crc.o)
                0x0000000080037530                __osContAddressCrc
                0x0000000080037648                __osContDataCrc
 *fill*         0x0000000080037794        0xc 
 .text          0x00000000800377a0      0x110 /usr/lib/n64/libultra_d.a(siacs.o)
                0x00000000800377a0                __osSiCreateAccessQueue
                0x000000008003780c                __osSiGetAccess
                0x000000008003786c                __osSiRelAccess
 .text          0x00000000800378b0      0x118 /usr/lib/n64/libultra_d.a(sirawdma.o)
                0x00000000800378b0                __osSiRawStartDma
 *fill*         0x00000000800379c8        0x8 
 .text          0x00000000800379d0       0xbc /usr/lib/n64/libultra_d.a(sirawread.o)
                0x00000000800379d0                __osSiRawReadIo
 *fill*         0x0000000080037a8c        0x4 
 .text          0x0000000080037a90       0x94 /usr/lib/n64/libultra_d.a(sirawwrite.o)
                0x0000000080037a90                __osSiRawWriteIo
 *fill*         0x0000000080037b24        0xc 
 .text          0x0000000080037b30      0x24c /usr/lib/n64/libultra_d.a(cosf.o)
                0x0000000080037b30                fcos
                0x0000000080037b30                cosf
                0x0000000080037b30                __cosf
 *fill*         0x0000000080037d7c        0x4 
 .text          0x0000000080037d80      0x4b4 /usr/lib/n64/libultra_d.a(lookat.o)
                0x0000000080037d80                guLookAtF
                0x0000000080038198                guLookAt
 *fill*         0x0000000080038234        0xc 
 .text          0x0000000080038240      0x414 /usr/lib/n64/libultra_d.a(mtxutil.o)
                0x0000000080038240                guMtxF2L
                0x00000000800383a8                guMtxL2F
                0x0000000080038524                guMtxIdentF
                0x0000000080038600                guMtxIdent
 *fill*         0x0000000080038654        0xc 
 .text          0x0000000080038660      0x294 /usr/lib/n64/libultra_d.a(ortho.o)
                0x0000000080038660                guOrthoF
                0x0000000080038868                guOrtho
 *fill*         0x00000000800388f4        0xc 
 .text          0x0000000080038900      0x320 /usr/lib/n64/libultra_d.a(perspective.o)
                0x0000000080038900                guPerspectiveF
                0x0000000080038b9c                guPerspective
 .text          0x0000000080038c20      0x2c0 /usr/lib/n64/libultra_d.a(sinf.o)
                0x0000000080038c20                fsin
                0x0000000080038c20                __sinf
                0x0000000080038c20                sinf
 .text          0x0000000080038ee0      0x5bc /usr/lib/n64/libultra_d.a(bnkf.o)
                0x0000000080038ee0                alSeqFileNew
                0x0000000080038f7c                alBnkfNew
 *fill*         0x000000008003949c        0x4 
 .text          0x00000000800394a0       0xb8 /usr/lib/n64/libultra_d.a(cents2ratio.o)
                0x00000000800394a0                alCents2Ratio
 *fill*         0x0000000080039558        0x8 
 .text          0x0000000080039560     0x13d8 /usr/lib/n64/libultra_d.a(cseq.o)
                0x0000000080039560                alCSeqNew
                0x0000000080039728                alCSeqNextEvent
                0x0000000080039914                __alCSeqNextDelta
                0x0000000080039f4c                alCSeqTicksToSec
                0x0000000080039ff8                alCSeqSecToTicks
                0x000000008003a0c4                alCSeqGetTicks
                0x000000008003a0f0                alCSeqNewMarker
                0x000000008003a2ac                alCSeqSetLoc
                0x000000008003a408                alCSeqGetLoc
 *fill*         0x000000008003a938        0x8 
 .text          0x000000008003a940      0xbc8 /usr/lib/n64/libultra_d.a(drvrNew.o)
                0x000000008003a940                _init_lpfilter
                0x000000008003aaa4                alFxNew
                0x000000008003b0b8                alEnvmixerNew
                0x000000008003b1f4                alLoadNew
                0x000000008003b2ec                alResampleNew
                0x000000008003b3b4                alAuxBusNew
                0x000000008003b42c                alMainBusNew
                0x000000008003b4a4                alSaveNew
 *fill*         0x000000008003b508        0x8 
 .text          0x000000008003b510     0x15d4 /usr/lib/n64/libultra_d.a(env.o)
                0x000000008003b510                alEnvmixerPull
                0x000000008003be60                alEnvmixerParam
                0x000000008003c544                _frexpf
                0x000000008003c6a4                _ldexpf
 *fill*         0x000000008003cae4        0xc 
 .text          0x000000008003caf0       0x70 /usr/lib/n64/libultra_d.a(filter.o)
                0x000000008003caf0                alFilterNew
 .text          0x000000008003cb60      0x16c /usr/lib/n64/libultra_d.a(heapalloc.o)
                0x000000008003cb60                alHeapDBAlloc
 *fill*         0x000000008003cccc        0x4 
 .text          0x000000008003ccd0       0xa0 /usr/lib/n64/libultra_d.a(heapinit.o)
                0x000000008003ccd0                alHeapInit
 .text          0x000000008003cd70     0x1430 /usr/lib/n64/libultra_d.a(load.o)
                0x000000008003cd70                alAdpcmPull
                0x000000008003d51c                alRaw16Pull
                0x000000008003dc08                alLoadParam
 .text          0x000000008003e1a0      0x254 /usr/lib/n64/libultra_d.a(mainbus.o)
                0x000000008003e1a0                alMainBusPull
                0x000000008003e36c                alMainBusParam
 *fill*         0x000000008003e3f4        0xc 
 .text          0x000000008003e400      0x4a8 /usr/lib/n64/libultra_d.a(resample.o)
                0x000000008003e400                alResamplePull
                0x000000008003e6e0                alResampleParam
 *fill*         0x000000008003e8a8        0x8 
 .text          0x000000008003e8b0     0x1418 /usr/lib/n64/libultra_d.a(reverb.o)
                0x000000008003e8b0                alFxPull
                0x000000008003ee74                alFxParam
                0x000000008003eec8                alFxParamHdl
                0x000000008003f24c                _loadOutputBuffer
                0x000000008003f564                _loadBuffer
                0x000000008003f818                _saveBuffer
                0x000000008003fa94                _filterBuffer
                0x000000008003fbcc                _doModFunc
 *fill*         0x000000008003fcc8        0x8 
 .text          0x000000008003fcd0      0x200 /usr/lib/n64/libultra_d.a(save.o)
                0x000000008003fcd0                alSavePull
                0x000000008003fe3c                alSaveParam
 .text          0x000000008003fed0      0xc0c /usr/lib/n64/libultra_d.a(seq.o)
                0x000000008003fed0                alSeqNew
                0x00000000800400a8                alSeqNextEvent
                0x0000000080040464                __alSeqNextDelta
                0x00000000800404fc                alSeqTicksToSec
                0x000000008004058c                alSeqSecToTicks
                0x0000000080040640                alSeqNewMarker
                0x00000000800407dc                alSeqGetTicks
                0x0000000080040808                alSeqSetLoc
                0x0000000080040864                alSeqGetLoc
 *fill*         0x0000000080040adc        0x4 
 .text          0x0000000080040ae0      0x1a4 /usr/lib/n64/libultra_d.a(sl.o)
                0x0000000080040ae0                alInit
                0x0000000080040b48                alClose
                0x0000000080040ba0                alLink
                0x0000000080040c14                alUnlink
 *fill*         0x0000000080040c84        0xc 
 .text          0x0000000080040c90       0x30 /usr/lib/n64/libultra_d.a(syndelete.o)
                0x0000000080040c90                alSynDelete
 .text          0x0000000080040cc0      0xaa0 /usr/lib/n64/libultra_d.a(synthesizer.o)
                0x0000000080040cc0                alSynNew
                0x0000000080041198                alAudioFrame
                0x0000000080041418                __allocParam
                0x0000000080041484                __freeParam
                0x00000000800414d4                _collectPVoices
                0x0000000080041554                _freePVoice
                0x0000000080041624                _timeToSamples
 .text          0x0000000080041760        0x0 /usr/lib/n64/libultra_d.a(vimodempallan1.o)
 .text          0x0000000080041760        0x0 /usr/lib/n64/libultra_d.a(vimodentsclan1.o)
 .text          0x0000000080041760        0x0 /usr/lib/n64/libultra_d.a(vimodepallan1.o)
 .text          0x0000000080041760       0x2c /usr/lib/n64/libultra_d.a(aigetlen.o)
                0x0000000080041760                osAiGetLength
 *fill*         0x000000008004178c        0x4 
 .text          0x0000000080041790       0x2c /usr/lib/n64/libultra_d.a(aigetstat.o)
                0x0000000080041790                osAiGetStatus
 *fill*         0x00000000800417bc        0x4 
 .text          0x00000000800417c0      0x278 /usr/lib/n64/libultra_d.a(aisetfreq.o)
                0x00000000800417c0                osAiSetFrequency
 *fill*         0x0000000080041a38        0x8 
 .text          0x0000000080041a40      0x134 /usr/lib/n64/libultra_d.a(aisetnextbuf.o)
                0x0000000080041a40                osAiSetNextBuffer
 *fill*         0x0000000080041b74        0xc 
 .text          0x0000000080041b80       0xf0 /usr/lib/n64/libultra_d.a(contquery.o)
                0x0000000080041b80                osContStartQuery
                0x0000000080041c2c                osContGetQuery
 .text          0x0000000080041c70      0x2d0 /usr/lib/n64/libultra_d.a(contreaddata.o)
                0x0000000080041c70                osContStartReadData
                0x0000000080041d20                osContGetReadData
 .text          0x0000000080041f40      0x474 /usr/lib/n64/libultra_d.a(controller.o)
                0x0000000080041f40                osContInit
                0x0000000080042130                __osContGetInitData
                0x0000000080042284                __osPackRequestData
 *fill*         0x00000000800423b4        0xc 
 .text          0x00000000800423c0       0x60 /usr/lib/n64/libultra_d.a(parameters.o)
 .text          0x0000000080042420       0x20 /usr/lib/n64/libultra_d.a(errorasm.o)
                0x0000000080042420                __osError
 .text          0x0000000080042440      0xf00 /usr/lib/n64/libultra_d.a(exceptasm.o)
                0x0000000080042440                __osExceptionPreamble
                0x0000000080042450                __ptExceptionPreamble
                0x0000000080042470                __ptException
                0x0000000080042514                __osException
                0x0000000080042f14                send_mesg
                0x0000000080042fd4                handle_CpU
                0x000000008004300c                __osEnqueueAndYield
                0x000000008004311c                __osEnqueueThread
                0x0000000080043168                __osPopThread
                0x000000008004317c                __osNop
                0x0000000080043184                __osDispatchThread
                0x0000000080043330                __osCleanupThread
 .text          0x0000000080043340       0x8c /usr/lib/n64/libultra_d.a(interrupt.o)
                0x0000000080043340                __osDisableInt
                0x00000000800433b0                __osRestoreInt
 *fill*         0x00000000800433cc        0x4 
 .text          0x00000000800433d0       0xa0 /usr/lib/n64/libultra_d.a(setintmask.o)
                0x00000000800433d0                osSetIntMask
 .text          0x0000000080043470      0x180 /usr/lib/n64/libultra_d.a(monutil.o)
                0x0000000080043470                __isExpJP
                0x000000008004348c                __isExp
                0x00000000800435d0                MonitorInitBreak
 .text          0x00000000800435f0       0x60 /usr/lib/n64/libultra_d.a(normalize.o)
                0x00000000800435f0                guNormalize
 .text          0x0000000080043650       0xc0 /usr/lib/n64/libultra_d.a(scale.o)
                0x0000000080043650                guScale
 .text          0x0000000080043710       0xe0 /usr/lib/n64/libultra_d.a(translate.o)
                0x0000000080043710                guTranslate
 .text          0x00000000800437f0       0x58 /usr/lib/n64/libultra_d.a(maptlbrdb.o)
                0x00000000800437f0                osMapTLBRdb
 *fill*         0x0000000080043848        0x8 
 .text          0x0000000080043850       0xb8 /usr/lib/n64/libultra_d.a(probetlb.o)
                0x0000000080043850                __osProbeTLB
 *fill*         0x0000000080043908        0x8 
 .text          0x0000000080043910       0x44 /usr/lib/n64/libultra_d.a(unmaptlball.o)
                0x0000000080043910                osUnmapTLBAll
 *fill*         0x0000000080043954        0xc 
 .text          0x0000000080043960        0xc /usr/lib/n64/libultra_d.a(getcause.o)
                0x0000000080043960                __osGetCause
 *fill*         0x000000008004396c        0x4 
 .text          0x0000000080043970        0xc /usr/lib/n64/libultra_d.a(getcount.o)
                0x0000000080043970                osGetCount
 *fill*         0x000000008004397c        0x4 
 .text          0x0000000080043980        0xc /usr/lib/n64/libultra_d.a(getsr.o)
                0x0000000080043980                __osGetSR
 *fill*         0x000000008004398c        0x4 
 .text          0x0000000080043990        0xc /usr/lib/n64/libultra_d.a(setcompare.o)
                0x0000000080043990                __osSetCompare
 *fill*         0x000000008004399c        0x4 
 .text          0x00000000800439a0       0x10 /usr/lib/n64/libultra_d.a(setfpccsr.o)
                0x00000000800439a0                __osSetFpcCsr
 .text          0x00000000800439b0       0x10 /usr/lib/n64/libultra_d.a(setsr.o)
                0x00000000800439b0                __osSetSR
 .text          0x00000000800439c0       0x10 /usr/lib/n64/libultra_d.a(setwatchlo.o)
                0x00000000800439c0                __osSetWatchLo
 .text          0x00000000800439d0      0x144 /usr/lib/n64/libultra_d.a(bcmp.o)
                0x00000000800439d0                bcmp
 *fill*         0x0000000080043b14        0xc 
 .text          0x0000000080043b20      0x358 /usr/lib/n64/libultra_d.a(bcopy.o)
                0x0000000080043b20                bcopy
 *fill*         0x0000000080043e78        0x8 
 .text          0x0000000080043e80       0xb8 /usr/lib/n64/libultra_d.a(bzero.o)
                0x0000000080043e80                bzero
 *fill*         0x0000000080043f38        0x8 
 .text          0x0000000080043f40        0x0 /usr/lib/n64/libultra_d.a(libm_vals.o)
 .text          0x0000000080043f40        0xc /usr/lib/n64/libultra_d.a(sqrtf.o)
                0x0000000080043f40                sqrtf
 *fill*         0x0000000080043f4c        0x4 
 .text          0x0000000080043f50       0xb0 /usr/lib/n64/libultra_d.a(invaldcache.o)
                0x0000000080043f50                osInvalDCache
 .text          0x0000000080044000       0x74 /usr/lib/n64/libultra_d.a(invalicache.o)
                0x0000000080044000                osInvalICache
 *fill*         0x0000000080044074        0xc 
 .text          0x0000000080044080       0x28 /usr/lib/n64/libultra_d.a(writebackdcacheall.o)
                0x0000000080044080                osWritebackDCacheAll
 *fill*         0x00000000800440a8        0x8 
 .text          0x00000000800440b0       0x74 /usr/lib/n64/libultra_d.a(writebackdcache.o)
                0x00000000800440b0                osWritebackDCache
 *fill*         0x0000000080044124        0xc 
 .text          0x0000000080044130     0x1450 /usr/lib/n64/libultra_d.a(contpfs.o)
                0x0000000080044130                __osSumcalc
                0x00000000800441b8                __osIdCheckSum
                0x0000000080044290                __osRepairPackId
                0x0000000080044838                __osCheckPackId
                0x0000000080044a54                __osGetId
                0x0000000080044d3c                __osCheckId
                0x0000000080044ea0                __osPfsRWInode
                0x00000000800453f4                __osDumpId
 .text          0x0000000080045580      0x310 /usr/lib/n64/libultra_d.a(contramwrite.o)
                0x0000000080045580                __osContRamWrite
 .text          0x0000000080045890      0xb4c /usr/lib/n64/libultra_d.a(pfschecker.o)
                0x0000000080045890                osPfsChecker
                0x0000000080045ff0                corrupted_init
                0x00000000800461f8                corrupted
 *fill*         0x00000000800463dc        0x4 
 .text          0x00000000800463e0       0xb8 /usr/lib/n64/libultra_d.a(commonerror.o)
 *fill*         0x0000000080046498        0x8 
 .text          0x00000000800464a0      0x628 /usr/lib/n64/libultra_d.a(devmgr.o)
                0x00000000800464a0                __osDevMgrMain
 *fill*         0x0000000080046ac8        0x8 
 .text          0x0000000080046ad0      0x448 /usr/lib/n64/libultra_d.a(epirawdma.o)
                0x0000000080046ad0                __osEPiRawStartDma
 *fill*         0x0000000080046f18        0x8 
 .text          0x0000000080046f20      0x2f4 /usr/lib/n64/libultra_d.a(epirawread.o)
                0x0000000080046f20                __osEPiRawReadIo
 *fill*         0x0000000080047214        0xc 
 .text          0x0000000080047220      0x2cc /usr/lib/n64/libultra_d.a(epirawwrite.o)
                0x0000000080047220                __osEPiRawWriteIo
 *fill*         0x00000000800474ec        0x4 
 .text          0x00000000800474f0       0x98 /usr/lib/n64/libultra_d.a(epiread.o)
                0x00000000800474f0                osEPiReadIo
 *fill*         0x0000000080047588        0x8 
 .text          0x0000000080047590       0x98 /usr/lib/n64/libultra_d.a(epiwrite.o)
                0x0000000080047590                osEPiWriteIo
 *fill*         0x0000000080047628        0x8 
 .text          0x0000000080047630       0x6c /usr/lib/n64/libultra_d.a(resetglobalintmask.o)
                0x0000000080047630                __osResetGlobalIntMask
 *fill*         0x000000008004769c        0x4 
 .text          0x00000000800476a0       0x60 /usr/lib/n64/libultra_d.a(setglobalintmask.o)
                0x00000000800476a0                __osSetGlobalIntMask
 .text          0x0000000080047700       0x5c /usr/lib/n64/libultra_d.a(assert.o)
                0x0000000080047700                __assert
 *fill*         0x000000008004775c        0x4 
 .text          0x0000000080047760      0x3e8 /usr/lib/n64/libultra_d.a(kdebugserver.o)
                0x0000000080047a10                kdebugserver
 *fill*         0x0000000080047b48        0x8 
 .text          0x0000000080047b50       0xd0 /usr/lib/n64/libultra_d.a(threadprofile.o)
                0x0000000080047b50                osThreadProfileCallback
 .text          0x0000000080047c20      0x138 /usr/lib/n64/libultra_d.a(destroythread.o)
                0x0000000080047c20                osDestroyThread
 *fill*         0x0000000080047d58        0x8 
 .text          0x0000000080047d60       0x6c /usr/lib/n64/libultra_d.a(yieldthread.o)
                0x0000000080047d60                osYieldThread
 *fill*         0x0000000080047dcc        0x4 
 .text          0x0000000080047dd0       0x50 /usr/lib/n64/libultra_d.a(sp.o)
                0x0000000080047dd0                __osSpDeviceBusy
 .text          0x0000000080047e20       0x2c /usr/lib/n64/libultra_d.a(spgetstat.o)
                0x0000000080047e20                __osSpGetStatus
 *fill*         0x0000000080047e4c        0x4 
 .text          0x0000000080047e50      0x144 /usr/lib/n64/libultra_d.a(sprawdma.o)
                0x0000000080047e50                __osSpRawStartDma
 *fill*         0x0000000080047f94        0xc 
 .text          0x0000000080047fa0       0x38 /usr/lib/n64/libultra_d.a(spsetstat.o)
                0x0000000080047fa0                __osSpSetStatus
 *fill*         0x0000000080047fd8        0x8 
 .text          0x0000000080047fe0     0x11d4 /usr/lib/n64/libultra_d.a(xldtob.o)
                0x0000000080047fe0                _Ldtob
 *fill*         0x00000000800491b4        0xc 
 .text          0x00000000800491c0      0x3ac /usr/lib/n64/libultra_d.a(xlitob.o)
                0x00000000800491c0                _Litob
 *fill*         0x000000008004956c        0x4 
 .text          0x0000000080049570       0xb4 /usr/lib/n64/libultra_d.a(initrdb.o)
                0x0000000080049570                osInitRdb
 *fill*         0x0000000080049624        0xc 
 .text          0x0000000080049630       0xf4 /usr/lib/n64/libultra_d.a(readhost.o)
                0x0000000080049630                osReadHost
 *fill*         0x0000000080049724        0xc 
 .text          0x0000000080049730       0x28 /usr/lib/n64/libultra_d.a(vigetcurrcontext.o)
                0x0000000080049730                __osViGetCurrentContext
 *fill*         0x0000000080049758        0x8 
 .text          0x0000000080049760       0xe4 /usr/lib/n64/libultra_d.a(gettime.o)
                0x0000000080049760                osGetTime
 *fill*         0x0000000080049844        0xc 
 .text          0x0000000080049850      0x224 /usr/lib/n64/libultra_d.a(settimer.o)
                0x0000000080049850                osSetTimer
 *fill*         0x0000000080049a74        0xc 
 .text          0x0000000080049a80       0x50 /usr/lib/n64/libultra_d.a(si.o)
                0x0000000080049a80                __osSiDeviceBusy
 .text          0x0000000080049ad0      0x1c4 /usr/lib/n64/libultra_d.a(auxbus.o)
                0x0000000080049ad0                alAuxBusPull
                0x0000000080049c0c                alAuxBusParam
 *fill*         0x0000000080049c94        0xc 
 .text          0x0000000080049ca0       0x90 /usr/lib/n64/libultra_d.a(copy.o)
                0x0000000080049ca0                alCopy
 .text          0x0000000080049d30      0x158 /usr/lib/n64/libultra_d.a(synallocfx.o)
                0x0000000080049d30                alSynAllocFX
 *fill*         0x0000000080049e88        0x8 
 .text          0x0000000080049e90       0x50 /usr/lib/n64/libultra_d.a(ai.o)
                0x0000000080049e90                __osAiDeviceBusy
 .text          0x0000000080049ee0      0x268 /usr/lib/n64/libultra_d.a(rmonsio.o)
                0x0000000080049ee0                __rmonSendFault
                0x0000000080049f74                __rmonIOflush
                0x0000000080049fe4                __rmonIOputw
                0x000000008004a074                __rmonIOhandler
 *fill*         0x000000008004a148        0x8 
 .text          0x000000008004a150        0x8 /usr/lib/n64/libultra_d.a(assertbreak.o)
                0x000000008004a150                __assertBreak
 *fill*         0x000000008004a158        0x8 
 .text          0x000000008004a160      0x214 /usr/lib/n64/libultra_d.a(ldiv.o)
                0x000000008004a160                ldiv
                0x000000008004a20c                lldiv
 *fill*         0x000000008004a374        0xc 
 .text          0x000000008004a380       0xe8 /usr/lib/n64/libultra_d.a(rmoncmds.o)
                0x000000008004a3a8                __rmonExecute
 *fill*         0x000000008004a468        0x8 
 .text          0x000000008004a470      0x458 /usr/lib/n64/libultra_d.a(rmonmain.o)
                0x000000008004a470                __rmonSendHeader
                0x000000008004a52c                __rmonSendReply
                0x000000008004a5f0                __rmonSendData
                0x000000008004a73c                rmonMain
 *fill*         0x000000008004a8c8        0x8 
 .text          0x000000008004a8d0      0xb0c /usr/lib/n64/libultra_d.a(rmonmem.o)
                0x000000008004a8d0                __rmonWriteWordTo
                0x000000008004a928                __rmonReadWordAt
                0x000000008004a9a4                __rmonMemcpy
                0x000000008004aa14                __rmonCopyWords
                0x000000008004aae4                __rmonReadMem
                0x000000008004ad24                __rmonWriteMem
                0x000000008004afac                __rmonListProcesses
                0x000000008004b040                __rmonLoadProgram
                0x000000008004b068                __rmonGetExeName
                0x000000008004b140                __rmonGetRegionCount
                0x000000008004b1d4                __rmonGetRegions
 *fill*         0x000000008004b3dc        0x4 
 .text          0x000000008004b3e0      0x1ec /usr/lib/n64/libultra_d.a(rmonmisc.o)
                0x000000008004b3e0                __rmonSetFault
                0x000000008004b44c                __rmonInit
                0x000000008004b558                __rmonPanic
                0x000000008004b570                __rmonSetComm
 *fill*         0x000000008004b5cc        0x4 
 .text          0x000000008004b5d0      0xf74 /usr/lib/n64/libultra_d.a(rmonregs.o)
                0x000000008004b970                __rmonGetGRegisters
                0x000000008004baec                __rmonSetGRegisters
                0x000000008004bc94                __rmonGetFRegisters
                0x000000008004bd78                __rmonSetFRegisters
                0x000000008004bee4                __rmonGetSRegs
                0x000000008004c080                __rmonSetSRegs
                0x000000008004c1ec                __rmonGetVRegs
                0x000000008004c338                __rmonSetVRegs
                0x000000008004c430                __rmonGetRegisterContents
 *fill*         0x000000008004c544        0xc 
 .text          0x000000008004c550      0xc48 /usr/lib/n64/libultra_d.a(rmontask.o)
                0x000000008004c550                __rmonMaskIdleThreadInts
                0x000000008004c5e4                __rmonGetTCB
                0x000000008004c670                __rmonStopUserThreads
                0x000000008004c794                __rmonListThreads
                0x000000008004c8e8                __rmonGetThreadStatus
                0x000000008004cc18                __rmonThreadStatus
                0x000000008004ccb8                __rmonStopThread
                0x000000008004ce64                __rmonRunThread
 *fill*         0x000000008004d198        0x8 
 .text          0x000000008004d1a0       0xa8 /usr/lib/n64/libultra_d.a(rmonrcp.o)
                0x000000008004d1a0                __rmonRCPrunning
                0x000000008004d1c4                __rmonIdleRCP
                0x000000008004d208                __rmonStepRCP
                0x000000008004d220                __rmonRunRCP
 *fill*         0x000000008004d248        0x8 
 .text          0x000000008004d250       0x28 /usr/lib/n64/libultra_d.a(getactivequeue.o)
                0x000000008004d250                __osGetActiveQueue
 *fill*         0x000000008004d278        0x8 
 .text          0x000000008004d280       0xbc /usr/lib/n64/libultra_d.a(sprawread.o)
                0x000000008004d280                __osSpRawReadIo
 *fill*         0x000000008004d33c        0x4 
 .text          0x000000008004d340       0x94 /usr/lib/n64/libultra_d.a(sprawwrite.o)
                0x000000008004d340                __osSpRawWriteIo
 *fill*         0x000000008004d3d4        0xc 
 .text          0x000000008004d3e0      0xe24 /usr/lib/n64/libultra_d.a(rmonbrk.o)
                0x000000008004d5fc                __rmonSetBreak
                0x000000008004d814                __rmonListBreak
                0x000000008004d83c                __rmonClearBreak
                0x000000008004d9ec                __rmonGetBranchTarget
                0x000000008004dd4c                __rmonSetSingleStep
                0x000000008004de4c                __rmonGetExceptionStatus
                0x000000008004dfc0                __rmonHitBreak
                0x000000008004e008                __rmonHitSpBreak
                0x000000008004e0a0                __rmonHitCpuFault
 build/src/buffers*.o(.text)
 *fill*         0x000000008004e204        0xc 
 .text          0x000000008004e210        0x0 build/src/buffers/compressionbuffer.o
 build/asm/compression.o(.text)
 .text          0x000000008004e210       0x98 build/asm/compression.o
                0x000000008004e210                slidec1
 build/asm/mathtables.o(.text)
 *fill*         0x000000008004e2a8        0x8 
 .text          0x000000008004e2b0        0x0 build/asm/mathtables.o
 */libultra_rom.a:*.o(.text)
 */libnusys.a:*.o(.text)
 .text          0x000000008004e2b0       0x74 /usr/lib/n64/nusys/libnusys.a(nucontdatagetex.o)
                0x000000008004e2b0                nuContDataGetEx
 *fill*         0x000000008004e324        0xc 
 .text          0x000000008004e330       0x3c /usr/lib/n64/nusys/libnusys.a(nucontinit.o)
                0x000000008004e330                nuContInit
 *fill*         0x000000008004e36c        0x4 
 .text          0x000000008004e370      0x2e0 /usr/lib/n64/nusys/libnusys.a(nucontmgr.o)
                0x000000008004e3c8                nuContMgrInit
                0x000000008004e484                nuContMgrRemove
                0x000000008004e490                nuContDataClose
                0x000000008004e4a4                nuContDataOpen
 .text          0x000000008004e650      0x1ec /usr/lib/n64/nusys/libnusys.a(nucontpakmgr.o)
                0x000000008004e824                nuContPakMgrInit
                0x000000008004e830                nuContPakMgrRemove
 *fill*         0x000000008004e83c        0x4 
 .text          0x000000008004e840        0xc /usr/lib/n64/nusys/libnusys.a(nucontqueryread.o)
                0x000000008004e840                nuContQueryRead
 *fill*         0x000000008004e84c        0x4 
 .text          0x000000008004e850      0x414 /usr/lib/n64/nusys/libnusys.a(nucontrmbmgr.o)
                0x000000008004ec20                nuContRmbMgrInit
                0x000000008004ec58                nuContRmbMgrRemove
 *fill*         0x000000008004ec64        0xc 
 .text          0x000000008004ec70       0x44 /usr/lib/n64/nusys/libnusys.a(nudebconcputs.o)
                0x000000008004ec70                nuDebConCPuts
 *fill*         0x000000008004ecb4        0xc 
 .text          0x000000008004ecc0      0x468 /usr/lib/n64/nusys/libnusys.a(nudebcondisp_ex2.o)
                0x000000008004ecc0                nuDebConDispEX2
 *fill*         0x000000008004f128        0x8 
 .text          0x000000008004f130       0x84 /usr/lib/n64/nusys/libnusys.a(nudebconputc.o)
                0x000000008004f130                nuDebConPutc
 *fill*         0x000000008004f1b4        0xc 
 .text          0x000000008004f1c0      0x1b0 /usr/lib/n64/nusys/libnusys.a(nudebconsole.o)
                0x000000008004f1c0                nuDebConRtn
                0x000000008004f268                nuDebConInc
                0x000000008004f2a0                nuDebConEsc
 .text          0x000000008004f370       0xa0 /usr/lib/n64/nusys/libnusys.a(nudebcontextpos.o)
                0x000000008004f370                nuDebConTextPos
 .text          0x000000008004f410        0x0 /usr/lib/n64/nusys/libnusys.a(nufont.o)
 .text          0x000000008004f410       0x10 /usr/lib/n64/nusys/libnusys.a(nugfxdisplayoff.o)
                0x000000008004f410                nuGfxDisplayOff
 .text          0x000000008004f420       0x10 /usr/lib/n64/nusys/libnusys.a(nugfxdisplayon.o)
                0x000000008004f420                nuGfxDisplayOn
 .text          0x000000008004f430       0x38 /usr/lib/n64/nusys/libnusys.a(nugfxfuncset.o)
                0x000000008004f430                nuGfxFuncSet
 *fill*         0x000000008004f468        0x8 
 .text          0x000000008004f470       0xb4 /usr/lib/n64/nusys/libnusys.a(nugfxinit_ex2.o)
                0x000000008004f470                nuGfxInitEX2
 *fill*         0x000000008004f524        0xc 
 .text          0x000000008004f530      0x104 /usr/lib/n64/nusys/libnusys.a(nugfxsetcfb.o)
                0x000000008004f530                nuGfxSetCfb
 *fill*         0x000000008004f634        0xc 
 .text          0x000000008004f640       0x14 /usr/lib/n64/nusys/libnusys.a(nugfxsetucodefifo.o)
                0x000000008004f640                nuGfxSetUcodeFifo
 *fill*         0x000000008004f654        0xc 
 .text          0x000000008004f660        0x8 /usr/lib/n64/nusys/libnusys.a(nugfxswapcfb.o)
                0x000000008004f660                nuGfxSwapCfb
 *fill*         0x000000008004f668        0x8 
 .text          0x000000008004f670       0x34 /usr/lib/n64/nusys/libnusys.a(nugfxswapcfbfuncset.o)
                0x000000008004f670                nuGfxSwapCfbFuncSet
 *fill*         0x000000008004f6a4        0xc 
 .text          0x000000008004f6b0       0x18 /usr/lib/n64/nusys/libnusys.a(nugfxtaskallendwait.o)
                0x000000008004f6b0                nuGfxTaskAllEndWait
 *fill*         0x000000008004f6c8        0x8 
 .text          0x000000008004f6d0      0x360 /usr/lib/n64/nusys/libnusys.a(nugfxtaskmgr.o)
                0x000000008004f6d0                nuGfxTaskMgr
                0x000000008004f7cc                nuGfxTaskMgrInit
                0x000000008004f8dc                nuGfxTaskStart
 .text          0x000000008004fa30      0x108 /usr/lib/n64/nusys/libnusys.a(nugfxthread.o)
                0x000000008004fae8                nuGfxThreadStart
 *fill*         0x000000008004fb38        0x8 
 .text          0x000000008004fb40       0x40 /usr/lib/n64/nusys/libnusys.a(nupiinit.o)
                0x000000008004fb40                nuPiInit
 .text          0x000000008004fb80       0xcc /usr/lib/n64/nusys/libnusys.a(nupireadrom.o)
                0x000000008004fb80                nuPiReadRom
 *fill*         0x000000008004fc4c        0x4 
 .text          0x000000008004fc50        0x0 /usr/lib/n64/nusys/libnusys.a(nurdpoutput.o)
 .text          0x000000008004fc50      0x808 /usr/lib/n64/nusys/libnusys.a(nusched.o)
                0x000000008004ff08                nuScCreateScheduler
                0x0000000080050144                nuScGetAudioMQ
                0x0000000080050150                nuScGetGfxMQ
                0x000000008005015c                nuScAddClient
                0x00000000800501f4                nuScResetClientMesgType
                0x0000000080050230                nuScRemoveClient
                0x0000000080050440                nuScSetFrameBufferNum
                0x000000008005044c                nuScGetFrameRate
 *fill*         0x0000000080050458        0x8 
 .text          0x0000000080050460       0xa4 /usr/lib/n64/nusys/libnusys.a(nusicallbackadd.o)
                0x0000000080050460                nuSiCallBackAdd
 *fill*         0x0000000080050504        0xc 
 .text          0x0000000080050510       0x7c /usr/lib/n64/nusys/libnusys.a(nusicallbackremove.o)
                0x0000000080050510                nuSiCallBackRemove
 *fill*         0x000000008005058c        0x4 
 .text          0x0000000080050590      0x268 /usr/lib/n64/nusys/libnusys.a(nusimgr.o)
                0x00000000800506ec                nuSiMgrInit
                0x000000008005077c                nuSiSendMesg
                0x00000000800507e0                nuSiMgrStop
                0x00000000800507ec                nuSiMgrRestart
 *fill*         0x00000000800507f8        0x8 
 .text          0x0000000080050800        0x0 /usr/lib/n64/nusys/libnusys.a(nuyieldbuf.o)
 .text          0x0000000080050800       0x54 /usr/lib/n64/nusys/libnusys.a(nucontdatalock.o)
                0x0000000080050800                nuContDataLock
                0x000000008005082c                nuContDataUnLock
 *fill*         0x0000000080050854        0xc 
 .text          0x0000000080050860        0x0 /usr/lib/n64/nusys/libnusys.a(nudebconbuf.o)
 .text          0x0000000080050860        0x0 /usr/lib/n64/nusys/libnusys.a(nudramstack.o)
 .text          0x0000000080050860       0x64 /usr/lib/n64/nusys/libnusys.a(nugfxretracewait.o)
                0x0000000080050860                nuGfxRetraceWait
 */libnualsgi_n.a:*.o(.text)
 *fill*         0x00000000800508c4        0xc 
 .text          0x00000000800508d0       0x7c /usr/lib/n64/nusys/libnualsgi_n.a(nuauinit.o)
                0x00000000800508d0                nuAuInit
 *fill*         0x000000008005094c        0x4 
 .text          0x0000000080050950      0x4dc /usr/lib/n64/nusys/libnualsgi_n.a(nuaumgr.o)
                0x0000000080050bf4                nuAuMgrInit
 *fill*         0x0000000080050e2c        0x4 
 .text          0x0000000080050e30       0x34 /usr/lib/n64/nusys/libnualsgi_n.a(nuaumgrfuncset.o)
                0x0000000080050e30                nuAuMgrFuncSet
 *fill*         0x0000000080050e64        0xc 
 .text          0x0000000080050e70        0x0 /usr/lib/n64/nusys/libnualsgi_n.a(nuaumgrparams.o)
 .text          0x0000000080050e70       0x34 /usr/lib/n64/nusys/libnualsgi_n.a(nuauprenmifuncset.o)
                0x0000000080050e70                nuAuPreNMIFuncSet
 *fill*         0x0000000080050ea4        0xc 
 .text          0x0000000080050eb0       0x58 /usr/lib/n64/nusys/libnualsgi_n.a(nuauprenmiproc.o)
                0x0000000080050eb0                nuAuPreNMIProc
 *fill*         0x0000000080050f08        0x8 
 .text          0x0000000080050f10       0xbc /usr/lib/n64/nusys/libnualsgi_n.a(nuauseqplayerbankset.o)
                0x0000000080050f10                nuAuSeqPlayerBankSet
 *fill*         0x0000000080050fcc        0x4 
 .text          0x0000000080050fd0       0xf4 /usr/lib/n64/nusys/libnualsgi_n.a(nuauseqplayercontrol.o)
                0x0000000080050fd0                nuAuSeqPlayerControl
 *fill*         0x00000000800510c4        0xc 
 .text          0x00000000800510d0       0x98 /usr/lib/n64/nusys/libnualsgi_n.a(nuauseqplayerfadeout.o)
                0x00000000800510d0                nuAuSeqPlayerFadeOut
 *fill*         0x0000000080051168        0x8 
 .text          0x0000000080051170       0x60 /usr/lib/n64/nusys/libnualsgi_n.a(nuauseqplayerinit.o)
                0x0000000080051170                nuAuSeqPlayerInit
 .text          0x00000000800511d0       0xa0 /usr/lib/n64/nusys/libnualsgi_n.a(nuauseqplayerplay.o)
                0x00000000800511d0                nuAuSeqPlayerPlay
 .text          0x0000000080051270       0x80 /usr/lib/n64/nusys/libnualsgi_n.a(nuauseqplayerseqset.o)
                0x0000000080051270                nuAuSeqPlayerSeqSet
 .text          0x00000000800512f0       0x5c /usr/lib/n64/nusys/libnualsgi_n.a(nuauseqplayersetno.o)
                0x00000000800512f0                nuAuSeqPlayerSetNo
 *fill*         0x000000008005134c        0x4 
 .text          0x0000000080051350       0xb0 /usr/lib/n64/nusys/libnualsgi_n.a(nuausndplayerbankset.o)
                0x0000000080051350                nuAuSndPlayerBankSet
 .text          0x0000000080051400       0x1c /usr/lib/n64/nusys/libnualsgi_n.a(nuausndplayerinit.o)
                0x0000000080051400                nuAuSndPlayerInit
 *fill*         0x000000008005141c        0x4 
 .text          0x0000000080051420        0x0 /usr/lib/n64/nusys/libnualsgi_n.a(nuauconfig.o)
 .text          0x0000000080051420      0x3ac /usr/lib/n64/nusys/libnualsgi_n.a(nuaudma.o)
                0x0000000080051420                nuAuDmaCallBack
                0x00000000800515bc                nuAuDmaNew
                0x0000000080051728                nuAuCleanDMABuffers
 *fill*         0x00000000800517cc        0x4 
 .text          0x00000000800517d0       0x78 /usr/lib/n64/nusys/libnualsgi_n.a(nuauheap.o)
                0x00000000800517d0                nuAuHeapInit
                0x00000000800517d8                nuAuHeapAlloc
                0x0000000080051808                nuAuHeapGetUsed
                0x0000000080051820                nuAuHeapGetFree
 */libn_audio.a:*.o(.text)
 *fill*         0x0000000080051848        0x8 
 .text          0x0000000080051850        0x8 /usr/lib/n64/libn_audio.a(n_cspgetstate.o)
                0x0000000080051850                n_alCSPGetState
 *fill*         0x0000000080051858        0x8 
 .text          0x0000000080051860        0x8 /usr/lib/n64/libn_audio.a(n_cspgetvol.o)
                0x0000000080051860                n_alCSPGetVol
 *fill*         0x0000000080051868        0x8 
 .text          0x0000000080051870     0x1034 /usr/lib/n64/libn_audio.a(n_csplayer.o)
                0x00000000800521fc                n_alCSPNew
                0x0000000080052358                __n_CSPPostNextSeqEvent
 *fill*         0x00000000800528a4        0xc 
 .text          0x00000000800528b0       0x2c /usr/lib/n64/libn_audio.a(n_cspplay.o)
                0x00000000800528b0                n_alCSPPlay
 *fill*         0x00000000800528dc        0x4 
 .text          0x00000000800528e0       0x30 /usr/lib/n64/libn_audio.a(n_cspsetbank.o)
                0x00000000800528e0                n_alCSPSetBank
 .text          0x0000000080052910       0x30 /usr/lib/n64/libn_audio.a(n_cspsetseq.o)
                0x0000000080052910                n_alCSPSetSeq
 .text          0x0000000080052940       0x30 /usr/lib/n64/libn_audio.a(n_cspsetvol.o)
                0x0000000080052940                n_alCSPSetVol
 .text          0x0000000080052970       0x2c /usr/lib/n64/libn_audio.a(n_cspstop.o)
                0x0000000080052970                n_alCSPStop
 *fill*         0x000000008005299c        0x4 
 .text          0x00000000800529a0      0x558 /usr/lib/n64/libn_audio.a(n_csq.o)
                0x0000000080052aa8                n_alCSeqNew
                0x0000000080052b80                n_alCSeqNextEvent
                0x0000000080052e30                n_alCSeqNewMarker
 *fill*         0x0000000080052ef8        0x8 
 .text          0x0000000080052f00      0x2a0 /usr/lib/n64/libn_audio.a(n_event.o)
                0x0000000080052f00                n_alEvtqNew
                0x0000000080052f78                n_alEvtqNextEvent
                0x000000008005300c                n_alEvtqPostEvent
                0x00000000800530e4                n_alEvtqFlushType
 .text          0x00000000800531a0     0x1510 /usr/lib/n64/libn_audio.a(n_seqplayer.o)
                0x000000008005320c                __n_unmapVoice
                0x0000000080053260                __n_seqpReleaseVoice
                0x00000000800533a4                __n_voiceNeedsNoteKill
                0x0000000080053440                __n_mapVoice
                0x000000008005348c                __n_lookupVoice
                0x00000000800534d4                __n_lookupSoundQuick
                0x0000000080053568                __n_vsVol
                0x00000000800535e8                __n_vsDelta
                0x0000000080053600                __n_vsPan
                0x0000000080053640                __n_resetPerfChanState
                0x0000000080053670                __n_initChanState
                0x00000000800536cc                n_alSeqpNew
                0x0000000080053834                __n_setInstChanState
                0x0000000080053fac                __n_initFromBank
                0x0000000080054028                __n_seqpStopOsc
                0x000000008005411c                __n_postNextSeqEvent
 .text          0x00000000800546b0       0x78 /usr/lib/n64/libn_audio.a(n_sl.o)
                0x00000000800546b0                n_alInit
                0x00000000800546ec                n_alClose
 *fill*         0x0000000080054728        0x8 
 .text          0x0000000080054730      0x6f0 /usr/lib/n64/libn_audio.a(n_sndplayer.o)
                0x0000000080054d0c                n_alSndpNew
 .text          0x0000000080054e20      0x104 /usr/lib/n64/libn_audio.a(n_synaddplayer.o)
                0x0000000080054e20                n_alSynAddPlayer
                0x0000000080054e68                n_alSynAddSndPlayer
                0x0000000080054ebc                n_alSynAddSeqPlayer
 *fill*         0x0000000080054f24        0xc 
 .text          0x0000000080054f30      0x16c /usr/lib/n64/libn_audio.a(n_synallocvoice.o)
                0x0000000080054f30                n_alSynAllocVoice
 *fill*         0x000000008005509c        0x4 
 .text          0x00000000800550a0       0x1c /usr/lib/n64/libn_audio.a(n_syndelete.o)
                0x00000000800550a0                n_alSynDelete
 *fill*         0x00000000800550bc        0x4 
 .text          0x00000000800550c0       0x84 /usr/lib/n64/libn_audio.a(n_synfreevoice.o)
                0x00000000800550c0                n_alSynFreeVoice
 *fill*         0x0000000080055144        0xc 
 .text          0x0000000080055150       0xa4 /usr/lib/n64/libn_audio.a(n_synsetfxmix.o)
                0x0000000080055150                n_alSynSetFXMix
 *fill*         0x00000000800551f4        0xc 
 .text          0x0000000080055200       0x90 /usr/lib/n64/libn_audio.a(n_synsetpan.o)
                0x0000000080055200                n_alSynSetPan
 .text          0x0000000080055290       0x90 /usr/lib/n64/libn_audio.a(n_synsetpitch.o)
                0x0000000080055290                n_alSynSetPitch
 .text          0x0000000080055320        0x8 /usr/lib/n64/libn_audio.a(n_synsetpriority.o)
                0x0000000080055320                n_alSynSetPriority
 *fill*         0x0000000080055328        0x8 
 .text          0x0000000080055330       0xc0 /usr/lib/n64/libn_audio.a(n_synsetvol.o)
                0x0000000080055330                n_alSynSetVol
 .text          0x00000000800553f0       0x98 /usr/lib/n64/libn_audio.a(n_synstartvoice.o)
                0x00000000800553f0                n_alSynStartVoice
 *fill*         0x0000000080055488        0x8 
 .text          0x0000000080055490      0x11c /usr/lib/n64/libn_audio.a(n_synstartvoiceparam.o)
                0x0000000080055490                n_alSynStartVoiceParams
 *fill*         0x00000000800555ac        0x4 
 .text          0x00000000800555b0       0x7c /usr/lib/n64/libn_audio.a(n_synstopvoice.o)
                0x00000000800555b0                n_alSynStopVoice
 *fill*         0x000000008005562c        0x4 
 .text          0x0000000080055630      0x580 /usr/lib/n64/libn_audio.a(n_synthesizer.o)
                0x00000000800556c8                n_alSynNew
                0x0000000080055908                __n_allocParam
                0x0000000080055930                _n_freeParam
                0x0000000080055948                _n_collectPVoices
                0x000000008005599c                n_alAudioFrame
                0x0000000080055b28                _n_freePVoice
                0x0000000080055b5c                _n_timeToSamples
 .text          0x0000000080055bb0       0x90 /usr/lib/n64/libn_audio.a(n_auxbus.o)
                0x0000000080055bb0                n_alAuxBusPull
 .text          0x0000000080055c40      0x4e0 /usr/lib/n64/libn_audio.a(n_drvrNew.o)
                0x0000000080055c40                n_alFxNew
                0x0000000080056000                alN_PVoiceNew
 .text          0x0000000080056120      0x898 /usr/lib/n64/libn_audio.a(n_env.o)
                0x00000000800563fc                n_alEnvmixerParam
                0x000000008005648c                n_alEnvmixerPull
 *fill*         0x00000000800569b8        0x8 
 .text          0x00000000800569c0      0x638 /usr/lib/n64/libn_audio.a(n_load.o)
                0x0000000080056af0                n_alAdpcmPull
                0x0000000080056eb8                n_alLoadParam
 *fill*         0x0000000080056ff8        0x8 
 .text          0x0000000080057000      0x1a8 /usr/lib/n64/libn_audio.a(n_resample.o)
                0x0000000080057000                n_alResamplePull
                0x0000000080057188                n_alResampleParam
 *fill*         0x00000000800571a8        0x8 
 .text          0x00000000800571b0      0x8c0 /usr/lib/n64/libn_audio.a(n_reverb.o)
                0x00000000800571b0                n_alFxParamHdl
                0x0000000080057300                _n_loadBuffer
                0x0000000080057438                _n_loadOutputBuffer
                0x0000000080057608                _n_saveBuffer
                0x0000000080057728                _n_filterBuffer
                0x00000000800577cc                n_alFxPull
 .text          0x0000000080057a70       0x40 /usr/lib/n64/libn_audio.a(n_save.o)
                0x0000000080057a70                n_alSavePull
 .text          0x0000000080057ab0      0x22c /usr/lib/n64/libn_audio.a(n_seq.o)
                0x0000000080057ab0                n_alSeqNextEvent
                0x0000000080057c2c                n_alSeqNewMarker
 *fill*         0x0000000080057cdc        0x4 
 .text          0x0000000080057ce0       0x5c /usr/lib/n64/libn_audio.a(n_synallocfx.o)
                0x0000000080057ce0                n_alSynAllocFX
 *fill*         0x0000000080057d3c        0x4 
 .text          0x0000000080057d40       0x6c /usr/lib/n64/libn_audio.a(n_mainbus.o)
                0x0000000080057d40                n_alMainBusPull
 */libgcc.a:*.o(.text)
 *fill*         0x0000000080057dac        0x4 
 .text          0x0000000080057db0      0x508 /opt/crashsdk/lib/gcc/mips64-elf/12.2.0/libgcc.a(_divdi3.o)
                0x0000000080057db0                __divdi3
 *fill*         0x00000000800582b8        0x8 
 .text          0x00000000800582c0      0x4b4 /opt/crashsdk/lib/gcc/mips64-elf/12.2.0/libgcc.a(_udivdi3.o)
                0x00000000800582c0                __udivdi3
 *fill*         0x0000000080058774        0xc 
 .text          0x0000000080058780      0x4c8 /opt/crashsdk/lib/gcc/mips64-elf/12.2.0/libgcc.a(_umoddi3.o)
                0x0000000080058780                __umoddi3
 *fill*         0x0000000080058c48        0x8 
 .text          0x0000000080058c50        0x0 /opt/crashsdk/lib/gcc/mips64-elf/12.2.0/libgcc.a(_clz.o)
 /usr/lib/n64/PR/rspboot.o(.text)
 .text          0x0000000080058c50       0xd0 /usr/lib/n64/PR/rspboot.o
                0x0000000080058c50                rspbootTextStart
                0x0000000080058d20                rspbootTextEnd
 /usr/lib/n64/PR/aspMain.o(.text)
 .text          0x0000000080058d20      0xe20 /usr/lib/n64/PR/aspMain.o
                0x0000000080058d20                aspMainTextStart
                0x0000000080059b40                aspMainTextEnd
 /usr/lib/n64/PR/n_aspMain.o(.text)
 .text          0x0000000080059b40      0xc60 /usr/lib/n64/PR/n_aspMain.o
                0x0000000080059b40                n_aspMainTextStart
                0x000000008005a7a0                n_aspMainTextEnd
 /usr/lib/n64/PR/gspF3DEX2.fifo.o(.text)
 .text          0x000000008005a7a0     0x1390 /usr/lib/n64/PR/gspF3DEX2.fifo.o
                0x000000008005a7a0                gspF3DEX2_fifoTextStart
                0x000000008005bb30                gspF3DEX2_fifoTextEnd
 /usr/lib/n64/PR/gspL3DEX2.fifo.o(.text)
 .text          0x000000008005bb30     0x1190 /usr/lib/n64/PR/gspL3DEX2.fifo.o
                0x000000008005bb30                gspL3DEX2_fifoTextStart
                0x000000008005ccc0                gspL3DEX2_fifoTextEnd
 /usr/lib/n64/PR/gspF3DEX2.Rej.fifo.o(.text)
 .text          0x000000008005ccc0     0x1190 /usr/lib/n64/PR/gspF3DEX2.Rej.fifo.o
                0x000000008005ccc0                gspF3DEX2_Rej_fifoTextStart
                0x000000008005de50                gspF3DEX2_Rej_fifoTextEnd
 /usr/lib/n64/PR/gspF3DEX2.NoN.fifo.o(.text)
 .text          0x000000008005de50     0x1390 /usr/lib/n64/PR/gspF3DEX2.NoN.fifo.o
                0x000000008005de50                gspF3DEX2_NoN_fifoTextStart
                0x000000008005f1e0                gspF3DEX2_NoN_fifoTextEnd
 /usr/lib/n64/PR/gspF3DLX2.Rej.fifo.o(.text)
 .text          0x000000008005f1e0     0x1190 /usr/lib/n64/PR/gspF3DLX2.Rej.fifo.o
                0x000000008005f1e0                gspF3DLX2_Rej_fifoTextStart
                0x0000000080060370                gspF3DLX2_Rej_fifoTextEnd
 /usr/lib/n64/PR/gspS2DEX2.fifo.o(.text)
 .text          0x0000000080060370     0x18c0 /usr/lib/n64/PR/gspS2DEX2.fifo.o
                0x0000000080060370                gspS2DEX2_fifoTextStart
                0x0000000080061c30                gspS2DEX2_fifoTextEnd
 /usr/lib/n64/nusys/nusys_isv.o(.data*)
 .data          0x0000000080061c30        0x0 /usr/lib/n64/nusys/nusys_isv.o
 build/src/main*.o(.data*)
 .data          0x0000000080061c30     0x3f70 build/src/main/assets/models/AssaultRifle.o
                0x0000000080061c30                Draw_Object007_M
                0x0000000080062260                Draw_CyborgFP_Elbow_AR
                0x0000000080062450                Draw_ar_T
                0x00000000800624e0                Object007_V
                0x0000000080064210                CyborgFP_Elbow_VAR
                0x0000000080064ba0                ar_T
 .data          0x0000000080065ba0      0x1d0 build/src/main/assets/models/DebugCylinder.o
                0x0000000080065ba0                Draw_HitBox_M
                0x0000000080065c30                HitBox_V
 .data          0x0000000080065d70     0x3d40 build/src/main/assets/models/FPHands.o
                0x0000000080065d70                Draw_humanpistol_M
                0x0000000080066168                Draw_CyborgFP_Elbow_M
                0x0000000080066350                Draw_hiraw_T
                0x00000000800663e0                Draw_CyborgFP_T
                0x00000000800664a0                humanpistol_V
                0x0000000080067910                CyborgFP_Elbow_V
                0x0000000080068270                hiraw_T
                0x0000000080069270                CyborgFP_PAL
                0x00000000800692b0                CyborgFP_T
 .data          0x0000000080069ab0     0x5950 build/src/main/assets/models/cyborgwalk.o
                0x0000000080069ab0                Draw_CyborgTorso_M
                0x0000000080069ea8                Draw_CyborgRightThigh_M
                0x0000000080069fa0                Draw_CyborgRightHand_M
                0x000000008006a118                Draw_CyborgRightFoot_M
                0x000000008006a248                Draw_CyborgRightArm_M
                0x000000008006a388                Draw_CyborgLeftThigh_M
                0x000000008006a480                Draw_CyborgLeftHand_M
                0x000000008006a5f0                Draw_CyborgLeftFoot_M
                0x000000008006a720                Draw_CyborgLeftArm_M
                0x000000008006a860                Draw_CyborgLimbs_T
                0x000000008006a920                CyborgTorso_V
                0x000000008006bb90                CyborgRightThigh_V
                0x000000008006c0a0                CyborgRightHand_V
                0x000000008006c740                CyborgRightFoot_V
                0x000000008006cdf0                CyborgRightArm_V
                0x000000008006d3b0                CyborgLeftThigh_V
                0x000000008006d8c0                CyborgLeftHand_V
                0x000000008006dfa0                CyborgLeftFoot_V
                0x000000008006e630                CyborgLeftArm_V
                0x000000008006ebe0                CyborgLimbs_PAL
                0x000000008006ec00                CyborgLimbs_T
 .data          0x000000008006f400     0x2034 build/src/main/assets/models/cyborgwalk_Anime.o
                0x000000008006f400                CyborgHolster
                0x000000008006f408                BodyBone_Bone
                0x000000008006f420                BodyBone_ChildList
                0x000000008006f430                RightLegBone_Bone
                0x000000008006f448                RightLegBone_ChildList
                0x000000008006f44c                RightFootBone_Bone
                0x000000008006f464                RightArmBone_Bone
                0x000000008006f47c                RightArmBone_ChildList
                0x000000008006f480                RightHandBone_Bone
                0x000000008006f498                RightHandBone_ChildList
                0x000000008006f49c                RightPalm_Bone
                0x000000008006f4b4                LeftLegBone_Bone
                0x000000008006f4cc                LeftLegBone_ChildList
                0x000000008006f4d0                LeftFootBone_Bone
                0x000000008006f4e8                LeftArmBone_Bone
                0x000000008006f500                LeftArmBone_ChildList
                0x000000008006f504                LeftHandBone_Bone
                0x000000008006f51c                LeftHandBone_ChildList
                0x000000008006f520                LeftPalm_Bone
                0x000000008006f538                BodyBone_NodeList
                0x000000008006f544                BodyBone_CyborgTP_Node
                0x000000008006f550                BodyBone_CyborgTP_MeshList
                0x000000008006f554                RightLegBone_NodeList
                0x000000008006f560                RightLegBone_CyborgLimbs_Node
                0x000000008006f56c                RightLegBone_CyborgLimbs_MeshList
                0x000000008006f570                RightFootBone_NodeList
                0x000000008006f57c                RightFootBone_CyborgLimbs_Node
                0x000000008006f588                RightFootBone_CyborgLimbs_MeshList
                0x000000008006f58c                RightArmBone_NodeList
                0x000000008006f598                RightArmBone_CyborgLimbs_Node
                0x000000008006f5a4                RightArmBone_CyborgLimbs_MeshList
                0x000000008006f5a8                RightHandBone_NodeList
                0x000000008006f5b4                RightHandBone_CyborgLimbs_Node
                0x000000008006f5c0                RightHandBone_CyborgLimbs_MeshList
                0x000000008006f5c4                RightPalm_NodeList
                0x000000008006f5d0                LeftLegBone_NodeList
                0x000000008006f5dc                LeftLegBone_CyborgLimbs_Node
                0x000000008006f5e8                LeftLegBone_CyborgLimbs_MeshList
                0x000000008006f5ec                LeftFootBone_NodeList
                0x000000008006f5f8                LeftFootBone_CyborgLimbs_Node
                0x000000008006f604                LeftFootBone_CyborgLimbs_MeshList
                0x000000008006f608                LeftArmBone_NodeList
                0x000000008006f614                LeftArmBone_CyborgLimbs_Node
                0x000000008006f620                LeftArmBone_CyborgLimbs_MeshList
                0x000000008006f624                LeftHandBone_NodeList
                0x000000008006f630                LeftHandBone_CyborgLimbs_Node
                0x000000008006f63c                LeftHandBone_CyborgLimbs_MeshList
                0x000000008006f640                LeftPalm_NodeList
                0x000000008006f64c                BodyBone_Anime
                0x000000008006f658                BodyBone_ScaleData
                0x000000008006f73c                BodyBone_AngleData
                0x000000008006f820                BodyBone_PositionData
                0x000000008006f904                RightLegBone_Anime
                0x000000008006f910                RightLegBone_ScaleData
                0x000000008006f9f4                RightLegBone_AngleData
                0x000000008006fad8                RightLegBone_PositionData
                0x000000008006fbbc                RightFootBone_Anime
                0x000000008006fbc8                RightFootBone_ScaleData
                0x000000008006fcac                RightFootBone_AngleData
                0x000000008006fd90                RightFootBone_PositionData
                0x000000008006fe74                RightArmBone_Anime
                0x000000008006fe80                RightArmBone_ScaleData
                0x000000008006ff64                RightArmBone_AngleData
                0x0000000080070048                RightArmBone_PositionData
                0x000000008007012c                RightHandBone_Anime
                0x0000000080070138                RightHandBone_ScaleData
                0x000000008007021c                RightHandBone_AngleData
                0x0000000080070300                RightHandBone_PositionData
                0x00000000800703e4                RightPalm_Anime
                0x00000000800703f0                RightPalm_ScaleData
                0x00000000800704d4                RightPalm_AngleData
                0x00000000800705b8                RightPalm_PositionData
                0x000000008007069c                LeftLegBone_Anime
                0x00000000800706a8                LeftLegBone_ScaleData
                0x000000008007078c                LeftLegBone_AngleData
                0x0000000080070870                LeftLegBone_PositionData
                0x0000000080070954                LeftFootBone_Anime
                0x0000000080070960                LeftFootBone_ScaleData
                0x0000000080070a44                LeftFootBone_AngleData
                0x0000000080070b28                LeftFootBone_PositionData
                0x0000000080070c0c                LeftArmBone_Anime
                0x0000000080070c18                LeftArmBone_ScaleData
                0x0000000080070cfc                LeftArmBone_AngleData
                0x0000000080070de0                LeftArmBone_PositionData
                0x0000000080070ec4                LeftHandBone_Anime
                0x0000000080070ed0                LeftHandBone_ScaleData
                0x0000000080070fb4                LeftHandBone_AngleData
                0x0000000080071098                LeftHandBone_PositionData
                0x000000008007117c                LeftPalm_Anime
                0x0000000080071188                LeftPalm_ScaleData
                0x000000008007126c                LeftPalm_AngleData
                0x0000000080071350                LeftPalm_PositionData
 *fill*         0x0000000080071434        0xc 
 .data          0x0000000080071440      0xa50 build/src/main/FPGraphics.o
                0x0000000080071440                Draw_CyborgTP_T
                0x0000000080071500                CyborgTP_PAL
                0x0000000080071520                CyborgTP_T
                0x0000000080071d20                AssaultRifleReticleGFX
                0x0000000080071dd8                PistolReticleGFX
 .data          0x0000000080071e90        0x0 build/src/main/HUD.o
 .data          0x0000000080071e90        0x0 build/src/main/animations.o
 .data          0x0000000080071e90        0x0 build/src/main/collision.o
 .data          0x0000000080071e90       0x58 build/src/main/gfxinit.o
                0x0000000080071e90                setup_rspstate
                0x0000000080071eb8                setup_rdpstate
 *fill*         0x0000000080071ee8        0x8 
 .data          0x0000000080071ef0       0x6c build/src/main/graphic.o
                0x0000000080071ef0                ViewportArray
                0x0000000080071f40                EndDL
                0x0000000080071f48                END_DL
 *fill*         0x0000000080071f5c        0x4 
 .data          0x0000000080071f60       0x50 build/src/main/levels.o
                0x0000000080071f60                SurfaceCount
                0x0000000080071f68                TableGrid
                0x0000000080071f70                TableSurface
                0x0000000080071f78                TableAddress
                0x0000000080071f80                Segment6Ends
                0x0000000080071f88                Segment5Ends
                0x0000000080071f90                Segment4Ends
                0x0000000080071f98                Segment6Start
                0x0000000080071fa0                Segment5Start
                0x0000000080071fa8                Segment4Start
 .data          0x0000000080071fb0        0x4 build/src/main/main.o
                0x0000000080071fb0                pendflag
 *fill*         0x0000000080071fb4        0xc 
 .data          0x0000000080071fc0        0x0 build/src/main/math.o
 .data          0x0000000080071fc0        0x8 build/src/main/memory.o
                0x0000000080071fc0                FreeSpaceAddress
                0x0000000080071fc4                MemorySize
 *fill*         0x0000000080071fc8        0x8 
 .data          0x0000000080071fd0        0x0 build/src/main/pathfinding.o
 .data          0x0000000080071fd0       0x30 build/src/main/player.o
                0x0000000080071fd0                Spawn
                0x0000000080071fe8                LookDirection
                0x0000000080071ff4                UpDirection
 .data          0x0000000080072000       0x40 build/src/main/stage00.o
 .data          0x0000000080072040        0x4 build/src/main/stage01.o
 *fill*         0x0000000080072044        0xc 
 .data          0x0000000080072050      0x118 build/src/main/weapon.o
                0x0000000080072050                logo_bulletbox
 */libultra_d.a:*.o(.data*)
 *fill*         0x0000000080072168        0x8 
 .data          0x0000000080072170        0x0 /usr/lib/n64/libultra_d.a(motor.o)
 .data          0x0000000080072170        0x0 /usr/lib/n64/libultra_d.a(afterprenmi.o)
 .data          0x0000000080072170        0x0 /usr/lib/n64/libultra_d.a(getmemsize.o)
 .data          0x0000000080072170       0x10 /usr/lib/n64/libultra_d.a(initialize.o)
                0x0000000080072170                osClockRate
                0x0000000080072178                osViClock
                0x000000008007217c                __OSGlobalIntMask
 .data          0x0000000080072180        0x4 /usr/lib/n64/libultra_d.a(contramread.o)
                0x0000000080072180                __osPfsLastChannel
 *fill*         0x0000000080072184        0xc 
 .data          0x0000000080072190        0x0 /usr/lib/n64/libultra_d.a(pfsallocatefile.o)
 .data          0x0000000080072190        0x0 /usr/lib/n64/libultra_d.a(pfsdeletefile.o)
 .data          0x0000000080072190        0x0 /usr/lib/n64/libultra_d.a(pfsfilestate.o)
 .data          0x0000000080072190        0x0 /usr/lib/n64/libultra_d.a(pfsfreeblocks.o)
 .data          0x0000000080072190        0x0 /usr/lib/n64/libultra_d.a(pfsgetstatus.o)
 .data          0x0000000080072190        0x0 /usr/lib/n64/libultra_d.a(pfsinitpak.o)
 .data          0x0000000080072190        0x0 /usr/lib/n64/libultra_d.a(pfsisplug.o)
 .data          0x0000000080072190        0x0 /usr/lib/n64/libultra_d.a(pfsnumfiles.o)
 .data          0x0000000080072190        0x0 /usr/lib/n64/libultra_d.a(pfsreadwritefile.o)
 .data          0x0000000080072190        0x0 /usr/lib/n64/libultra_d.a(pfsrepairid.o)
 .data          0x0000000080072190        0x0 /usr/lib/n64/libultra_d.a(pfssearchfile.o)
 .data          0x0000000080072190        0x0 /usr/lib/n64/libultra_d.a(pfsselectbank.o)
 .data          0x0000000080072190        0x4 /usr/lib/n64/libultra_d.a(cartrominit.o)
 *fill*         0x0000000080072194        0xc 
 .data          0x00000000800721a0        0x0 /usr/lib/n64/libultra_d.a(epidma.o)
 .data          0x00000000800721a0        0x0 /usr/lib/n64/libultra_d.a(piacs.o)
 .data          0x00000000800721a0        0x0 /usr/lib/n64/libultra_d.a(pigetcmdq.o)
 .data          0x00000000800721a0        0x8 /usr/lib/n64/libultra_d.a(pimgr.o)
                0x00000000800721a0                __osCurrentHandle
 *fill*         0x00000000800721a8        0x8 
 .data          0x00000000800721b0        0x0 /usr/lib/n64/libultra_d.a(pirawdma.o)
 .data          0x00000000800721b0        0x0 /usr/lib/n64/libultra_d.a(initialize_isv.o)
 .data          0x00000000800721b0        0x4 /usr/lib/n64/libultra_d.a(rotate.o)
 *fill*         0x00000000800721b4        0xc 
 .data          0x00000000800721c0        0x0 /usr/lib/n64/libultra_d.a(createthread.o)
 .data          0x00000000800721c0        0x0 /usr/lib/n64/libultra_d.a(getthreadpri.o)
 .data          0x00000000800721c0        0x0 /usr/lib/n64/libultra_d.a(setthreadpri.o)
 .data          0x00000000800721c0        0x0 /usr/lib/n64/libultra_d.a(startthread.o)
 .data          0x00000000800721c0        0x0 /usr/lib/n64/libultra_d.a(stopthread.o)
 .data          0x00000000800721c0       0x10 /usr/lib/n64/libultra_d.a(thread.o)
                0x00000000800721c0                __osThreadTail
                0x00000000800721c8                __osRunQueue
                0x00000000800721cc                __osActiveQueue
 .data          0x00000000800721d0        0x0 /usr/lib/n64/libultra_d.a(spsetpc.o)
 .data          0x00000000800721d0        0x0 /usr/lib/n64/libultra_d.a(sptask.o)
 .data          0x00000000800721d0        0x0 /usr/lib/n64/libultra_d.a(sptaskyield.o)
 .data          0x00000000800721d0        0x0 /usr/lib/n64/libultra_d.a(sptaskyielded.o)
 .data          0x00000000800721d0        0x0 /usr/lib/n64/libultra_d.a(sprintf.o)
 .data          0x00000000800721d0        0x0 /usr/lib/n64/libultra_d.a(string.o)
 .data          0x00000000800721d0        0x0 /usr/lib/n64/libultra_d.a(syncprintf.o)
 .data          0x00000000800721d0       0x45 /usr/lib/n64/libultra_d.a(xprintf.o)
 *fill*         0x0000000080072215        0xb 
 .data          0x0000000080072220        0x0 /usr/lib/n64/libultra_d.a(createmesgqueue.o)
 .data          0x0000000080072220        0x0 /usr/lib/n64/libultra_d.a(jammesg.o)
 .data          0x0000000080072220        0x0 /usr/lib/n64/libultra_d.a(recvmesg.o)
 .data          0x0000000080072220        0x0 /usr/lib/n64/libultra_d.a(sendmesg.o)
 .data          0x0000000080072220        0x0 /usr/lib/n64/libultra_d.a(seteventmesg.o)
 .data          0x0000000080072220        0x4 /usr/lib/n64/libultra_d.a(rdbsend.o)
                0x0000000080072220                __osRdb_IP6_Empty
 *fill*         0x0000000080072224        0xc 
 .data          0x0000000080072230        0x0 /usr/lib/n64/libultra_d.a(virtualtophysical.o)
 .data          0x0000000080072230        0x0 /usr/lib/n64/libultra_d.a(viblack.o)
 .data          0x0000000080072230        0x8 /usr/lib/n64/libultra_d.a(vi.o)
                0x0000000080072230                __osViCurr
                0x0000000080072234                __osViNext
 *fill*         0x0000000080072238        0x8 
 .data          0x0000000080072240        0x0 /usr/lib/n64/libultra_d.a(vigetcurrframebuf.o)
 .data          0x0000000080072240        0x0 /usr/lib/n64/libultra_d.a(vigetmode.o)
 .data          0x0000000080072240        0x0 /usr/lib/n64/libultra_d.a(vigetnextframebuf.o)
 .data          0x0000000080072240        0x0 /usr/lib/n64/libultra_d.a(vimgr.o)
 .data          0x0000000080072240        0x0 /usr/lib/n64/libultra_d.a(visetevent.o)
 .data          0x0000000080072240        0x0 /usr/lib/n64/libultra_d.a(visetmode.o)
 .data          0x0000000080072240        0x0 /usr/lib/n64/libultra_d.a(visetspecial.o)