Archive member included to satisfy reference by file (symbol)

/usr/lib/n64/nusys/libnualsgi_n.a(nuauinit.o)
                              build/src/main/main.o (nuAuInit)
/usr/lib/n64/nusys/libnualsgi_n.a(nuaumgr.o)
                              /usr/lib/n64/nusys/libnualsgi_n.a(nuauinit.o) (nuAuMgrInit)
/usr/lib/n64/nusys/libnualsgi_n.a(nuaumgrfuncset.o)
                              /usr/lib/n64/nusys/libnualsgi_n.a(nuauinit.o) (nuAuMgrFuncSet)
/usr/lib/n64/nusys/libnualsgi_n.a(nuaumgrparams.o)
                              build/src/main/main.o (nuAuRetraceCount)
/usr/lib/n64/nusys/libnualsgi_n.a(nuauprenmifuncset.o)
                              /usr/lib/n64/nusys/libnualsgi_n.a(nuauinit.o) (nuAuPreNMIFuncSet)
/usr/lib/n64/nusys/libnualsgi_n.a(nuauprenmiproc.o)
                              /usr/lib/n64/nusys/libnualsgi_n.a(nuauinit.o) (nuAuPreNMIProc)
/usr/lib/n64/nusys/libnualsgi_n.a(nuauseqplayerbankset.o)
                              build/src/main/main.o (nuAuSeqPlayerBankSet)
/usr/lib/n64/nusys/libnualsgi_n.a(nuauseqplayercontrol.o)
                              /usr/lib/n64/nusys/libnualsgi_n.a(nuauinit.o) (nuAuSeqPlayerControl)
/usr/lib/n64/nusys/libnualsgi_n.a(nuauseqplayerfadeout.o)
                              /usr/lib/n64/nusys/libnualsgi_n.a(nuauprenmiproc.o) (nuAuSeqPlayerFadeOut)
/usr/lib/n64/nusys/libnualsgi_n.a(nuauseqplayerinit.o)
                              /usr/lib/n64/nusys/libnualsgi_n.a(nuauinit.o) (nuAuSeqPlayerInit)
/usr/lib/n64/nusys/libnualsgi_n.a(nuauseqplayerplay.o)
                              build/src/main/main.o (nuAuSeqPlayerPlay)
/usr/lib/n64/nusys/libnualsgi_n.a(nuauseqplayerseqset.o)
                              build/src/main/main.o (nuAuSeqPlayerSeqSet)
/usr/lib/n64/nusys/libnualsgi_n.a(nuauseqplayersetno.o)
                              build/src/main/main.o (nuAuSeqPlayerSetNo)
/usr/lib/n64/nusys/libnualsgi_n.a(nuausndplayerbankset.o)
                              build/src/main/main.o (nuAuSndPlayerBankSet)
/usr/lib/n64/nusys/libnualsgi_n.a(nuausndplayerinit.o)
                              /usr/lib/n64/nusys/libnualsgi_n.a(nuauinit.o) (nuAuSndPlayerInit)
/usr/lib/n64/nusys/libnualsgi_n.a(nuauconfig.o)
                              /usr/lib/n64/nusys/libnualsgi_n.a(nuauinit.o) (nuAuSndpConfig)
/usr/lib/n64/nusys/libnualsgi_n.a(nuaudma.o)
                              /usr/lib/n64/nusys/libnualsgi_n.a(nuaumgr.o) (nuAuDmaNew)
/usr/lib/n64/nusys/libnualsgi_n.a(nuauheap.o)
                              /usr/lib/n64/nusys/libnualsgi_n.a(nuaumgr.o) (nuAuHeapInit)
/usr/lib/n64/libn_audio.a(n_cspgetstate.o)
                              /usr/lib/n64/nusys/libnualsgi_n.a(nuauseqplayercontrol.o) (n_alCSPGetState)
/usr/lib/n64/libn_audio.a(n_cspgetvol.o)
                              /usr/lib/n64/nusys/libnualsgi_n.a(nuauseqplayercontrol.o) (n_alCSPGetVol)
/usr/lib/n64/libn_audio.a(n_csplayer.o)
                              /usr/lib/n64/nusys/libnualsgi_n.a(nuauseqplayerinit.o) (n_alCSPNew)
/usr/lib/n64/libn_audio.a(n_cspplay.o)
                              /usr/lib/n64/nusys/libnualsgi_n.a(nuauseqplayerplay.o) (n_alCSPPlay)
/usr/lib/n64/libn_audio.a(n_cspsetbank.o)
                              /usr/lib/n64/nusys/libnualsgi_n.a(nuauseqplayerbankset.o) (n_alCSPSetBank)
/usr/lib/n64/libn_audio.a(n_cspsetseq.o)
                              /usr/lib/n64/nusys/libnualsgi_n.a(nuauseqplayerplay.o) (n_alCSPSetSeq)
/usr/lib/n64/libn_audio.a(n_cspsetvol.o)
                              /usr/lib/n64/nusys/libnualsgi_n.a(nuauseqplayercontrol.o) (n_alCSPSetVol)
/usr/lib/n64/libn_audio.a(n_cspstop.o)
                              /usr/lib/n64/nusys/libnualsgi_n.a(nuauseqplayercontrol.o) (n_alCSPStop)
/usr/lib/n64/libn_audio.a(n_csq.o)
                              /usr/lib/n64/nusys/libnualsgi_n.a(nuauseqplayerplay.o) (n_alCSeqNew)
/usr/lib/n64/libn_audio.a(n_event.o)
                              /usr/lib/n64/libn_audio.a(n_csplayer.o) (n_alEvtqNew)
/usr/lib/n64/libn_audio.a(n_seqplayer.o)
                              /usr/lib/n64/libn_audio.a(n_csplayer.o) (__n_unmapVoice)
/usr/lib/n64/libn_audio.a(n_sl.o)
                              /usr/lib/n64/nusys/libnualsgi_n.a(nuaumgr.o) (n_alInit)
/usr/lib/n64/libn_audio.a(n_sndplayer.o)
                              /usr/lib/n64/nusys/libnualsgi_n.a(nuausndplayerinit.o) (n_alSndpNew)
/usr/lib/n64/libn_audio.a(n_synaddplayer.o)
                              /usr/lib/n64/libn_audio.a(n_sndplayer.o) (n_alSynAddSndPlayer)
/usr/lib/n64/libn_audio.a(n_synallocvoice.o)
                              /usr/lib/n64/libn_audio.a(n_csplayer.o) (n_alSynAllocVoice)
/usr/lib/n64/libn_audio.a(n_syndelete.o)
                              /usr/lib/n64/libn_audio.a(n_sl.o) (n_alSynDelete)
/usr/lib/n64/libn_audio.a(n_synfreevoice.o)
                              /usr/lib/n64/libn_audio.a(n_csplayer.o) (n_alSynFreeVoice)
/usr/lib/n64/libn_audio.a(n_synsetfxmix.o)
                              /usr/lib/n64/libn_audio.a(n_csplayer.o) (n_alSynSetFXMix)
[...]
Memory Configuration

Name             Origin             Length             Attributes
*default*        0x0000000000000000 0xffffffffffffffff

Linker script and memory map

                0x00000000003c3590                __romPos = 0x0
                0x0000000004000000                _bootSegmentStart = ADDR (.boot)
                0x0000000000000000                _bootSegmentRomStart = __romPos

.boot           0x0000000004000000     0x1000 load address 0x0000000000000000
 build/asm/rom_header.o(.text)
 .text          0x0000000004000000       0x40 build/asm/rom_header.o
 build/boot.6102.o(.data)
 .data          0x0000000004000040      0xfc0 build/boot.6102.o
                0x0000000004000040                _binary__usr_lib_n64_PR_bootcode_boot_6102_start
                0x0000000004001000                _binary__usr_lib_n64_PR_bootcode_boot_6102_end
                0x0000000004001000                _bootSegmentEnd = ALIGN ((ADDR (.boot) + SIZEOF (.boot)), 0x10)
                0x0000000000001000                _bootSegmentRomEnd = ((_bootSegmentEnd - _bootSegmentStart) + _bootSegmentRomStart)
                0x00000000003c3590                __romPos = _bootSegmentRomEnd
                0x0000000004001000                . = _bootSegmentEnd
                0x0000000080025c00                _codeSegmentStart = ADDR (.code)
                0x0000000000001000                _codeSegmentRomStart = __romPos

.code           0x0000000080025c00    0x75740 load address 0x0000000000001000
 build/asm/entry.o(.start)
 .start         0x0000000080025c00       0x3c build/asm/entry.o
                0x0000000080025c00                __start
 /usr/lib/n64/nusys/nusys_isv.o(.text)
 *fill*         0x0000000080025c3c        0x4 
 .text          0x0000000080025c40       0xf4 /usr/lib/n64/nusys/nusys_isv.o
                0x0000000080025cdc                nuBoot
 build/src/main*.o(.text)
 *fill*         0x0000000080025d34        0xc 
 .text          0x0000000080025d40     0x15ec build/src/main/FPGraphics.o
                0x0000000080026298                CreateScreenCoords
                0x0000000080026604                DrawRadar
                0x00000000800268b8                DrawNumberPlate
                0x0000000080026ebc                DrawAmmo
                0x0000000080026ef0                DrawShieldHealth
                0x0000000080026f24                DrawHUD
 *fill*         0x000000008002732c        0x4 
 .text          0x0000000080027330      0x1c0 build/src/main/HUD.o
                0x0000000080027330                DrawChar
                0x0000000080027418                DrawText
 .text          0x00000000800274f0       0x6c build/src/main/actors.o
                0x00000000800274f0                InitActors
 *fill*         0x000000008002755c        0x4 
 .text          0x0000000080027560      0x654 build/src/main/animations.o
                0x0000000080027560                GetLinear
                0x00000000800279a0                SkeletalMatrix
                0x0000000080027a40                DrawAnime
                0x0000000080027bac                DrawHolster
 *fill*         0x0000000080027bb4        0xc 
 .text          0x0000000080027bc0     0x2924 build/src/main/collision.o
                0x0000000080027bc0                CheckRadius
                0x0000000080027c5c                SetSimpleBump
                0x0000000080027d6c                LoadCache
                0x0000000080027e28                SaveNormal
                0x0000000080028088                SaveAxis
                0x0000000080028150                Save1Triangle
                0x0000000080028294                Save2Triangle
                0x0000000080028510                BuildCollisionBuffer
                0x0000000080028604                CheckXZ
                0x000000008002874c                CheckXY
                0x0000000080028894                CheckYZ
                0x00000000800289dc                GetGridIndex
                0x0000000080028a98                VectorScale
                0x0000000080028ac4                VectorSubtract
                0x0000000080028af8                VectorSubtractS
                0x0000000080028b44                VectorSubtractFS
                0x0000000080028b90                VectorAdd
                0x0000000080028bc4                VectorCrossProduct
                0x0000000080028c34                VectorDotProduct
                0x0000000080028c68                InnerProduct
                0x0000000080028c9c                VectorNormalize
                0x0000000080028d14                CopyVertexArray
                0x0000000080028d5c                intersectLineTriangle
                0x0000000080029054                intersectRayCylinder
                0x0000000080029260                RaycastLevelCollision
                0x0000000080029388                RaycastPlayerCollision
                0x0000000080029554                RaycastDDA
                0x00000000800299ac                CheckViewCone
                0x0000000080029ab8                CheckProjectileCollision
                0x0000000080029cc4                CheckPlayerCollision
 *fill*         0x000000008002a4e4        0xc 
 .text          0x000000008002a4f0      0x168 build/src/main/gfxinit.o
                0x000000008002a4f0                initRDP
 *fill*         0x000000008002a658        0x8 
 .text          0x000000008002a660     0x1198 build/src/main/graphic.o
                0x000000008002a724                gfxRCPInit
                0x000000008002a768                gfxClearZfb
                0x000000008002a878                gfxClearCfb
                0x000000008002a974                SetMatrix
                0x000000008002aa40                GetRGBA16
                0x000000008002aa6c                DrawFirstPerson
                0x000000008002ae94                DrawLevelScene
                0x000000008002b1f4                DrawPickups
                0x000000008002b364                DrawBullets
                0x000000008002b4f4                DrawPlayers
 *fill*         0x000000008002b7f8        0x8 
 .text          0x000000008002b800      0x6c4 build/src/main/intelligence.o
                0x000000008002b800                GetMoveDistance
                0x000000008002b920                CheckBotMove
                0x000000008002bba0                UpdateBotControls
 *fill*         0x000000008002bec4        0xc 
 .text          0x000000008002bed0      0x278 build/src/main/levels.o
                0x000000008002bed0                LoadScenario
                0x000000008002c0a0                LoadLevelData
 *fill*         0x000000008002c148        0x8 
 .text          0x000000008002c150      0x47c build/src/main/main.o
                0x000000008002c150                setAudioData
                0x000000008002c1ac                mainproc
                0x000000008002c294                calcFrame
                0x000000008002c42c                stage00
                0x000000008002c490                stage01
                0x000000008002c4d8                InitNewGame
 *fill*         0x000000008002c5cc        0x4 
 .text          0x000000008002c5d0      0xf3c build/src/main/math.o
                0x000000008002c5d0                sint
                0x000000008002c5ec                cost
                0x000000008002c608                tandy
                0x000000008002c688                atant
                0x000000008002c708                atan3
                0x000000008002cc00                AffineToMtx
                0x000000008002cc3c                CreateModelMatrix
                0x000000008002cdcc                CreatePositionMatrix
                0x000000008002ce24                MatrixMultiply
                0x000000008002ce94                ScalingMatrix
                0x000000008002cf0c                ScaleMatrixXYZFixed
                0x000000008002cfb0                TransformMatrix
                0x000000008002d23c                GetDistance
                0x000000008002d27c                GetDirection
                0x000000008002d2b8                NormalizeVector
                0x000000008002d320                AlignZVector
                0x000000008002d380                AlignXVector
                0x000000008002d3e0                AlignYVector
                0x000000008002d450                Random
                0x000000008002d4c4                GetRNG
 *fill*         0x000000008002d50c        0x4 
 .text          0x000000008002d510      0x20c build/src/main/memory.o
                0x000000008002d510                InitDMA
                0x000000008002d548                LoadDMA
                0x000000008002d5d4                MemCopy
                0x000000008002d600                SetSegment
                0x000000008002d624                GetRealAddress
                0x000000008002d658                StoreRSPSegments
                0x000000008002d6a8                DecompressData
 *fill*         0x000000008002d71c        0x4 
 .text          0x000000008002d720        0x0 build/src/main/menu.o
 .text          0x000000008002d720      0xd9c build/src/main/pathfinding.o
                0x000000008002d720                UpdateTarget
                0x000000008002d7e4                ResetNavArray
                0x000000008002d83c                InitNavArray
                0x000000008002d868                ResetNavPath
                0x000000008002d89c                BuildNavMesh
                0x000000008002daf4                GetGCost
                0x000000008002dba8                GetHCost
                0x000000008002dc48                GetHCostTarget
                0x000000008002dcd4                GetLowestF
                0x000000008002dd40                GetHighestF
                0x000000008002ddac                CheckNodeList
                0x000000008002ddf4                CreateNavPath
                0x000000008002de94                BStar
                0x000000008002e1fc                BSTARDistance
 *fill*         0x000000008002e4bc        0x4 
 .text          0x000000008002e4c0     0x18ac build/src/main/player.o
                0x000000008002e4c0                DamagePlayer
                0x000000008002e590                initScreenSystem
                0x000000008002e6d4                initCamera
                0x000000008002e77c                DebugControl
                0x000000008002e7c4                GetSpawnPoint
                0x000000008002e9b0                initPlayer
                0x000000008002eb68                initAllPlayers
                0x000000008002ec5c                ActionPlayerStatus
                0x000000008002ed00                ResetPlayerStatus
                0x000000008002edb4                GetButtonTimers
                0x000000008002f0e8                GetPlayerTargets
                0x000000008002f190                UpdatePlayerControls
                0x000000008002f7bc                CheckPlayerHealth
                0x000000008002f8a0                UpdatePlayerResponse
                0x000000008002fd40                UpdateMenuControls
 *fill*         0x000000008002fd6c        0x4 
 .text          0x000000008002fd70      0x460 build/src/main/stage00.o
                0x000000008002fd70                initStage00
                0x000000008002fd78                makeDL00
                0x00000000800300fc                updateGame00
 .text          0x00000000800301d0      0x420 build/src/main/stage01.o
                0x00000000800301d0                PrintMenuText
                0x0000000080030254                initStage01
                0x0000000080030264                makeDL01
                0x00000000800304b0                updateGame01
 .text          0x00000000800305f0     0x1198 build/src/main/weapon.o
                0x00000000800305f0                InitWeaponClasses
                0x000000008003081c                initProjectiles
                0x0000000080030840                CheckPickups
                0x000000008003096c                GetWeaponIndex
                0x00000000800309b8                PickupObject
                0x0000000080030bc4                SwapGun
                0x0000000080030c4c                PlayerMelee
                0x0000000080030cf4                ReloadWeapon
                0x0000000080030dc4                LoadWeaponAmmo
                0x0000000080030e50                CheckMagazine
                0x0000000080030f14                FireBullet
                0x0000000080031694                MoveProjectile
                0x00000000800316e4                CheckProjectiles
 *fill*         0x0000000080031788        0x8 
 .text          0x0000000080031790        0x0 build/src/main/assets/animations/assaultrifle/AR_Fire_Anime.o
 .text          0x0000000080031790        0x0 build/src/main/assets/animations/assaultrifle/AR_Idle_Anime.o
 .text          0x0000000080031790        0x0 build/src/main/assets/animations/assaultrifle/AR_Melee_Anime.o
 .text          0x0000000080031790        0x0 build/src/main/assets/animations/assaultrifle/AR_Reload_Empty_Anime.o
 .text          0x0000000080031790        0x0 build/src/main/assets/animations/assaultrifle/AR_Reload_Full_Anime.o
 .text          0x0000000080031790        0x0 build/src/main/assets/animations/debugcube/DebugCubeAnimation_Anime.o
 .text          0x0000000080031790        0x0 build/src/main/assets/animations/humanpistol/HP_Fire_Anime.o
 .text          0x0000000080031790        0x0 build/src/main/assets/animations/humanpistol/HP_Idle_Anime.o
 .text          0x0000000080031790        0x0 build/src/main/assets/animations/humanpistol/HP_Melee_Anime.o
 .text          0x0000000080031790        0x0 build/src/main/assets/animations/humanpistol/HP_ReloadFull_Anime.o
 .text          0x0000000080031790        0x0 build/src/main/assets/animations/humanpistol/HP_Reload_Empty_Anime.o
 .text          0x0000000080031790        0x0 build/src/main/assets/animations/plasmarifle/PlasmaRifle_Fire_Anime.o
 .text          0x0000000080031790        0x0 build/src/main/assets/animations/plasmarifle/PlasmaRifle_Idle_Anime.o
 .text          0x0000000080031790        0x0 build/src/main/assets/animations/plasmarifle/PlasmaRifle_Melee_Anime.o
 .text          0x0000000080031790        0x0 build/src/main/assets/animations/plasmarifle/PlasmaRifle_Overheat_Anime.o
 .text          0x0000000080031790        0x0 build/src/main/assets/models/DebugCylinder_HitBox_Model.o
 .text          0x0000000080031790        0x0 build/src/main/assets/models/assaultrifle/Assault_Rifle_Model.o
 .text          0x0000000080031790        0x0 build/src/main/assets/models/cyborg/ShieldBox_Model.o
 .text          0x0000000080031790        0x0 build/src/main/assets/models/cyborg/Shield_Texture.o
 .text          0x0000000080031790        0x0 build/src/main/assets/models/debugcube/DebugCube_Model.o
 .text          0x0000000080031790        0x0 build/src/main/assets/models/debugcube/Sphere001_Model.o
 .text          0x0000000080031790        0x0 build/src/main/assets/models/debugcube/blackwhitechecker_Texture.o
 .text          0x0000000080031790        0x0 build/src/main/assets/models/FPArms/LeftArm_Model.o
 .text          0x0000000080031790        0x0 build/src/main/assets/models/humanpistol/HumanPistol_Model.o
 .text          0x0000000080031790        0x0 build/src/main/assets/models/plasmarifle/PlasmaRifle_Model.o
 .text          0x0000000080031790        0x0 build/src/main/assets/textures/assaultrifle/AR_Color_Texture.o
 .text          0x0000000080031790        0x0 build/src/main/assets/textures/assaultrifle/ar_Texture.o
 .text          0x0000000080031790        0x0 build/src/main/assets/textures/FPArms/CyborgTP_Texture.o
 .text          0x0000000080031790        0x0 build/src/main/assets/textures/HUD/ASCII_Texture.o
 .text          0x0000000080031790        0x0 build/src/main/assets/textures/HUD/AmmoBar_Texture.o
 .text          0x0000000080031790        0x0 build/src/main/assets/textures/HUD/NumberPlate_Texture.o
 .text          0x0000000080031790        0x0 build/src/main/assets/textures/HUD/Radar_Texture.o
 .text          0x0000000080031790        0x0 build/src/main/assets/textures/HUD/ShieldHealthbar_Texture.o
 .text          0x0000000080031790        0x0 build/src/main/assets/textures/HUD/oldASCII_Texture.o
 .text          0x0000000080031790        0x0 build/src/main/assets/textures/HUD/Icons/IconHUD_AR_Texture.o
 .text          0x0000000080031790        0x0 build/src/main/assets/textures/HUD/Icons/IconHUD_Pistol_Texture.o
 .text          0x0000000080031790        0x0 build/src/main/assets/textures/HUD/Icons/IconHUD_PlasmaRifle_Texture.o
 .text          0x0000000080031790        0x0 build/src/main/assets/textures/HUD/Reticles/Reticle_AR_Texture.o
 .text          0x0000000080031790        0x0 build/src/main/assets/textures/HUD/Reticles/Reticle_HP_Texture.o
 .text          0x0000000080031790        0x0 build/src/main/assets/textures/HUD/Reticles/Reticle_PR_Texture.o
 .text          0x0000000080031790        0x0 build/src/main/assets/textures/humanpistol/Pistol_Texture.o
 .text          0x0000000080031790        0x0 build/src/main/assets/textures/humanpistol/pistol_color_Texture.o
 .text          0x0000000080031790        0x0 build/src/main/assets/textures/plasmarifle/PlasamaRifle_Texture.o
 .text          0x0000000080031790        0x0 build/src/main/assets/textures/plasmarifle/PlasmaRifleColor_Texture.o
 .text          0x0000000080031790        0x0 build/src/main/levels/BeaverCreek_Scenario.o
 .text          0x0000000080031790        0x0 build/src/main/levels/BlockTest_Scenario.o
 .text          0x0000000080031790        0x0 build/src/main/levels/RiverBed_Scenario.o
 */libultra_d.a:*.o(.text)
 .text          0x0000000080031790      0x500 /usr/lib/n64/libultra_d.a(motor.o)
                0x0000000080031790                __osMotorAccess
                0x0000000080031a7c                osMotorInit
 .text          0x0000000080031c90       0x34 /usr/lib/n64/libultra_d.a(afterprenmi.o)
                0x0000000080031c90                osAfterPreNMI
 *fill*         0x0000000080031cc4        0xc 
 .text          0x0000000080031cd0      0x138 /usr/lib/n64/libultra_d.a(getmemsize.o)
                0x0000000080031cd0                osGetMemSize
 *fill*         0x0000000080031e08        0x8 
 .text          0x0000000080031e10      0x4a8 /usr/lib/n64/libultra_d.a(initialize.o)
                0x0000000080031e10                __createSpeedParam
                0x0000000080031f34                osInitialize
                0x0000000080032258                osInitialize_isv
 *fill*         0x00000000800322b8        0x8 
 .text          0x00000000800322c0      0x2e4 /usr/lib/n64/libultra_d.a(contramread.o)
                0x00000000800322c0                __osContRamRead
 *fill*         0x00000000800325a4        0xc 
 .text          0x00000000800325b0      0x8c8 /usr/lib/n64/libultra_d.a(pfsallocatefile.o)
                0x00000000800325b0                osPfsAllocateFile
                0x0000000080032a68                __osPfsDeclearPage
                0x0000000080032c80                __osDumpInode
 *fill*         0x0000000080032e78        0x8 
 .text          0x0000000080032e80      0x3e0 /usr/lib/n64/libultra_d.a(pfsdeletefile.o)
                0x0000000080032e80                osPfsDeleteFile
                0x000000008003317c                __osPfsReleasePages
 .text          0x0000000080033260      0x2e4 /usr/lib/n64/libultra_d.a(pfsfilestate.o)
                0x0000000080033260                osPfsFileState
 *fill*         0x0000000080033544        0xc 
 .text          0x0000000080033550      0x17c /usr/lib/n64/libultra_d.a(pfsfreeblocks.o)
                0x0000000080033550                osPfsFreeBlocks
 *fill*         0x00000000800336cc        0x4 
 .text          0x00000000800336d0      0x338 /usr/lib/n64/libultra_d.a(pfsgetstatus.o)
                0x00000000800336d0                __osPfsGetStatus
                0x0000000080033808                __osPfsRequestOneChannel
                0x0000000080033904                __osPfsGetOneChannelData
 *fill*         0x0000000080033a08        0x8 
 .text          0x0000000080033a10      0x550 /usr/lib/n64/libultra_d.a(pfsinitpak.o)
                0x0000000080033a10                osPfsInitPak
 .text          0x0000000080033f60      0x45c /usr/lib/n64/libultra_d.a(pfsisplug.o)
                0x0000000080033f60                osPfsIsPlug
                0x000000008003416c                __osPfsRequestData
                0x0000000080034268                __osPfsGetInitData
 *fill*         0x00000000800343bc        0x4 
 .text          0x00000000800343c0      0x1c0 /usr/lib/n64/libultra_d.a(pfsnumfiles.o)
                0x00000000800343c0                osPfsNumFiles
 .text          0x0000000080034580      0x70c /usr/lib/n64/libultra_d.a(pfsreadwritefile.o)
                0x00000000800346d4                osPfsReadWriteFile
 *fill*         0x0000000080034c8c        0x4 
 .text          0x0000000080034c90       0x8c /usr/lib/n64/libultra_d.a(pfsrepairid.o)
                0x0000000080034c90                osPfsRepairId
 *fill*         0x0000000080034d1c        0x4 
 .text          0x0000000080034d20      0x29c /usr/lib/n64/libultra_d.a(pfssearchfile.o)
                0x0000000080034d20                osPfsFindFile
 *fill*         0x0000000080034fbc        0x4 
 .text          0x0000000080034fc0       0xc4 /usr/lib/n64/libultra_d.a(pfsselectbank.o)
                0x0000000080034fc0                __osPfsSelectBank
 *fill*         0x0000000080035084        0xc 
 .text          0x0000000080035090      0x264 /usr/lib/n64/libultra_d.a(cartrominit.o)
                0x0000000080035090                osCartRomInit
 *fill*         0x00000000800352f4        0xc 
 .text          0x0000000080035300      0x290 /usr/lib/n64/libultra_d.a(epidma.o)
                0x0000000080035300                osEPiStartDma
 .text          0x0000000080035590      0x110 /usr/lib/n64/libultra_d.a(piacs.o)
                0x0000000080035590                __osPiCreateAccessQueue
                0x00000000800355fc                __osPiGetAccess
                0x000000008003565c                __osPiRelAccess
 .text          0x00000000800356a0       0x48 /usr/lib/n64/libultra_d.a(pigetcmdq.o)
                0x00000000800356a0                osPiGetCmdQueue
 *fill*         0x00000000800356e8        0x8 
 .text          0x00000000800356f0      0x380 /usr/lib/n64/libultra_d.a(pimgr.o)
                0x00000000800356f0                osCreatePiManager
 .text          0x0000000080035a70      0x228 /usr/lib/n64/libultra_d.a(pirawdma.o)
                0x0000000080035a70                __osPiRawStartDma
 *fill*         0x0000000080035c98        0x8 
 .text          0x0000000080035ca0      0x5d4 /usr/lib/n64/libultra_d.a(initialize_isv.o)
                0x0000000080035ca0                isPrintfInit
                0x0000000080036048                __checkHardware_isv
                0x00000000800360dc                __osInitialize_isv
 *fill*         0x0000000080036274        0xc 
 .text          0x0000000080036280      0x2d4 /usr/lib/n64/libultra_d.a(rotate.o)
                0x0000000080036280                guRotateF
                0x00000000800364e0                guRotate
 *fill*         0x0000000080036554        0xc 
 .text          0x0000000080036560      0x218 /usr/lib/n64/libultra_d.a(createthread.o)
                0x0000000080036560                osCreateThread
 *fill*         0x0000000080036778        0x8 
 .text          0x0000000080036780       0x44 /usr/lib/n64/libultra_d.a(getthreadpri.o)
                0x0000000080036780                osGetThreadPri
 *fill*         0x00000000800367c4        0xc 
 .text          0x00000000800367d0      0x15c /usr/lib/n64/libultra_d.a(setthreadpri.o)
                0x00000000800367d0                osSetThreadPri
 *fill*         0x000000008003692c        0x4 
 .text          0x0000000080036930      0x1c0 /usr/lib/n64/libultra_d.a(startthread.o)
                0x0000000080036930                osStartThread
 .text          0x0000000080036af0       0xf4 /usr/lib/n64/libultra_d.a(stopthread.o)
                0x0000000080036af0                osStopThread
 *fill*         0x0000000080036be4        0xc 
 .text          0x0000000080036bf0       0x74 /usr/lib/n64/libultra_d.a(thread.o)
                0x0000000080036bf0                __osDequeueThread
 *fill*         0x0000000080036c64        0xc 
 .text          0x0000000080036c70       0x60 /usr/lib/n64/libultra_d.a(spsetpc.o)
                0x0000000080036c70                __osSpSetPc
 .text          0x0000000080036cd0      0x494 /usr/lib/n64/libultra_d.a(sptask.o)
                0x0000000080036e70                osSpTaskLoad
                0x0000000080037114                osSpTaskStartGo
 *fill*         0x0000000080037164        0xc 
 .text          0x0000000080037170       0x38 /usr/lib/n64/libultra_d.a(sptaskyield.o)
                0x0000000080037170                osSpTaskYield
 *fill*         0x00000000800371a8        0x8 
 .text          0x00000000800371b0       0x8c /usr/lib/n64/libultra_d.a(sptaskyielded.o)
                0x00000000800371b0                osSpTaskYielded
 *fill*         0x000000008003723c        0x4 
 .text          0x0000000080037240       0xd8 /usr/lib/n64/libultra_d.a(sprintf.o)
                0x0000000080037240                sprintf
 *fill*         0x0000000080037318        0x8 
 .text          0x0000000080037320      0x15c /usr/lib/n64/libultra_d.a(string.o)
                0x0000000080037320                strchr
                0x0000000080037398                strlen
                0x00000000800373f4                memcpy
 *fill*         0x000000008003747c        0x4 
 .text          0x0000000080037480      0x13c /usr/lib/n64/libultra_d.a(syncprintf.o)
                0x0000000080037480                __osSyncVPrintf
                0x00000000800374e8                osSyncPrintf
                0x0000000080037540                rmonPrintf
 *fill*         0x00000000800375bc        0x4 
 .text          0x00000000800375c0     0x121c /usr/lib/n64/libultra_d.a(xprintf.o)
                0x00000000800375c0                _Printf
 *fill*         0x00000000800387dc        0x4 
 .text          0x00000000800387e0       0xa4 /usr/lib/n64/libultra_d.a(createmesgqueue.o)
                0x00000000800387e0                osCreateMesgQueue
 *fill*         0x0000000080038884        0xc 
 .text          0x0000000080038890      0x1a4 /usr/lib/n64/libultra_d.a(jammesg.o)
                0x0000000080038890                osJamMesg
 *fill*         0x0000000080038a34        0xc 
 .text          0x0000000080038a40      0x190 /usr/lib/n64/libultra_d.a(recvmesg.o)
                0x0000000080038a40                osRecvMesg
 .text          0x0000000080038bd0      0x194 /usr/lib/n64/libultra_d.a(sendmesg.o)
                0x0000000080038bd0                osSendMesg
 *fill*         0x0000000080038d64        0xc 
 .text          0x0000000080038d70      0x100 /usr/lib/n64/libultra_d.a(seteventmesg.o)
                0x0000000080038d70                osSetEventMesg
 .text          0x0000000080038e70      0x2f4 /usr/lib/n64/libultra_d.a(rdbsend.o)
                0x0000000080038e70                __osRdbSend
 *fill*         0x0000000080039164        0xc 
 .text          0x0000000080039170       0xb0 /usr/lib/n64/libultra_d.a(virtualtophysical.o)
                0x0000000080039170                osVirtualToPhysical
 .text          0x0000000080039220       0xa4 /usr/lib/n64/libultra_d.a(viblack.o)
                0x0000000080039220                osViBlack
 *fill*         0x00000000800392c4        0xc 
 .text          0x00000000800392d0      0x168 /usr/lib/n64/libultra_d.a(vi.o)
                0x00000000800392d0                __osViInit
 *fill*         0x0000000080039438        0x8 
 .text          0x0000000080039440       0x80 /usr/lib/n64/libultra_d.a(vigetcurrframebuf.o)
                0x0000000080039440                osViGetCurrentFramebuffer
 .text          0x00000000800394c0       0x8c /usr/lib/n64/libultra_d.a(vigetmode.o)
                0x00000000800394c0                osViGetCurrentMode
 *fill*         0x000000008003954c        0x4 
 .text          0x0000000080039550       0x80 /usr/lib/n64/libultra_d.a(vigetnextframebuf.o)
                0x0000000080039550                osViGetNextFramebuffer
 .text          0x00000000800395d0      0x468 /usr/lib/n64/libultra_d.a(vimgr.o)
                0x00000000800395d0                osCreateViManager
 *fill*         0x0000000080039a38        0x8 
 .text          0x0000000080039a40       0xd0 /usr/lib/n64/libultra_d.a(visetevent.o)
                0x0000000080039a40                osViSetEvent
 .text          0x0000000080039b10       0xd0 /usr/lib/n64/libultra_d.a(visetmode.o)
                0x0000000080039b10                osViSetMode
 .text          0x0000000080039be0      0x28c /usr/lib/n64/libultra_d.a(visetspecial.o)
                0x0000000080039be0                osViSetSpecialFeatures
 *fill*         0x0000000080039e6c        0x4 
 .text          0x0000000080039e70      0x128 /usr/lib/n64/libultra_d.a(visetyscale.o)
                0x0000000080039e70                osViSetYScale
 *fill*         0x0000000080039f98        0x8 
 .text          0x0000000080039fa0       0xf0 /usr/lib/n64/libultra_d.a(viswapbuf.o)
                0x0000000080039fa0                osViSwapBuffer
 .text          0x000000008003a090      0x3bc /usr/lib/n64/libultra_d.a(viswapcontext.o)
                0x000000008003a090                __osViSwapContext
 *fill*         0x000000008003a44c        0x4 
 .text          0x000000008003a450        0x0 /usr/lib/n64/libultra_d.a(vitbl.o)
 .text          0x000000008003a450      0x654 /usr/lib/n64/libultra_d.a(timerintr.o)
                0x000000008003a450                __osTimerServicesInit
                0x000000008003a4fc                __osTimerInterrupt
                0x000000008003a820                __osSetTimerIntr
                0x000000008003a90c                __osInsertTimer
 *fill*         0x000000008003aaa4        0xc 
 .text          0x000000008003aab0      0x264 /usr/lib/n64/libultra_d.a(crc.o)
                0x000000008003aab0                __osContAddressCrc
                0x000000008003abc8                __osContDataCrc
 *fill*         0x000000008003ad14        0xc 
 .text          0x000000008003ad20      0x110 /usr/lib/n64/libultra_d.a(siacs.o)
                0x000000008003ad20                __osSiCreateAccessQueue
                0x000000008003ad8c                __osSiGetAccess
                0x000000008003adec                __osSiRelAccess
 .text          0x000000008003ae30      0x118 /usr/lib/n64/libultra_d.a(sirawdma.o)
                0x000000008003ae30                __osSiRawStartDma
 *fill*         0x000000008003af48        0x8 
 .text          0x000000008003af50       0xbc /usr/lib/n64/libultra_d.a(sirawread.o)
                0x000000008003af50                __osSiRawReadIo
 *fill*         0x000000008003b00c        0x4 
 .text          0x000000008003b010       0x94 /usr/lib/n64/libultra_d.a(sirawwrite.o)
                0x000000008003b010                __osSiRawWriteIo
 *fill*         0x000000008003b0a4        0xc 
 .text          0x000000008003b0b0      0x24c /usr/lib/n64/libultra_d.a(cosf.o)
                0x000000008003b0b0                fcos
                0x000000008003b0b0                cosf
                0x000000008003b0b0                __cosf
 *fill*         0x000000008003b2fc        0x4 
 .text          0x000000008003b300      0x4b4 /usr/lib/n64/libultra_d.a(lookat.o)
                0x000000008003b300                guLookAtF
                0x000000008003b718                guLookAt
 *fill*         0x000000008003b7b4        0xc 
 .text          0x000000008003b7c0      0x414 /usr/lib/n64/libultra_d.a(mtxutil.o)
                0x000000008003b7c0                guMtxF2L
                0x000000008003b928                guMtxL2F
                0x000000008003baa4                guMtxIdentF
                0x000000008003bb80                guMtxIdent
 *fill*         0x000000008003bbd4        0xc 
 .text          0x000000008003bbe0      0x294 /usr/lib/n64/libultra_d.a(ortho.o)
                0x000000008003bbe0                guOrthoF
                0x000000008003bde8                guOrtho
 *fill*         0x000000008003be74        0xc 
 .text          0x000000008003be80      0x320 /usr/lib/n64/libultra_d.a(perspective.o)
                0x000000008003be80                guPerspectiveF
                0x000000008003c11c                guPerspective
 .text          0x000000008003c1a0      0x2c0 /usr/lib/n64/libultra_d.a(sinf.o)
                0x000000008003c1a0                fsin
                0x000000008003c1a0                __sinf
                0x000000008003c1a0                sinf
 .text          0x000000008003c460      0x5bc /usr/lib/n64/libultra_d.a(bnkf.o)
                0x000000008003c460                alSeqFileNew
                0x000000008003c4fc                alBnkfNew
 *fill*         0x000000008003ca1c        0x4 
 .text          0x000000008003ca20       0xb8 /usr/lib/n64/libultra_d.a(cents2ratio.o)
                0x000000008003ca20                alCents2Ratio
 *fill*         0x000000008003cad8        0x8 
 .text          0x000000008003cae0     0x13d8 /usr/lib/n64/libultra_d.a(cseq.o)
                0x000000008003cae0                alCSeqNew
                0x000000008003cca8                alCSeqNextEvent
                0x000000008003ce94                __alCSeqNextDelta
                0x000000008003d4cc                alCSeqTicksToSec
                0x000000008003d578                alCSeqSecToTicks
                0x000000008003d644                alCSeqGetTicks
                0x000000008003d670                alCSeqNewMarker
                0x000000008003d82c                alCSeqSetLoc
                0x000000008003d988                alCSeqGetLoc
 *fill*         0x000000008003deb8        0x8 
 .text          0x000000008003dec0      0xbc8 /usr/lib/n64/libultra_d.a(drvrNew.o)
                0x000000008003dec0                _init_lpfilter
                0x000000008003e024                alFxNew
                0x000000008003e638                alEnvmixerNew
                0x000000008003e774                alLoadNew
                0x000000008003e86c                alResampleNew
                0x000000008003e934                alAuxBusNew
                0x000000008003e9ac                alMainBusNew
                0x000000008003ea24                alSaveNew
 *fill*         0x000000008003ea88        0x8 
 .text          0x000000008003ea90     0x15d4 /usr/lib/n64/libultra_d.a(env.o)
                0x000000008003ea90                alEnvmixerPull
                0x000000008003f3e0                alEnvmixerParam
                0x000000008003fac4                _frexpf
                0x000000008003fc24                _ldexpf
 *fill*         0x0000000080040064        0xc 
 .text          0x0000000080040070       0x70 /usr/lib/n64/libultra_d.a(filter.o)
                0x0000000080040070                alFilterNew
 .text          0x00000000800400e0      0x16c /usr/lib/n64/libultra_d.a(heapalloc.o)
                0x00000000800400e0                alHeapDBAlloc
 *fill*         0x000000008004024c        0x4 
 .text          0x0000000080040250       0xa0 /usr/lib/n64/libultra_d.a(heapinit.o)
                0x0000000080040250                alHeapInit
 .text          0x00000000800402f0     0x1430 /usr/lib/n64/libultra_d.a(load.o)
                0x00000000800402f0                alAdpcmPull
                0x0000000080040a9c                alRaw16Pull
                0x0000000080041188                alLoadParam
 .text          0x0000000080041720      0x254 /usr/lib/n64/libultra_d.a(mainbus.o)
                0x0000000080041720                alMainBusPull
                0x00000000800418ec                alMainBusParam
 *fill*         0x0000000080041974        0xc 
 .text          0x0000000080041980      0x4a8 /usr/lib/n64/libultra_d.a(resample.o)
                0x0000000080041980                alResamplePull
                0x0000000080041c60                alResampleParam
 *fill*         0x0000000080041e28        0x8 
 .text          0x0000000080041e30     0x1418 /usr/lib/n64/libultra_d.a(reverb.o)
                0x0000000080041e30                alFxPull
                0x00000000800423f4                alFxParam
                0x0000000080042448                alFxParamHdl
                0x00000000800427cc                _loadOutputBuffer
                0x0000000080042ae4                _loadBuffer
                0x0000000080042d98                _saveBuffer
                0x0000000080043014                _filterBuffer
                0x000000008004314c                _doModFunc
 *fill*         0x0000000080043248        0x8 
 .text          0x0000000080043250      0x200 /usr/lib/n64/libultra_d.a(save.o)
                0x0000000080043250                alSavePull
                0x00000000800433bc                alSaveParam
 .text          0x0000000080043450      0xc0c /usr/lib/n64/libultra_d.a(seq.o)
                0x0000000080043450                alSeqNew
                0x0000000080043628                alSeqNextEvent
                0x00000000800439e4                __alSeqNextDelta
                0x0000000080043a7c                alSeqTicksToSec
                0x0000000080043b0c                alSeqSecToTicks
                0x0000000080043bc0                alSeqNewMarker
                0x0000000080043d5c                alSeqGetTicks
                0x0000000080043d88                alSeqSetLoc
                0x0000000080043de4                alSeqGetLoc
 *fill*         0x000000008004405c        0x4 
 .text          0x0000000080044060      0x1a4 /usr/lib/n64/libultra_d.a(sl.o)
                0x0000000080044060                alInit
                0x00000000800440c8                alClose
                0x0000000080044120                alLink
                0x0000000080044194                alUnlink
 *fill*         0x0000000080044204        0xc 
 .text          0x0000000080044210       0x30 /usr/lib/n64/libultra_d.a(syndelete.o)
                0x0000000080044210                alSynDelete
 .text          0x0000000080044240      0xaa0 /usr/lib/n64/libultra_d.a(synthesizer.o)
                0x0000000080044240                alSynNew
                0x0000000080044718                alAudioFrame
                0x0000000080044998                __allocParam
                0x0000000080044a04                __freeParam
                0x0000000080044a54                _collectPVoices
                0x0000000080044ad4                _freePVoice
                0x0000000080044ba4                _timeToSamples
 .text          0x0000000080044ce0        0x0 /usr/lib/n64/libultra_d.a(vimodempallan1.o)
 .text          0x0000000080044ce0        0x0 /usr/lib/n64/libultra_d.a(vimodentsclan1.o)
 .text          0x0000000080044ce0        0x0 /usr/lib/n64/libultra_d.a(vimodepallan1.o)
 .text          0x0000000080044ce0       0x2c /usr/lib/n64/libultra_d.a(aigetlen.o)
                0x0000000080044ce0                osAiGetLength
 *fill*         0x0000000080044d0c        0x4 
 .text          0x0000000080044d10       0x2c /usr/lib/n64/libultra_d.a(aigetstat.o)
                0x0000000080044d10                osAiGetStatus
 *fill*         0x0000000080044d3c        0x4 
 .text          0x0000000080044d40      0x278 /usr/lib/n64/libultra_d.a(aisetfreq.o)
                0x0000000080044d40                osAiSetFrequency
 *fill*         0x0000000080044fb8        0x8 
 .text          0x0000000080044fc0      0x134 /usr/lib/n64/libultra_d.a(aisetnextbuf.o)
                0x0000000080044fc0                osAiSetNextBuffer
 *fill*         0x00000000800450f4        0xc 
 .text          0x0000000080045100       0xf0 /usr/lib/n64/libultra_d.a(contquery.o)
                0x0000000080045100                osContStartQuery
                0x00000000800451ac                osContGetQuery
 .text          0x00000000800451f0      0x2d0 /usr/lib/n64/libultra_d.a(contreaddata.o)
                0x00000000800451f0                osContStartReadData
                0x00000000800452a0                osContGetReadData
 .text          0x00000000800454c0      0x474 /usr/lib/n64/libultra_d.a(controller.o)
                0x00000000800454c0                osContInit
                0x00000000800456b0                __osContGetInitData
                0x0000000080045804                __osPackRequestData
 *fill*         0x0000000080045934        0xc 
 .text          0x0000000080045940       0x60 /usr/lib/n64/libultra_d.a(parameters.o)
 .text          0x00000000800459a0       0x20 /usr/lib/n64/libultra_d.a(errorasm.o)
                0x00000000800459a0                __osError
 .text          0x00000000800459c0      0xf00 /usr/lib/n64/libultra_d.a(exceptasm.o)
                0x00000000800459c0                __osExceptionPreamble
                0x00000000800459d0                __ptExceptionPreamble
                0x00000000800459f0                __ptException
                0x0000000080045a94                __osException
                0x0000000080046494                send_mesg
                0x0000000080046554                handle_CpU
                0x000000008004658c                __osEnqueueAndYield
                0x000000008004669c                __osEnqueueThread
                0x00000000800466e8                __osPopThread
                0x00000000800466fc                __osNop
                0x0000000080046704                __osDispatchThread
                0x00000000800468b0                __osCleanupThread
 .text          0x00000000800468c0       0x8c /usr/lib/n64/libultra_d.a(interrupt.o)
                0x00000000800468c0                __osDisableInt
                0x0000000080046930                __osRestoreInt
 *fill*         0x000000008004694c        0x4 
 .text          0x0000000080046950       0xa0 /usr/lib/n64/libultra_d.a(setintmask.o)
                0x0000000080046950                osSetIntMask
 .text          0x00000000800469f0      0x180 /usr/lib/n64/libultra_d.a(monutil.o)
                0x00000000800469f0                __isExpJP
                0x0000000080046a0c                __isExp
                0x0000000080046b50                MonitorInitBreak
 .text          0x0000000080046b70       0x60 /usr/lib/n64/libultra_d.a(normalize.o)
                0x0000000080046b70                guNormalize
 .text          0x0000000080046bd0       0xc0 /usr/lib/n64/libultra_d.a(scale.o)
                0x0000000080046bd0                guScale
 .text          0x0000000080046c90       0xe0 /usr/lib/n64/libultra_d.a(translate.o)
                0x0000000080046c90                guTranslate
 .text          0x0000000080046d70       0x58 /usr/lib/n64/libultra_d.a(maptlbrdb.o)
                0x0000000080046d70                osMapTLBRdb
 *fill*         0x0000000080046dc8        0x8 
 .text          0x0000000080046dd0       0xb8 /usr/lib/n64/libultra_d.a(probetlb.o)
                0x0000000080046dd0                __osProbeTLB
 *fill*         0x0000000080046e88        0x8 
 .text          0x0000000080046e90       0x44 /usr/lib/n64/libultra_d.a(unmaptlball.o)
                0x0000000080046e90                osUnmapTLBAll
 *fill*         0x0000000080046ed4        0xc 
 .text          0x0000000080046ee0        0xc /usr/lib/n64/libultra_d.a(getcause.o)
                0x0000000080046ee0                __osGetCause
 *fill*         0x0000000080046eec        0x4 
 .text          0x0000000080046ef0        0xc /usr/lib/n64/libultra_d.a(getcount.o)
                0x0000000080046ef0                osGetCount
 *fill*         0x0000000080046efc        0x4 
 .text          0x0000000080046f00        0xc /usr/lib/n64/libultra_d.a(getsr.o)
                0x0000000080046f00                __osGetSR
 *fill*         0x0000000080046f0c        0x4 
 .text          0x0000000080046f10        0xc /usr/lib/n64/libultra_d.a(setcompare.o)
                0x0000000080046f10                __osSetCompare
 *fill*         0x0000000080046f1c        0x4 
 .text          0x0000000080046f20       0x10 /usr/lib/n64/libultra_d.a(setfpccsr.o)
                0x0000000080046f20                __osSetFpcCsr
 .text          0x0000000080046f30       0x10 /usr/lib/n64/libultra_d.a(setsr.o)
                0x0000000080046f30                __osSetSR
 .text          0x0000000080046f40       0x10 /usr/lib/n64/libultra_d.a(setwatchlo.o)
                0x0000000080046f40                __osSetWatchLo
 .text          0x0000000080046f50      0x144 /usr/lib/n64/libultra_d.a(bcmp.o)
                0x0000000080046f50                bcmp
 *fill*         0x0000000080047094        0xc 
 .text          0x00000000800470a0      0x358 /usr/lib/n64/libultra_d.a(bcopy.o)
                0x00000000800470a0                bcopy
 *fill*         0x00000000800473f8        0x8 
 .text          0x0000000080047400       0xb8 /usr/lib/n64/libultra_d.a(bzero.o)
                0x0000000080047400                bzero
 *fill*         0x00000000800474b8        0x8 
 .text          0x00000000800474c0        0x0 /usr/lib/n64/libultra_d.a(libm_vals.o)
 .text          0x00000000800474c0        0xc /usr/lib/n64/libultra_d.a(sqrtf.o)
                0x00000000800474c0                sqrtf
 *fill*         0x00000000800474cc        0x4 
 .text          0x00000000800474d0       0xb0 /usr/lib/n64/libultra_d.a(invaldcache.o)
                0x00000000800474d0                osInvalDCache
 .text          0x0000000080047580       0x74 /usr/lib/n64/libultra_d.a(invalicache.o)
                0x0000000080047580                osInvalICache
 *fill*         0x00000000800475f4        0xc 
 .text          0x0000000080047600       0x28 /usr/lib/n64/libultra_d.a(writebackdcacheall.o)
                0x0000000080047600                osWritebackDCacheAll
 *fill*         0x0000000080047628        0x8 
 .text          0x0000000080047630       0x74 /usr/lib/n64/libultra_d.a(writebackdcache.o)
                0x0000000080047630                osWritebackDCache
 *fill*         0x00000000800476a4        0xc 
 .text          0x00000000800476b0     0x1450 /usr/lib/n64/libultra_d.a(contpfs.o)
                0x00000000800476b0                __osSumcalc
                0x0000000080047738                __osIdCheckSum
                0x0000000080047810                __osRepairPackId
                0x0000000080047db8                __osCheckPackId
                0x0000000080047fd4                __osGetId
                0x00000000800482bc                __osCheckId
                0x0000000080048420                __osPfsRWInode
                0x0000000080048974                __osDumpId
 .text          0x0000000080048b00      0x310 /usr/lib/n64/libultra_d.a(contramwrite.o)
                0x0000000080048b00                __osContRamWrite
 .text          0x0000000080048e10      0xb4c /usr/lib/n64/libultra_d.a(pfschecker.o)
                0x0000000080048e10                osPfsChecker
                0x0000000080049570                corrupted_init
                0x0000000080049778                corrupted
 *fill*         0x000000008004995c        0x4 
 .text          0x0000000080049960       0xb8 /usr/lib/n64/libultra_d.a(commonerror.o)
 *fill*         0x0000000080049a18        0x8 
 .text          0x0000000080049a20      0x628 /usr/lib/n64/libultra_d.a(devmgr.o)
                0x0000000080049a20                __osDevMgrMain
 *fill*         0x000000008004a048        0x8 
 .text          0x000000008004a050      0x448 /usr/lib/n64/libultra_d.a(epirawdma.o)
                0x000000008004a050                __osEPiRawStartDma
 *fill*         0x000000008004a498        0x8 
 .text          0x000000008004a4a0      0x2f4 /usr/lib/n64/libultra_d.a(epirawread.o)
                0x000000008004a4a0                __osEPiRawReadIo
 *fill*         0x000000008004a794        0xc 
 .text          0x000000008004a7a0      0x2cc /usr/lib/n64/libultra_d.a(epirawwrite.o)
                0x000000008004a7a0                __osEPiRawWriteIo
 *fill*         0x000000008004aa6c        0x4 
 .text          0x000000008004aa70       0x98 /usr/lib/n64/libultra_d.a(epiread.o)
                0x000000008004aa70                osEPiReadIo
 *fill*         0x000000008004ab08        0x8 
 .text          0x000000008004ab10       0x98 /usr/lib/n64/libultra_d.a(epiwrite.o)
                0x000000008004ab10                osEPiWriteIo
 *fill*         0x000000008004aba8        0x8 
 .text          0x000000008004abb0       0x6c /usr/lib/n64/libultra_d.a(resetglobalintmask.o)
                0x000000008004abb0                __osResetGlobalIntMask
 *fill*         0x000000008004ac1c        0x4 
 .text          0x000000008004ac20       0x60 /usr/lib/n64/libultra_d.a(setglobalintmask.o)
                0x000000008004ac20                __osSetGlobalIntMask
 .text          0x000000008004ac80       0x5c /usr/lib/n64/libultra_d.a(assert.o)
                0x000000008004ac80                __assert
 *fill*         0x000000008004acdc        0x4 
 .text          0x000000008004ace0      0x3e8 /usr/lib/n64/libultra_d.a(kdebugserver.o)
                0x000000008004af90                kdebugserver
 *fill*         0x000000008004b0c8        0x8 
 .text          0x000000008004b0d0       0xd0 /usr/lib/n64/libultra_d.a(threadprofile.o)
                0x000000008004b0d0                osThreadProfileCallback
 .text          0x000000008004b1a0      0x138 /usr/lib/n64/libultra_d.a(destroythread.o)
                0x000000008004b1a0                osDestroyThread
 *fill*         0x000000008004b2d8        0x8 
 .text          0x000000008004b2e0       0x6c /usr/lib/n64/libultra_d.a(yieldthread.o)
                0x000000008004b2e0                osYieldThread
 *fill*         0x000000008004b34c        0x4 
 .text          0x000000008004b350       0x50 /usr/lib/n64/libultra_d.a(sp.o)
                0x000000008004b350                __osSpDeviceBusy
 .text          0x000000008004b3a0       0x2c /usr/lib/n64/libultra_d.a(spgetstat.o)
                0x000000008004b3a0                __osSpGetStatus
 *fill*         0x000000008004b3cc        0x4 
 .text          0x000000008004b3d0      0x144 /usr/lib/n64/libultra_d.a(sprawdma.o)
                0x000000008004b3d0                __osSpRawStartDma
 *fill*         0x000000008004b514        0xc 
 .text          0x000000008004b520       0x38 /usr/lib/n64/libultra_d.a(spsetstat.o)
                0x000000008004b520                __osSpSetStatus
 *fill*         0x000000008004b558        0x8 
 .text          0x000000008004b560     0x11d4 /usr/lib/n64/libultra_d.a(xldtob.o)
                0x000000008004b560                _Ldtob
 *fill*         0x000000008004c734        0xc 
 .text          0x000000008004c740      0x3ac /usr/lib/n64/libultra_d.a(xlitob.o)
                0x000000008004c740                _Litob
 *fill*         0x000000008004caec        0x4 
 .text          0x000000008004caf0       0xb4 /usr/lib/n64/libultra_d.a(initrdb.o)
                0x000000008004caf0                osInitRdb
 *fill*         0x000000008004cba4        0xc 
 .text          0x000000008004cbb0       0xf4 /usr/lib/n64/libultra_d.a(readhost.o)
                0x000000008004cbb0                osReadHost
 *fill*         0x000000008004cca4        0xc 
 .text          0x000000008004ccb0       0x28 /usr/lib/n64/libultra_d.a(vigetcurrcontext.o)
                0x000000008004ccb0                __osViGetCurrentContext
 *fill*         0x000000008004ccd8        0x8 
 .text          0x000000008004cce0       0xe4 /usr/lib/n64/libultra_d.a(gettime.o)
                0x000000008004cce0                osGetTime
 *fill*         0x000000008004cdc4        0xc 
 .text          0x000000008004cdd0      0x224 /usr/lib/n64/libultra_d.a(settimer.o)
                0x000000008004cdd0                osSetTimer
 *fill*         0x000000008004cff4        0xc 
 .text          0x000000008004d000       0x50 /usr/lib/n64/libultra_d.a(si.o)
                0x000000008004d000                __osSiDeviceBusy
 .text          0x000000008004d050      0x1c4 /usr/lib/n64/libultra_d.a(auxbus.o)
                0x000000008004d050                alAuxBusPull
                0x000000008004d18c                alAuxBusParam
 *fill*         0x000000008004d214        0xc 
 .text          0x000000008004d220       0x90 /usr/lib/n64/libultra_d.a(copy.o)
                0x000000008004d220                alCopy
 .text          0x000000008004d2b0      0x158 /usr/lib/n64/libultra_d.a(synallocfx.o)
                0x000000008004d2b0                alSynAllocFX
 *fill*         0x000000008004d408        0x8 
 .text          0x000000008004d410       0x50 /usr/lib/n64/libultra_d.a(ai.o)
                0x000000008004d410                __osAiDeviceBusy
 .text          0x000000008004d460      0x268 /usr/lib/n64/libultra_d.a(rmonsio.o)
                0x000000008004d460                __rmonSendFault
                0x000000008004d4f4                __rmonIOflush
                0x000000008004d564                __rmonIOputw
                0x000000008004d5f4                __rmonIOhandler
 *fill*         0x000000008004d6c8        0x8 
 .text          0x000000008004d6d0        0x8 /usr/lib/n64/libultra_d.a(assertbreak.o)
                0x000000008004d6d0                __assertBreak
 *fill*         0x000000008004d6d8        0x8 
 .text          0x000000008004d6e0      0x214 /usr/lib/n64/libultra_d.a(ldiv.o)
                0x000000008004d6e0                ldiv
                0x000000008004d78c                lldiv
 *fill*         0x000000008004d8f4        0xc 
 .text          0x000000008004d900       0xe8 /usr/lib/n64/libultra_d.a(rmoncmds.o)
                0x000000008004d928                __rmonExecute
 *fill*         0x000000008004d9e8        0x8 
 .text          0x000000008004d9f0      0x458 /usr/lib/n64/libultra_d.a(rmonmain.o)
                0x000000008004d9f0                __rmonSendHeader
                0x000000008004daac                __rmonSendReply
                0x000000008004db70                __rmonSendData
                0x000000008004dcbc                rmonMain
 *fill*         0x000000008004de48        0x8 
 .text          0x000000008004de50      0xb0c /usr/lib/n64/libultra_d.a(rmonmem.o)
                0x000000008004de50                __rmonWriteWordTo
                0x000000008004dea8                __rmonReadWordAt
                0x000000008004df24                __rmonMemcpy
                0x000000008004df94                __rmonCopyWords
                0x000000008004e064                __rmonReadMem
                0x000000008004e2a4                __rmonWriteMem
                0x000000008004e52c                __rmonListProcesses
                0x000000008004e5c0                __rmonLoadProgram
                0x000000008004e5e8                __rmonGetExeName
                0x000000008004e6c0                __rmonGetRegionCount
                0x000000008004e754                __rmonGetRegions
 *fill*         0x000000008004e95c        0x4 
 .text          0x000000008004e960      0x1ec /usr/lib/n64/libultra_d.a(rmonmisc.o)
                0x000000008004e960                __rmonSetFault
                0x000000008004e9cc                __rmonInit
                0x000000008004ead8                __rmonPanic
                0x000000008004eaf0                __rmonSetComm
 *fill*         0x000000008004eb4c        0x4 
 .text          0x000000008004eb50      0xf74 /usr/lib/n64/libultra_d.a(rmonregs.o)
                0x000000008004eef0                __rmonGetGRegisters
                0x000000008004f06c                __rmonSetGRegisters
                0x000000008004f214                __rmonGetFRegisters
                0x000000008004f2f8                __rmonSetFRegisters
                0x000000008004f464                __rmonGetSRegs
                0x000000008004f600                __rmonSetSRegs
                0x000000008004f76c                __rmonGetVRegs
                0x000000008004f8b8                __rmonSetVRegs
                0x000000008004f9b0                __rmonGetRegisterContents
 *fill*         0x000000008004fac4        0xc 
 .text          0x000000008004fad0      0xc48 /usr/lib/n64/libultra_d.a(rmontask.o)
                0x000000008004fad0                __rmonMaskIdleThreadInts
                0x000000008004fb64                __rmonGetTCB
                0x000000008004fbf0                __rmonStopUserThreads
                0x000000008004fd14                __rmonListThreads
                0x000000008004fe68                __rmonGetThreadStatus
                0x0000000080050198                __rmonThreadStatus
                0x0000000080050238                __rmonStopThread
                0x00000000800503e4                __rmonRunThread
 *fill*         0x0000000080050718        0x8 
 .text          0x0000000080050720       0xa8 /usr/lib/n64/libultra_d.a(rmonrcp.o)
                0x0000000080050720                __rmonRCPrunning
                0x0000000080050744                __rmonIdleRCP
                0x0000000080050788                __rmonStepRCP
                0x00000000800507a0                __rmonRunRCP
 *fill*         0x00000000800507c8        0x8 
 .text          0x00000000800507d0       0x28 /usr/lib/n64/libultra_d.a(getactivequeue.o)
                0x00000000800507d0                __osGetActiveQueue
 *fill*         0x00000000800507f8        0x8 
 .text          0x0000000080050800       0xbc /usr/lib/n64/libultra_d.a(sprawread.o)
                0x0000000080050800                __osSpRawReadIo
 *fill*         0x00000000800508bc        0x4 
 .text          0x00000000800508c0       0x94 /usr/lib/n64/libultra_d.a(sprawwrite.o)
                0x00000000800508c0                __osSpRawWriteIo
 *fill*         0x0000000080050954        0xc 
 .text          0x0000000080050960      0xe24 /usr/lib/n64/libultra_d.a(rmonbrk.o)
                0x0000000080050b7c                __rmonSetBreak
                0x0000000080050d94                __rmonListBreak
                0x0000000080050dbc                __rmonClearBreak
                0x0000000080050f6c                __rmonGetBranchTarget
                0x00000000800512cc                __rmonSetSingleStep
                0x00000000800513cc                __rmonGetExceptionStatus
                0x0000000080051540                __rmonHitBreak
                0x0000000080051588                __rmonHitSpBreak
                0x0000000080051620                __rmonHitCpuFault
 build/src/buffers*.o(.text)
 *fill*         0x0000000080051784        0xc 
 .text          0x0000000080051790        0x0 build/src/buffers/compressionbuffer.o
 build/asm/compression.o(.text)
 .text          0x0000000080051790       0x98 build/asm/compression.o
                0x0000000080051790                slidec1
 build/asm/mathtables.o(.text)
 *fill*         0x0000000080051828        0x8 
 .text          0x0000000080051830        0x0 build/asm/mathtables.o
 */libultra_rom.a:*.o(.text)
 */libnusys.a:*.o(.text)
 .text          0x0000000080051830       0x74 /usr/lib/n64/nusys/libnusys.a(nucontdatagetex.o)
                0x0000000080051830                nuContDataGetEx
 *fill*         0x00000000800518a4        0xc 
 .text          0x00000000800518b0       0x3c /usr/lib/n64/nusys/libnusys.a(nucontinit.o)
                0x00000000800518b0                nuContInit
 *fill*         0x00000000800518ec        0x4 
 .text          0x00000000800518f0      0x2e0 /usr/lib/n64/nusys/libnusys.a(nucontmgr.o)
                0x0000000080051948                nuContMgrInit
                0x0000000080051a04                nuContMgrRemove
                0x0000000080051a10                nuContDataClose
                0x0000000080051a24                nuContDataOpen
 .text          0x0000000080051bd0      0x1ec /usr/lib/n64/nusys/libnusys.a(nucontpakmgr.o)
                0x0000000080051da4                nuContPakMgrInit
                0x0000000080051db0                nuContPakMgrRemove
 *fill*         0x0000000080051dbc        0x4 
 .text          0x0000000080051dc0        0xc /usr/lib/n64/nusys/libnusys.a(nucontqueryread.o)
                0x0000000080051dc0                nuContQueryRead
 *fill*         0x0000000080051dcc        0x4 
 .text          0x0000000080051dd0      0x414 /usr/lib/n64/nusys/libnusys.a(nucontrmbmgr.o)
                0x00000000800521a0                nuContRmbMgrInit
                0x00000000800521d8                nuContRmbMgrRemove
 *fill*         0x00000000800521e4        0xc 
 .text          0x00000000800521f0       0x44 /usr/lib/n64/nusys/libnusys.a(nudebconcputs.o)
                0x00000000800521f0                nuDebConCPuts
 *fill*         0x0000000080052234        0xc 
 .text          0x0000000080052240      0x468 /usr/lib/n64/nusys/libnusys.a(nudebcondisp_ex2.o)
                0x0000000080052240                nuDebConDispEX2
 *fill*         0x00000000800526a8        0x8 
 .text          0x00000000800526b0       0x84 /usr/lib/n64/nusys/libnusys.a(nudebconputc.o)
                0x00000000800526b0                nuDebConPutc
 *fill*         0x0000000080052734        0xc 
 .text          0x0000000080052740      0x1b0 /usr/lib/n64/nusys/libnusys.a(nudebconsole.o)
                0x0000000080052740                nuDebConRtn
                0x00000000800527e8                nuDebConInc
                0x0000000080052820                nuDebConEsc
 .text          0x00000000800528f0       0xa0 /usr/lib/n64/nusys/libnusys.a(nudebcontextpos.o)
                0x00000000800528f0                nuDebConTextPos
 .text          0x0000000080052990        0x0 /usr/lib/n64/nusys/libnusys.a(nufont.o)
 .text          0x0000000080052990       0x10 /usr/lib/n64/nusys/libnusys.a(nugfxdisplayoff.o)
                0x0000000080052990                nuGfxDisplayOff
 .text          0x00000000800529a0       0x10 /usr/lib/n64/nusys/libnusys.a(nugfxdisplayon.o)
                0x00000000800529a0                nuGfxDisplayOn
 .text          0x00000000800529b0       0x38 /usr/lib/n64/nusys/libnusys.a(nugfxfuncset.o)
                0x00000000800529b0                nuGfxFuncSet
 *fill*         0x00000000800529e8        0x8 
 .text          0x00000000800529f0       0xb4 /usr/lib/n64/nusys/libnusys.a(nugfxinit_ex2.o)
                0x00000000800529f0                nuGfxInitEX2
 *fill*         0x0000000080052aa4        0xc 
 .text          0x0000000080052ab0      0x104 /usr/lib/n64/nusys/libnusys.a(nugfxsetcfb.o)
                0x0000000080052ab0                nuGfxSetCfb
 *fill*         0x0000000080052bb4        0xc 
 .text          0x0000000080052bc0       0x14 /usr/lib/n64/nusys/libnusys.a(nugfxsetucodefifo.o)
                0x0000000080052bc0                nuGfxSetUcodeFifo
 *fill*         0x0000000080052bd4        0xc 
 .text          0x0000000080052be0        0x8 /usr/lib/n64/nusys/libnusys.a(nugfxswapcfb.o)
                0x0000000080052be0                nuGfxSwapCfb
 *fill*         0x0000000080052be8        0x8 
 .text          0x0000000080052bf0       0x34 /usr/lib/n64/nusys/libnusys.a(nugfxswapcfbfuncset.o)
                0x0000000080052bf0                nuGfxSwapCfbFuncSet
 *fill*         0x0000000080052c24        0xc 
 .text          0x0000000080052c30       0x18 /usr/lib/n64/nusys/libnusys.a(nugfxtaskallendwait.o)
                0x0000000080052c30                nuGfxTaskAllEndWait
 *fill*         0x0000000080052c48        0x8 
 .text          0x0000000080052c50      0x360 /usr/lib/n64/nusys/libnusys.a(nugfxtaskmgr.o)
                0x0000000080052c50                nuGfxTaskMgr
                0x0000000080052d4c                nuGfxTaskMgrInit
                0x0000000080052e5c                nuGfxTaskStart
 .text          0x0000000080052fb0      0x108 /usr/lib/n64/nusys/libnusys.a(nugfxthread.o)
                0x0000000080053068                nuGfxThreadStart
 *fill*         0x00000000800530b8        0x8 
 .text          0x00000000800530c0       0x40 /usr/lib/n64/nusys/libnusys.a(nupiinit.o)
                0x00000000800530c0                nuPiInit
 .text          0x0000000080053100       0xcc /usr/lib/n64/nusys/libnusys.a(nupireadrom.o)
                0x0000000080053100                nuPiReadRom
 *fill*         0x00000000800531cc        0x4 
 .text          0x00000000800531d0        0x0 /usr/lib/n64/nusys/libnusys.a(nurdpoutput.o)
 .text          0x00000000800531d0      0x808 /usr/lib/n64/nusys/libnusys.a(nusched.o)
                0x0000000080053488                nuScCreateScheduler
                0x00000000800536c4                nuScGetAudioMQ
                0x00000000800536d0                nuScGetGfxMQ
                0x00000000800536dc                nuScAddClient
                0x0000000080053774                nuScResetClientMesgType
                0x00000000800537b0                nuScRemoveClient
                0x00000000800539c0                nuScSetFrameBufferNum
                0x00000000800539cc                nuScGetFrameRate
 *fill*         0x00000000800539d8        0x8 
 .text          0x00000000800539e0       0xa4 /usr/lib/n64/nusys/libnusys.a(nusicallbackadd.o)
                0x00000000800539e0                nuSiCallBackAdd
 *fill*         0x0000000080053a84        0xc 
 .text          0x0000000080053a90       0x7c /usr/lib/n64/nusys/libnusys.a(nusicallbackremove.o)
                0x0000000080053a90                nuSiCallBackRemove
 *fill*         0x0000000080053b0c        0x4 
 .text          0x0000000080053b10      0x268 /usr/lib/n64/nusys/libnusys.a(nusimgr.o)
                0x0000000080053c6c                nuSiMgrInit
                0x0000000080053cfc                nuSiSendMesg
                0x0000000080053d60                nuSiMgrStop
                0x0000000080053d6c                nuSiMgrRestart
 *fill*         0x0000000080053d78        0x8 
 .text          0x0000000080053d80        0x0 /usr/lib/n64/nusys/libnusys.a(nuyieldbuf.o)
 .text          0x0000000080053d80       0x54 /usr/lib/n64/nusys/libnusys.a(nucontdatalock.o)
                0x0000000080053d80                nuContDataLock
                0x0000000080053dac                nuContDataUnLock
 *fill*         0x0000000080053dd4        0xc 
 .text          0x0000000080053de0        0x0 /usr/lib/n64/nusys/libnusys.a(nudebconbuf.o)
 .text          0x0000000080053de0        0x0 /usr/lib/n64/nusys/libnusys.a(nudramstack.o)
 .text          0x0000000080053de0       0x64 /usr/lib/n64/nusys/libnusys.a(nugfxretracewait.o)
                0x0000000080053de0                nuGfxRetraceWait
 */libnualsgi_n.a:*.o(.text)
 *fill*         0x0000000080053e44        0xc 
 .text          0x0000000080053e50       0x7c /usr/lib/n64/nusys/libnualsgi_n.a(nuauinit.o)
                0x0000000080053e50                nuAuInit
 *fill*         0x0000000080053ecc        0x4 
 .text          0x0000000080053ed0      0x4dc /usr/lib/n64/nusys/libnualsgi_n.a(nuaumgr.o)
                0x0000000080054174                nuAuMgrInit
 *fill*         0x00000000800543ac        0x4 
 .text          0x00000000800543b0       0x34 /usr/lib/n64/nusys/libnualsgi_n.a(nuaumgrfuncset.o)
                0x00000000800543b0                nuAuMgrFuncSet
 *fill*         0x00000000800543e4        0xc 
 .text          0x00000000800543f0        0x0 /usr/lib/n64/nusys/libnualsgi_n.a(nuaumgrparams.o)
 .text          0x00000000800543f0       0x34 /usr/lib/n64/nusys/libnualsgi_n.a(nuauprenmifuncset.o)
                0x00000000800543f0                nuAuPreNMIFuncSet
 *fill*         0x0000000080054424        0xc 
 .text          0x0000000080054430       0x58 /usr/lib/n64/nusys/libnualsgi_n.a(nuauprenmiproc.o)
                0x0000000080054430                nuAuPreNMIProc
 *fill*         0x0000000080054488        0x8 
 .text          0x0000000080054490       0xbc /usr/lib/n64/nusys/libnualsgi_n.a(nuauseqplayerbankset.o)
                0x0000000080054490                nuAuSeqPlayerBankSet
 *fill*         0x000000008005454c        0x4 
 .text          0x0000000080054550       0xf4 /usr/lib/n64/nusys/libnualsgi_n.a(nuauseqplayercontrol.o)
                0x0000000080054550                nuAuSeqPlayerControl
 *fill*         0x0000000080054644        0xc 
 .text          0x0000000080054650       0x98 /usr/lib/n64/nusys/libnualsgi_n.a(nuauseqplayerfadeout.o)
                0x0000000080054650                nuAuSeqPlayerFadeOut
 *fill*         0x00000000800546e8        0x8 
 .text          0x00000000800546f0       0x60 /usr/lib/n64/nusys/libnualsgi_n.a(nuauseqplayerinit.o)
                0x00000000800546f0                nuAuSeqPlayerInit
 .text          0x0000000080054750       0xa0 /usr/lib/n64/nusys/libnualsgi_n.a(nuauseqplayerplay.o)
                0x0000000080054750                nuAuSeqPlayerPlay
 .text          0x00000000800547f0       0x80 /usr/lib/n64/nusys/libnualsgi_n.a(nuauseqplayerseqset.o)
                0x00000000800547f0                nuAuSeqPlayerSeqSet
 .text          0x0000000080054870       0x5c /usr/lib/n64/nusys/libnualsgi_n.a(nuauseqplayersetno.o)
                0x0000000080054870                nuAuSeqPlayerSetNo
 *fill*         0x00000000800548cc        0x4 
 .text          0x00000000800548d0       0xb0 /usr/lib/n64/nusys/libnualsgi_n.a(nuausndplayerbankset.o)
                0x00000000800548d0                nuAuSndPlayerBankSet
 .text          0x0000000080054980       0x1c /usr/lib/n64/nusys/libnualsgi_n.a(nuausndplayerinit.o)
                0x0000000080054980                nuAuSndPlayerInit
 *fill*         0x000000008005499c        0x4 
 .text          0x00000000800549a0        0x0 /usr/lib/n64/nusys/libnualsgi_n.a(nuauconfig.o)
 .text          0x00000000800549a0      0x3ac /usr/lib/n64/nusys/libnualsgi_n.a(nuaudma.o)
                0x00000000800549a0                nuAuDmaCallBack
                0x0000000080054b3c                nuAuDmaNew
                0x0000000080054ca8                nuAuCleanDMABuffers
 *fill*         0x0000000080054d4c        0x4 
 .text          0x0000000080054d50       0x78 /usr/lib/n64/nusys/libnualsgi_n.a(nuauheap.o)
                0x0000000080054d50                nuAuHeapInit
                0x0000000080054d58                nuAuHeapAlloc
                0x0000000080054d88                nuAuHeapGetUsed
                0x0000000080054da0                nuAuHeapGetFree
 */libn_audio.a:*.o(.text)
 *fill*         0x0000000080054dc8        0x8 
 .text          0x0000000080054dd0        0x8 /usr/lib/n64/libn_audio.a(n_cspgetstate.o)
                0x0000000080054dd0                n_alCSPGetState
 *fill*         0x0000000080054dd8        0x8 
 .text          0x0000000080054de0        0x8 /usr/lib/n64/libn_audio.a(n_cspgetvol.o)
                0x0000000080054de0                n_alCSPGetVol
 *fill*         0x0000000080054de8        0x8 
 .text          0x0000000080054df0     0x1034 /usr/lib/n64/libn_audio.a(n_csplayer.o)
                0x000000008005577c                n_alCSPNew
                0x00000000800558d8                __n_CSPPostNextSeqEvent
 *fill*         0x0000000080055e24        0xc 
 .text          0x0000000080055e30       0x2c /usr/lib/n64/libn_audio.a(n_cspplay.o)
                0x0000000080055e30                n_alCSPPlay
 *fill*         0x0000000080055e5c        0x4 
 .text          0x0000000080055e60       0x30 /usr/lib/n64/libn_audio.a(n_cspsetbank.o)
                0x0000000080055e60                n_alCSPSetBank
 .text          0x0000000080055e90       0x30 /usr/lib/n64/libn_audio.a(n_cspsetseq.o)
                0x0000000080055e90                n_alCSPSetSeq
 .text          0x0000000080055ec0       0x30 /usr/lib/n64/libn_audio.a(n_cspsetvol.o)
                0x0000000080055ec0                n_alCSPSetVol
 .text          0x0000000080055ef0       0x2c /usr/lib/n64/libn_audio.a(n_cspstop.o)
                0x0000000080055ef0                n_alCSPStop
 *fill*         0x0000000080055f1c        0x4 
 .text          0x0000000080055f20      0x558 /usr/lib/n64/libn_audio.a(n_csq.o)
                0x0000000080056028                n_alCSeqNew
                0x0000000080056100                n_alCSeqNextEvent
                0x00000000800563b0                n_alCSeqNewMarker
 *fill*         0x0000000080056478        0x8 
 .text          0x0000000080056480      0x2a0 /usr/lib/n64/libn_audio.a(n_event.o)
                0x0000000080056480                n_alEvtqNew
                0x00000000800564f8                n_alEvtqNextEvent
                0x000000008005658c                n_alEvtqPostEvent
                0x0000000080056664                n_alEvtqFlushType
 .text          0x0000000080056720     0x1510 /usr/lib/n64/libn_audio.a(n_seqplayer.o)
                0x000000008005678c                __n_unmapVoice
                0x00000000800567e0                __n_seqpReleaseVoice
                0x0000000080056924                __n_voiceNeedsNoteKill
                0x00000000800569c0                __n_mapVoice
                0x0000000080056a0c                __n_lookupVoice
                0x0000000080056a54                __n_lookupSoundQuick
                0x0000000080056ae8                __n_vsVol
                0x0000000080056b68                __n_vsDelta
                0x0000000080056b80                __n_vsPan
                0x0000000080056bc0                __n_resetPerfChanState
                0x0000000080056bf0                __n_initChanState
                0x0000000080056c4c                n_alSeqpNew
                0x0000000080056db4                __n_setInstChanState
                0x000000008005752c                __n_initFromBank
                0x00000000800575a8                __n_seqpStopOsc
                0x000000008005769c                __n_postNextSeqEvent
 .text          0x0000000080057c30       0x78 /usr/lib/n64/libn_audio.a(n_sl.o)
                0x0000000080057c30                n_alInit
                0x0000000080057c6c                n_alClose
 *fill*         0x0000000080057ca8        0x8 
 .text          0x0000000080057cb0      0x6f0 /usr/lib/n64/libn_audio.a(n_sndplayer.o)
                0x000000008005828c                n_alSndpNew
 .text          0x00000000800583a0      0x104 /usr/lib/n64/libn_audio.a(n_synaddplayer.o)
                0x00000000800583a0                n_alSynAddPlayer
                0x00000000800583e8                n_alSynAddSndPlayer
                0x000000008005843c                n_alSynAddSeqPlayer
 *fill*         0x00000000800584a4        0xc 
 .text          0x00000000800584b0      0x16c /usr/lib/n64/libn_audio.a(n_synallocvoice.o)
                0x00000000800584b0                n_alSynAllocVoice
 *fill*         0x000000008005861c        0x4 
 .text          0x0000000080058620       0x1c /usr/lib/n64/libn_audio.a(n_syndelete.o)
                0x0000000080058620                n_alSynDelete
 *fill*         0x000000008005863c        0x4 
 .text          0x0000000080058640       0x84 /usr/lib/n64/libn_audio.a(n_synfreevoice.o)
                0x0000000080058640                n_alSynFreeVoice
 *fill*         0x00000000800586c4        0xc 
 .text          0x00000000800586d0       0xa4 /usr/lib/n64/libn_audio.a(n_synsetfxmix.o)
                0x00000000800586d0                n_alSynSetFXMix
 *fill*         0x0000000080058774        0xc 
 .text          0x0000000080058780       0x90 /usr/lib/n64/libn_audio.a(n_synsetpan.o)
                0x0000000080058780                n_alSynSetPan
 .text          0x0000000080058810       0x90 /usr/lib/n64/libn_audio.a(n_synsetpitch.o)
                0x0000000080058810                n_alSynSetPitch
 .text          0x00000000800588a0        0x8 /usr/lib/n64/libn_audio.a(n_synsetpriority.o)
                0x00000000800588a0                n_alSynSetPriority
 *fill*         0x00000000800588a8        0x8 
 .text          0x00000000800588b0       0xc0 /usr/lib/n64/libn_audio.a(n_synsetvol.o)
                0x00000000800588b0                n_alSynSetVol
 .text          0x0000000080058970       0x98 /usr/lib/n64/libn_audio.a(n_synstartvoice.o)
                0x0000000080058970                n_alSynStartVoice
 *fill*         0x0000000080058a08        0x8 
 .text          0x0000000080058a10      0x11c /usr/lib/n64/libn_audio.a(n_synstartvoiceparam.o)
                0x0000000080058a10                n_alSynStartVoiceParams
 *fill*         0x0000000080058b2c        0x4 
 .text          0x0000000080058b30       0x7c /usr/lib/n64/libn_audio.a(n_synstopvoice.o)
                0x0000000080058b30                n_alSynStopVoice
 *fill*         0x0000000080058bac        0x4 
 .text          0x0000000080058bb0      0x580 /usr/lib/n64/libn_audio.a(n_synthesizer.o)
                0x0000000080058c48                n_alSynNew
                0x0000000080058e88                __n_allocParam
                0x0000000080058eb0                _n_freeParam
                0x0000000080058ec8                _n_collectPVoices
                0x0000000080058f1c                n_alAudioFrame
                0x00000000800590a8                _n_freePVoice
                0x00000000800590dc                _n_timeToSamples
 .text          0x0000000080059130       0x90 /usr/lib/n64/libn_audio.a(n_auxbus.o)
                0x0000000080059130                n_alAuxBusPull
 .text          0x00000000800591c0      0x4e0 /usr/lib/n64/libn_audio.a(n_drvrNew.o)
                0x00000000800591c0                n_alFxNew
                0x0000000080059580                alN_PVoiceNew
 .text          0x00000000800596a0      0x898 /usr/lib/n64/libn_audio.a(n_env.o)
                0x000000008005997c                n_alEnvmixerParam
                0x0000000080059a0c                n_alEnvmixerPull
 *fill*         0x0000000080059f38        0x8 
 .text          0x0000000080059f40      0x638 /usr/lib/n64/libn_audio.a(n_load.o)
                0x000000008005a070                n_alAdpcmPull
                0x000000008005a438                n_alLoadParam
 *fill*         0x000000008005a578        0x8 
 .text          0x000000008005a580      0x1a8 /usr/lib/n64/libn_audio.a(n_resample.o)
                0x000000008005a580                n_alResamplePull
                0x000000008005a708                n_alResampleParam
 *fill*         0x000000008005a728        0x8 
 .text          0x000000008005a730      0x8c0 /usr/lib/n64/libn_audio.a(n_reverb.o)
                0x000000008005a730                n_alFxParamHdl
                0x000000008005a880                _n_loadBuffer
                0x000000008005a9b8                _n_loadOutputBuffer
                0x000000008005ab88                _n_saveBuffer
                0x000000008005aca8                _n_filterBuffer
                0x000000008005ad4c                n_alFxPull
 .text          0x000000008005aff0       0x40 /usr/lib/n64/libn_audio.a(n_save.o)
                0x000000008005aff0                n_alSavePull
 .text          0x000000008005b030      0x22c /usr/lib/n64/libn_audio.a(n_seq.o)
                0x000000008005b030                n_alSeqNextEvent
                0x000000008005b1ac                n_alSeqNewMarker
 *fill*         0x000000008005b25c        0x4 
 .text          0x000000008005b260       0x5c /usr/lib/n64/libn_audio.a(n_synallocfx.o)
                0x000000008005b260                n_alSynAllocFX
 *fill*         0x000000008005b2bc        0x4 
 .text          0x000000008005b2c0       0x6c /usr/lib/n64/libn_audio.a(n_mainbus.o)
                0x000000008005b2c0                n_alMainBusPull
 */libgcc.a:*.o(.text)
 *fill*         0x000000008005b32c        0x4 
 .text          0x000000008005b330      0x508 /opt/crashsdk/lib/gcc/mips64-elf/12.2.0/libgcc.a(_divdi3.o)
                0x000000008005b330                __divdi3
 *fill*         0x000000008005b838        0x8 
 .text          0x000000008005b840      0x4b4 /opt/crashsdk/lib/gcc/mips64-elf/12.2.0/libgcc.a(_udivdi3.o)
                0x000000008005b840                __udivdi3
 *fill*         0x000000008005bcf4        0xc 
 .text          0x000000008005bd00      0x4c8 /opt/crashsdk/lib/gcc/mips64-elf/12.2.0/libgcc.a(_umoddi3.o)
                0x000000008005bd00                __umoddi3
 *fill*         0x000000008005c1c8        0x8 
 .text          0x000000008005c1d0        0x0 /opt/crashsdk/lib/gcc/mips64-elf/12.2.0/libgcc.a(_clz.o)
 /usr/lib/n64/PR/rspboot.o(.text)
 .text          0x000000008005c1d0       0xd0 /usr/lib/n64/PR/rspboot.o
                0x000000008005c1d0                rspbootTextStart
                0x000000008005c2a0                rspbootTextEnd
 /usr/lib/n64/PR/aspMain.o(.text)
 .text          0x000000008005c2a0      0xe20 /usr/lib/n64/PR/aspMain.o
                0x000000008005c2a0                aspMainTextStart
                0x000000008005d0c0                aspMainTextEnd
 /usr/lib/n64/PR/n_aspMain.o(.text)
 .text          0x000000008005d0c0      0xc60 /usr/lib/n64/PR/n_aspMain.o
                0x000000008005d0c0                n_aspMainTextStart
                0x000000008005dd20                n_aspMainTextEnd
 /usr/lib/n64/PR/gspF3DEX2.fifo.o(.text)
 .text          0x000000008005dd20     0x1390 /usr/lib/n64/PR/gspF3DEX2.fifo.o
                0x000000008005dd20                gspF3DEX2_fifoTextStart
                0x000000008005f0b0                gspF3DEX2_fifoTextEnd
 /usr/lib/n64/PR/gspL3DEX2.fifo.o(.text)
 .text          0x000000008005f0b0     0x1190 /usr/lib/n64/PR/gspL3DEX2.fifo.o
                0x000000008005f0b0                gspL3DEX2_fifoTextStart
                0x0000000080060240                gspL3DEX2_fifoTextEnd
 /usr/lib/n64/PR/gspF3DEX2.Rej.fifo.o(.text)
 .text          0x0000000080060240     0x1190 /usr/lib/n64/PR/gspF3DEX2.Rej.fifo.o
                0x0000000080060240                gspF3DEX2_Rej_fifoTextStart
                0x00000000800613d0                gspF3DEX2_Rej_fifoTextEnd
 /usr/lib/n64/PR/gspF3DEX2.NoN.fifo.o(.text)
 .text          0x00000000800613d0     0x1390 /usr/lib/n64/PR/gspF3DEX2.NoN.fifo.o
                0x00000000800613d0                gspF3DEX2_NoN_fifoTextStart
                0x0000000080062760                gspF3DEX2_NoN_fifoTextEnd
 /usr/lib/n64/PR/gspF3DLX2.Rej.fifo.o(.text)
 .text          0x0000000080062760     0x1190 /usr/lib/n64/PR/gspF3DLX2.Rej.fifo.o
                0x0000000080062760                gspF3DLX2_Rej_fifoTextStart
                0x00000000800638f0                gspF3DLX2_Rej_fifoTextEnd
 /usr/lib/n64/PR/gspS2DEX2.fifo.o(.text)
 .text          0x00000000800638f0     0x18c0 /usr/lib/n64/PR/gspS2DEX2.fifo.o
                0x00000000800638f0                gspS2DEX2_fifoTextStart
                0x00000000800651b0                gspS2DEX2_fifoTextEnd
 /usr/lib/n64/nusys/nusys_isv.o(.data*)
 .data          0x00000000800651b0        0x0 /usr/lib/n64/nusys/nusys_isv.o
 build/src/main*.o(.data*)
 .data          0x00000000800651b0      0x120 build/src/main/FPGraphics.o
                0x00000000800651b0                PlasmaRifleReticleGFX
                0x0000000080065200                AssaultRifleReticleGFX
                0x0000000080065250                PistolReticleGFX
                0x00000000800652a0                ReticleSetup
 .data          0x00000000800652d0       0x10 build/src/main/HUD.o
                0x00000000800652d0                XCoords
                0x00000000800652d8                TCoords
 .data          0x00000000800652e0        0x0 build/src/main/actors.o
 .data          0x00000000800652e0        0x0 build/src/main/animations.o
 .data          0x00000000800652e0        0x0 build/src/main/collision.o
 .data          0x00000000800652e0       0x58 build/src/main/gfxinit.o
                0x00000000800652e0                setup_rspstate
                0x0000000080065308                setup_rdpstate
 *fill*         0x0000000080065338        0x8 
 .data          0x0000000080065340       0x80 build/src/main/graphic.o
                0x0000000080065340                EndDL
                0x0000000080065348                END_DL
                0x0000000080065360                Player_Lights
 .data          0x00000000800653c0        0x0 build/src/main/intelligence.o
 .data          0x00000000800653c0        0x0 build/src/main/levels.o
 .data          0x00000000800653c0        0x4 build/src/main/main.o
                0x00000000800653c0                pendflag
 *fill*         0x00000000800653c4        0xc 
 .data          0x00000000800653d0        0x0 build/src/main/math.o
 .data          0x00000000800653d0        0x8 build/src/main/memory.o
                0x00000000800653d0                FreeSpaceAddress
                0x00000000800653d4                MemorySize
 *fill*         0x00000000800653d8        0x8 
 .data          0x00000000800653e0       0x60 build/src/main/menu.o
                0x00000000800653e0                MainPanel
                0x00000000800653f0                MainMenuOptions
                0x0000000080065410                LevelSelectParameters
                0x0000000080065420                PlayerCountParameters
 .data          0x0000000080065440        0x0 build/src/main/pathfinding.o
 .data          0x0000000080065440       0x18 build/src/main/player.o
                0x0000000080065440                LookDirection
                0x000000008006544c                UpDirection
 *fill*         0x0000000080065458        0x8 
 .data          0x0000000080065460        0x0 build/src/main/stage00.o
 .data          0x0000000080065460       0x80 build/src/main/stage01.o
                0x0000000080065460                DrawMenu
                0x00000000800654d0                PlayerSelectStrings
 .data          0x00000000800654e0       0xfc build/src/main/weapon.o
                0x00000000800654e0                logo_bulletbox
                0x00000000800655d0                WeaponClassArray
 *fill*         0x00000000800655dc        0x4 
 .data          0x00000000800655e0      0x2b8 build/src/main/assets/animations/assaultrifle/AR_Fire_Anime.o
                0x00000000800655e0                AR_Fire
 *fill*         0x0000000080065898        0x8 
 .data          0x00000000800658a0      0x64c build/src/main/assets/animations/assaultrifle/AR_Idle_Anime.o
                0x00000000800658a0                AR_Idle
 *fill*         0x0000000080065eec        0x4 
 .data          0x0000000080065ef0      0x690 build/src/main/assets/animations/assaultrifle/AR_Melee_Anime.o
                0x0000000080065ef0                AR_Melee
 .data          0x0000000080066580     0x1120 build/src/main/assets/animations/assaultrifle/AR_Reload_Empty_Anime.o
                0x0000000080066580                AR_Reload_Empty
 .data          0x00000000800676a0      0xa58 build/src/main/assets/animations/assaultrifle/AR_Reload_Full_Anime.o
                0x00000000800676a0                AR_Reload_Full
 *fill*         0x00000000800680f8        0x8 
 .data          0x0000000080068100      0x128 build/src/main/assets/animations/debugcube/DebugCubeAnimation_Anime.o
                0x0000000080068100                DebugCubeAnimation
 *fill*         0x0000000080068228        0x8 
 .data          0x0000000080068230      0x3f0 build/src/main/assets/animations/humanpistol/HP_Fire_Anime.o
                0x0000000080068230                HP_Fire
 .data          0x0000000080068620      0x3d8 build/src/main/assets/animations/humanpistol/HP_Idle_Anime.o
                0x0000000080068620                HP_Idle
 *fill*         0x00000000800689f8        0x8 
 .data          0x0000000080068a00      0x848 build/src/main/assets/animations/humanpistol/HP_Melee_Anime.o
                0x0000000080068a00                HP_Melee
 *fill*         0x0000000080069248        0x8 
 .data          0x0000000080069250      0xa78 build/src/main/assets/animations/humanpistol/HP_ReloadFull_Anime.o
                0x0000000080069250                HP_ReloadFull
 *fill*         0x0000000080069cc8        0x8 
 .data          0x0000000080069cd0      0xb18 build/src/main/assets/animations/humanpistol/HP_Reload_Empty_Anime.o
                0x0000000080069cd0                HP_Reload_Empty
 *fill*         0x000000008006a7e8        0x8 
 .data          0x000000008006a7f0      0x3c8 build/src/main/assets/animations/plasmarifle/PlasmaRifle_Fire_Anime.o
                0x000000008006a7f0                PlasmaRifle_Fire
 *fill*         0x000000008006abb8        0x8 
 .data          0x000000008006abc0      0x358 build/src/main/assets/animations/plasmarifle/PlasmaRifle_Idle_Anime.o
                0x000000008006abc0                PlasmaRifle_Idle
 *fill*         0x000000008006af18        0x8 
 .data          0x000000008006af20      0x718 build/src/main/assets/animations/plasmarifle/PlasmaRifle_Melee_Anime.o
                0x000000008006af20                PlasmaRifle_Melee
 *fill*         0x000000008006b638        0x8 
 .data          0x000000008006b640      0x758 build/src/main/assets/animations/plasmarifle/PlasmaRifle_Overheat_Anime.o
                0x000000008006b640                PlasmaRifle_Overheat
 *fill*         0x000000008006bd98        0x8 
 .data          0x000000008006bda0      0x1d0 build/src/main/assets/models/DebugCylinder_HitBox_Model.o
                0x000000008006bda0                Draw_HitBox_M
                0x000000008006be30                HitBox_V
 .data          0x000000008006bf70     0x3128 build/src/main/assets/models/assaultrifle/Assault_Rifle_Model.o
                0x000000008006bf70                Draw_Magazine_M
                0x000000008006bff8                Draw_Charging_M
                0x000000008006c078                Draw_Assault_Rifle_M
                0x000000008006c708                Magazine_V
                0x000000008006ca88                Charging_V
                0x000000008006ce58                Assault_Rifle_V
 *fill*         0x000000008006f098        0x8 
 .data          0x000000008006f0a0      0x9c0 build/src/main/assets/models/cyborg/ShieldBox_Model.o
                0x000000008006f0a0                Draw_ShieldBox_M
                0x000000008006f1d0                Shield_StaticNode
                0x000000008006f1e0                Draw_Shield_T_Closing
                0x000000008006f1e8                Shield_StaticMeshList
                0x000000008006f1f0                ShieldBox_V
 .data          0x000000008006fa60     0x1090 build/src/main/assets/models/cyborg/Shield_Texture.o
                0x000000008006fa60                Draw_Shield_T
                0x000000008006faf0                Shield_T
 .data          0x0000000080070af0      0x180 build/src/main/assets/models/debugcube/DebugCube_Model.o
                0x0000000080070af0                Draw_DebugCube_M
                0x0000000080070b30                DebugCube_V
 .data          0x0000000080070c70     0x4d58 build/src/main/assets/models/debugcube/Sphere001_Model.o
                0x0000000080070c70                Draw_Sphere001_M
                0x0000000080071c98                Sphere001_V
 *fill*         0x00000000800759c8        0x8 
 .data          0x00000000800759d0      0x878 build/src/main/assets/models/debugcube/blackwhitechecker_Texture.o
                0x00000000800759d0                Draw_blackwhitechecker_T
                0x0000000080075a48                blackwhitechecker_T
 *fill*         0x0000000080076248        0x8 
 .data          0x0000000080076250     0x1c20 build/src/main/assets/models/FPArms/LeftArm_Model.o
                0x0000000080076250                Draw_RightArm_M
                0x0000000080076440                Draw_LeftShoulder_M
                0x0000000080076580                Draw_LeftHand_M
                0x0000000080076648                Draw_LeftArm_M
                0x0000000080076770                RightArm_V
                0x0000000080077020                LeftShoulder_V
                0x00000000800775d0                LeftHand_V
                0x0000000080077900                LeftArm_V
 .data          0x0000000080077e70     0x1f28 build/src/main/assets/models/humanpistol/HumanPistol_Model.o
                0x0000000080077e70                Draw_Slide_M
                0x0000000080078000                Draw_Pistol_M
                0x0000000080078288                Draw_HumanPistol_M
                0x0000000080078308                Slide_V
                0x0000000080078bb8                Pistol_V
                0x0000000080079a88                HumanPistol_V
 *fill*         0x0000000080079d98        0x8 
 .data          0x0000000080079da0     0x4610 build/src/main/assets/models/plasmarifle/PlasmaRifle_Model.o
                0x0000000080079da0                Draw_RightCover_M
                0x0000000080079eb8                Draw_PlasmaRifle_M
                0x000000008007a748                Draw_LeftCover_M
                0x000000008007a860                RightCover_V
                0x000000008007aca0                PlasmaRifle_V
                0x000000008007df70                LeftCover_V
 .data          0x000000008007e3b0      0x800 build/src/main/assets/textures/assaultrifle/AR_Color_Texture.o
                0x000000008007e3b0                AR_Color_T
 .data          0x000000008007ebb0      0x8e8 build/src/main/assets/textures/assaultrifle/ar_Texture.o
                0x000000008007ebb0                Draw_ar_T_Closing
                0x000000008007ebc0                Draw_ar_T
 *fill*         0x000000008007f498        0x8 
 .data          0x000000008007f4a0     0x1098 build/src/main/assets/textures/FPArms/CyborgTP_Texture.o
                0x000000008007f4a0                Draw_CyborgTP_T_Closing
                0x000000008007f4a8                Draw_CyborgTP_T
                0x000000008007f538                CyborgTP_T
 *fill*         0x0000000080080538        0x8 
 .data          0x0000000080080540     0x1090 build/src/main/assets/textures/HUD/ASCII_Texture.o
                0x0000000080080540                Draw_ASCII_T
                0x00000000800805d0                ASCII_T
 .data          0x00000000800815d0      0x8c0 build/src/main/assets/textures/HUD/AmmoBar_Texture.o
                0x00000000800815d0                Draw_AmmoBar_T
                0x0000000080081690                AmmoBar_T
 .data          0x0000000080081e90      0x470 build/src/main/assets/textures/HUD/NumberPlate_Texture.o
                0x0000000080081e90                Draw_NumberPlate_T
                0x0000000080081f00                NumberPlate_T