Archive member included to satisfy reference by file (symbol)

/usr/lib/n64/nusys/libnualsgi_n.a(nuauinit.o)
                              build/src/main/main.o (nuAuInit)
/usr/lib/n64/nusys/libnualsgi_n.a(nuaumgr.o)
                              /usr/lib/n64/nusys/libnualsgi_n.a(nuauinit.o) (nuAuMgrInit)
/usr/lib/n64/nusys/libnualsgi_n.a(nuaumgrfuncset.o)
                              /usr/lib/n64/nusys/libnualsgi_n.a(nuauinit.o) (nuAuMgrFuncSet)
/usr/lib/n64/nusys/libnualsgi_n.a(nuaumgrparams.o)
                              build/src/main/main.o (nuAuRetraceCount)
/usr/lib/n64/nusys/libnualsgi_n.a(nuauprenmifuncset.o)
                              /usr/lib/n64/nusys/libnualsgi_n.a(nuauinit.o) (nuAuPreNMIFuncSet)
/usr/lib/n64/nusys/libnualsgi_n.a(nuauprenmiproc.o)
                              /usr/lib/n64/nusys/libnualsgi_n.a(nuauinit.o) (nuAuPreNMIProc)
/usr/lib/n64/nusys/libnualsgi_n.a(nuauseqplayerbankset.o)
                              build/src/main/main.o (nuAuSeqPlayerBankSet)
/usr/lib/n64/nusys/libnualsgi_n.a(nuauseqplayercontrol.o)
                              /usr/lib/n64/nusys/libnualsgi_n.a(nuauinit.o) (nuAuSeqPlayerControl)
/usr/lib/n64/nusys/libnualsgi_n.a(nuauseqplayerfadeout.o)
                              /usr/lib/n64/nusys/libnualsgi_n.a(nuauprenmiproc.o) (nuAuSeqPlayerFadeOut)
/usr/lib/n64/nusys/libnualsgi_n.a(nuauseqplayerinit.o)
                              /usr/lib/n64/nusys/libnualsgi_n.a(nuauinit.o) (nuAuSeqPlayerInit)
/usr/lib/n64/nusys/libnualsgi_n.a(nuauseqplayerplay.o)
                              build/src/main/main.o (nuAuSeqPlayerPlay)
/usr/lib/n64/nusys/libnualsgi_n.a(nuauseqplayerseqset.o)
                              build/src/main/main.o (nuAuSeqPlayerSeqSet)
/usr/lib/n64/nusys/libnualsgi_n.a(nuauseqplayersetno.o)
                              build/src/main/main.o (nuAuSeqPlayerSetNo)
/usr/lib/n64/nusys/libnualsgi_n.a(nuausndplayerbankset.o)
                              build/src/main/main.o (nuAuSndPlayerBankSet)
/usr/lib/n64/nusys/libnualsgi_n.a(nuausndplayerinit.o)
                              /usr/lib/n64/nusys/libnualsgi_n.a(nuauinit.o) (nuAuSndPlayerInit)
/usr/lib/n64/nusys/libnualsgi_n.a(nuauconfig.o)
                              /usr/lib/n64/nusys/libnualsgi_n.a(nuauinit.o) (nuAuSndpConfig)
/usr/lib/n64/nusys/libnualsgi_n.a(nuaudma.o)
                              /usr/lib/n64/nusys/libnualsgi_n.a(nuaumgr.o) (nuAuDmaNew)
/usr/lib/n64/nusys/libnualsgi_n.a(nuauheap.o)
                              /usr/lib/n64/nusys/libnualsgi_n.a(nuaumgr.o) (nuAuHeapInit)
/usr/lib/n64/libn_audio.a(n_cspgetstate.o)
                              /usr/lib/n64/nusys/libnualsgi_n.a(nuauseqplayercontrol.o) (n_alCSPGetState)
/usr/lib/n64/libn_audio.a(n_cspgetvol.o)
                              /usr/lib/n64/nusys/libnualsgi_n.a(nuauseqplayercontrol.o) (n_alCSPGetVol)
/usr/lib/n64/libn_audio.a(n_csplayer.o)
                              /usr/lib/n64/nusys/libnualsgi_n.a(nuauseqplayerinit.o) (n_alCSPNew)
/usr/lib/n64/libn_audio.a(n_cspplay.o)
                              /usr/lib/n64/nusys/libnualsgi_n.a(nuauseqplayerplay.o) (n_alCSPPlay)
/usr/lib/n64/libn_audio.a(n_cspsetbank.o)
                              /usr/lib/n64/nusys/libnualsgi_n.a(nuauseqplayerbankset.o) (n_alCSPSetBank)
/usr/lib/n64/libn_audio.a(n_cspsetseq.o)
                              /usr/lib/n64/nusys/libnualsgi_n.a(nuauseqplayerplay.o) (n_alCSPSetSeq)
/usr/lib/n64/libn_audio.a(n_cspsetvol.o)
                              /usr/lib/n64/nusys/libnualsgi_n.a(nuauseqplayercontrol.o) (n_alCSPSetVol)
/usr/lib/n64/libn_audio.a(n_cspstop.o)
                              /usr/lib/n64/nusys/libnualsgi_n.a(nuauseqplayercontrol.o) (n_alCSPStop)
/usr/lib/n64/libn_audio.a(n_csq.o)
                              /usr/lib/n64/nusys/libnualsgi_n.a(nuauseqplayerplay.o) (n_alCSeqNew)
/usr/lib/n64/libn_audio.a(n_event.o)
                              /usr/lib/n64/libn_audio.a(n_csplayer.o) (n_alEvtqNew)
/usr/lib/n64/libn_audio.a(n_seqplayer.o)
                              /usr/lib/n64/libn_audio.a(n_csplayer.o) (__n_unmapVoice)
/usr/lib/n64/libn_audio.a(n_sl.o)
                              /usr/lib/n64/nusys/libnualsgi_n.a(nuaumgr.o) (n_alInit)
/usr/lib/n64/libn_audio.a(n_sndplayer.o)
                              /usr/lib/n64/nusys/libnualsgi_n.a(nuausndplayerinit.o) (n_alSndpNew)
/usr/lib/n64/libn_audio.a(n_synaddplayer.o)
                              /usr/lib/n64/libn_audio.a(n_sndplayer.o) (n_alSynAddSndPlayer)
/usr/lib/n64/libn_audio.a(n_synallocvoice.o)
                              /usr/lib/n64/libn_audio.a(n_csplayer.o) (n_alSynAllocVoice)
/usr/lib/n64/libn_audio.a(n_syndelete.o)
                              /usr/lib/n64/libn_audio.a(n_sl.o) (n_alSynDelete)
/usr/lib/n64/libn_audio.a(n_synfreevoice.o)
                              /usr/lib/n64/libn_audio.a(n_csplayer.o) (n_alSynFreeVoice)
/usr/lib/n64/libn_audio.a(n_synsetfxmix.o)
                              /usr/lib/n64/libn_audio.a(n_csplayer.o) (n_alSynSetFXMix)
[...]
Memory Configuration

Name             Origin             Length             Attributes
*default*        0x0000000000000000 0xffffffffffffffff

Linker script and memory map

                0x00000000003c4130                __romPos = 0x0
                0x0000000004000000                _bootSegmentStart = ADDR (.boot)
                0x0000000000000000                _bootSegmentRomStart = __romPos

.boot           0x0000000004000000     0x1000 load address 0x0000000000000000
 build/asm/rom_header.o(.text)
 .text          0x0000000004000000       0x40 build/asm/rom_header.o
 build/boot.6102.o(.data)
 .data          0x0000000004000040      0xfc0 build/boot.6102.o
                0x0000000004000040                _binary__usr_lib_n64_PR_bootcode_boot_6102_start
                0x0000000004001000                _binary__usr_lib_n64_PR_bootcode_boot_6102_end
                0x0000000004001000                _bootSegmentEnd = ALIGN ((ADDR (.boot) + SIZEOF (.boot)), 0x10)
                0x0000000000001000                _bootSegmentRomEnd = ((_bootSegmentEnd - _bootSegmentStart) + _bootSegmentRomStart)
                0x00000000003c4130                __romPos = _bootSegmentRomEnd
                0x0000000004001000                . = _bootSegmentEnd
                0x0000000080025c00                _codeSegmentStart = ADDR (.code)
                0x0000000000001000                _codeSegmentRomStart = __romPos

.code           0x0000000080025c00    0x762e0 load address 0x0000000000001000
 build/asm/entry.o(.start)
 .start         0x0000000080025c00       0x3c build/asm/entry.o
                0x0000000080025c00                __start
 /usr/lib/n64/nusys/nusys_isv.o(.text)
 *fill*         0x0000000080025c3c        0x4 
 .text          0x0000000080025c40       0xf4 /usr/lib/n64/nusys/nusys_isv.o
                0x0000000080025cdc                nuBoot
 build/src/main*.o(.text)
 *fill*         0x0000000080025d34        0xc 
 .text          0x0000000080025d40     0x15d8 build/src/main/FPGraphics.o
                0x0000000080026298                CreateScreenCoords
                0x0000000080026604                DrawRadar
                0x00000000800268b8                DrawNumberPlate
                0x0000000080026ebc                DrawAmmo
                0x0000000080026ef0                DrawShieldHealth
                0x0000000080026f24                DrawHUD
 *fill*         0x0000000080027318        0x8 
 .text          0x0000000080027320      0x1c0 build/src/main/HUD.o
                0x0000000080027320                DrawChar
                0x0000000080027408                DrawText
 .text          0x00000000800274e0       0x6c build/src/main/actors.o
                0x00000000800274e0                InitActors
 *fill*         0x000000008002754c        0x4 
 .text          0x0000000080027550      0x654 build/src/main/animations.o
                0x0000000080027550                GetLinear
                0x0000000080027990                SkeletalMatrix
                0x0000000080027a30                DrawAnime
                0x0000000080027b9c                DrawHolster
 *fill*         0x0000000080027ba4        0xc 
 .text          0x0000000080027bb0     0x346c build/src/main/collision.o
                0x0000000080027bb0                CheckRadius
                0x0000000080027c4c                SetSimpleBump
                0x0000000080027d24                LoadCache
                0x0000000080027de0                SaveNormal
                0x0000000080028040                SaveAxis
                0x0000000080028108                Save1Triangle
                0x000000008002824c                Save2Triangle
                0x00000000800284c8                BuildCollisionBuffer
                0x00000000800285bc                CheckXZ
                0x0000000080028704                CheckXY
                0x000000008002884c                CheckYZ
                0x0000000080028994                GetGridIndex
                0x0000000080028a50                PlayerLevelCollision
                0x0000000080028ff0                VectorScale
                0x000000008002901c                VectorSubtract
                0x0000000080029050                VectorSubtractS
                0x000000008002909c                VectorSubtractFS
                0x00000000800290e8                VectorAdd
                0x000000008002911c                VectorCrossProduct
                0x000000008002918c                VectorDotProduct
                0x00000000800291c0                InnerProduct
                0x00000000800291f4                VectorNormalize
                0x000000008002926c                CopyVertexArray
                0x00000000800292b4                intersectLineTriangle
                0x00000000800295ac                intersectLineTriangleRadius
                0x00000000800298a4                intersectRayCylinder
                0x0000000080029ab0                ProjectileLevelCollision
                0x0000000080029bd8                RaycastDDA
                0x000000008002a02c                AdjustVelocityTriangle
                0x000000008002a08c                PlayerLevelCollisionB
                0x000000008002a310                CheckViewCone
                0x000000008002a318                CheckProjectileCollision
                0x000000008002a7fc                PlayerLevelCollisionC
 *fill*         0x000000008002b01c        0x4 
 .text          0x000000008002b020      0x168 build/src/main/gfxinit.o
                0x000000008002b020                initRDP
 *fill*         0x000000008002b188        0x8 
 .text          0x000000008002b190     0x11a8 build/src/main/graphic.o
                0x000000008002b254                gfxRCPInit
                0x000000008002b298                gfxClearZfb
                0x000000008002b3a8                gfxClearCfb
                0x000000008002b4a4                SetMatrix
                0x000000008002b570                GetRGBA16
                0x000000008002b59c                DrawFirstPerson
                0x000000008002b9cc                DrawLevelScene
                0x000000008002bd34                DrawPickups
                0x000000008002bea4                DrawBullets
                0x000000008002c034                DrawPlayers
 *fill*         0x000000008002c338        0x8 
 .text          0x000000008002c340      0x6c4 build/src/main/intelligence.o
                0x000000008002c340                GetMoveDistance
                0x000000008002c460                CheckBotMove
                0x000000008002c6e0                UpdateBotControls
 *fill*         0x000000008002ca04        0xc 
 .text          0x000000008002ca10      0x278 build/src/main/levels.o
                0x000000008002ca10                LoadScenario
                0x000000008002cbe0                LoadLevelData
 *fill*         0x000000008002cc88        0x8 
 .text          0x000000008002cc90      0x480 build/src/main/main.o
                0x000000008002cc90                setAudioData
                0x000000008002ccec                mainproc
                0x000000008002cdd4                calcFrame
                0x000000008002cf6c                stage00
                0x000000008002cfd0                stage01
                0x000000008002d018                InitNewGame
 .text          0x000000008002d110      0xf3c build/src/main/math.o
                0x000000008002d110                sint
                0x000000008002d12c                cost
                0x000000008002d148                tandy
                0x000000008002d1c8                atant
                0x000000008002d248                atan3
                0x000000008002d740                AffineToMtx
                0x000000008002d77c                CreateModelMatrix
                0x000000008002d90c                CreatePositionMatrix
                0x000000008002d964                MatrixMultiply
                0x000000008002d9d4                ScalingMatrix
                0x000000008002da4c                ScaleMatrixXYZFixed
                0x000000008002daf0                TransformMatrix
                0x000000008002dd7c                GetDistance
                0x000000008002ddbc                GetDirection
                0x000000008002ddf8                NormalizeVector
                0x000000008002de60                AlignZVector
                0x000000008002dec0                AlignXVector
                0x000000008002df20                AlignYVector
                0x000000008002df90                Random
                0x000000008002e004                GetRNG
 *fill*         0x000000008002e04c        0x4 
 .text          0x000000008002e050      0x20c build/src/main/memory.o
                0x000000008002e050                InitDMA
                0x000000008002e088                LoadDMA
                0x000000008002e114                MemCopy
                0x000000008002e140                SetSegment
                0x000000008002e164                GetRealAddress
                0x000000008002e198                StoreRSPSegments
                0x000000008002e1e8                DecompressData
 *fill*         0x000000008002e25c        0x4 
 .text          0x000000008002e260        0x0 build/src/main/menu.o
 .text          0x000000008002e260      0xd9c build/src/main/pathfinding.o
                0x000000008002e260                UpdateTarget
                0x000000008002e324                ResetNavArray
                0x000000008002e37c                InitNavArray
                0x000000008002e3a8                ResetNavPath
                0x000000008002e3dc                BuildNavMesh
                0x000000008002e634                GetGCost
                0x000000008002e6e8                GetHCost
                0x000000008002e788                GetHCostTarget
                0x000000008002e814                GetLowestF
                0x000000008002e880                GetHighestF
                0x000000008002e8ec                CheckNodeList
                0x000000008002e934                CreateNavPath
                0x000000008002e9d4                BStar
                0x000000008002ed3c                BSTARDistance
 *fill*         0x000000008002effc        0x4 
 .text          0x000000008002f000     0x1984 build/src/main/player.o
                0x000000008002f000                DamagePlayer
                0x000000008002f0d0                initScreenSystem
                0x000000008002f214                initCamera
                0x000000008002f2bc                DebugControl
                0x000000008002f304                GetSpawnPoint
                0x000000008002f4ec                initPlayer
                0x000000008002f6a4                initAllPlayers
                0x000000008002f798                ActionPlayerStatus
                0x000000008002f86c                ResetPlayerStatus
                0x000000008002f920                GetButtonTimers
                0x000000008002fc54                GetPlayerTargets
                0x000000008002fcf4                UpdatePlayerControls
                0x0000000080030318                CheckPlayerHealth
                0x00000000800303fc                UpdatePlayerResponse
                0x0000000080030958                UpdateMenuControls
 *fill*         0x0000000080030984        0xc 
 .text          0x0000000080030990      0x3c8 build/src/main/stage00.o
                0x0000000080030990                initStage00
                0x0000000080030998                makeDL00
                0x0000000080030c84                updateGame00
 *fill*         0x0000000080030d58        0x8 
 .text          0x0000000080030d60      0x420 build/src/main/stage01.o
                0x0000000080030d60                PrintMenuText
                0x0000000080030de4                initStage01
                0x0000000080030df4                makeDL01
                0x0000000080031040                updateGame01
 .text          0x0000000080031180     0x1198 build/src/main/weapon.o
                0x0000000080031180                InitWeaponClasses
                0x00000000800313ac                initProjectiles
                0x00000000800313d0                CheckPickups
                0x00000000800314fc                GetWeaponIndex
                0x0000000080031548                PickupObject
                0x0000000080031754                SwapGun
                0x00000000800317dc                PlayerMelee
                0x0000000080031884                ReloadWeapon
                0x0000000080031954                LoadWeaponAmmo
                0x00000000800319e0                CheckMagazine
                0x0000000080031aa4                FireBullet
                0x0000000080032224                MoveProjectile
                0x0000000080032274                CheckProjectiles
 *fill*         0x0000000080032318        0x8 
 .text          0x0000000080032320        0x0 build/src/main/assets/animations/assaultrifle/AR_Fire_Anime.o
 .text          0x0000000080032320        0x0 build/src/main/assets/animations/assaultrifle/AR_Idle_Anime.o
 .text          0x0000000080032320        0x0 build/src/main/assets/animations/assaultrifle/AR_Melee_Anime.o
 .text          0x0000000080032320        0x0 build/src/main/assets/animations/assaultrifle/AR_Reload_Empty_Anime.o
 .text          0x0000000080032320        0x0 build/src/main/assets/animations/assaultrifle/AR_Reload_Full_Anime.o
 .text          0x0000000080032320        0x0 build/src/main/assets/animations/debugcube/DebugCubeAnimation_Anime.o
 .text          0x0000000080032320        0x0 build/src/main/assets/animations/humanpistol/HP_Fire_Anime.o
 .text          0x0000000080032320        0x0 build/src/main/assets/animations/humanpistol/HP_Idle_Anime.o
 .text          0x0000000080032320        0x0 build/src/main/assets/animations/humanpistol/HP_Melee_Anime.o
 .text          0x0000000080032320        0x0 build/src/main/assets/animations/humanpistol/HP_ReloadFull_Anime.o
 .text          0x0000000080032320        0x0 build/src/main/assets/animations/humanpistol/HP_Reload_Empty_Anime.o
 .text          0x0000000080032320        0x0 build/src/main/assets/animations/plasmarifle/PlasmaRifle_Fire_Anime.o
 .text          0x0000000080032320        0x0 build/src/main/assets/animations/plasmarifle/PlasmaRifle_Idle_Anime.o
 .text          0x0000000080032320        0x0 build/src/main/assets/animations/plasmarifle/PlasmaRifle_Melee_Anime.o
 .text          0x0000000080032320        0x0 build/src/main/assets/animations/plasmarifle/PlasmaRifle_Overheat_Anime.o
 .text          0x0000000080032320        0x0 build/src/main/assets/models/DebugCylinder_HitBox_Model.o
 .text          0x0000000080032320        0x0 build/src/main/assets/models/assaultrifle/Assault_Rifle_Model.o
 .text          0x0000000080032320        0x0 build/src/main/assets/models/cyborg/ShieldBox_Model.o
 .text          0x0000000080032320        0x0 build/src/main/assets/models/cyborg/Shield_Texture.o
 .text          0x0000000080032320        0x0 build/src/main/assets/models/debugcube/DebugCube_Model.o
 .text          0x0000000080032320        0x0 build/src/main/assets/models/debugcube/Sphere001_Model.o
 .text          0x0000000080032320        0x0 build/src/main/assets/models/debugcube/blackwhitechecker_Texture.o
 .text          0x0000000080032320        0x0 build/src/main/assets/models/FPArms/LeftArm_Model.o
 .text          0x0000000080032320        0x0 build/src/main/assets/models/humanpistol/HumanPistol_Model.o
 .text          0x0000000080032320        0x0 build/src/main/assets/models/plasmarifle/PlasmaRifle_Model.o
 .text          0x0000000080032320        0x0 build/src/main/assets/textures/assaultrifle/AR_Color_Texture.o
 .text          0x0000000080032320        0x0 build/src/main/assets/textures/assaultrifle/ar_Texture.o
 .text          0x0000000080032320        0x0 build/src/main/assets/textures/FPArms/CyborgTP_Texture.o
 .text          0x0000000080032320        0x0 build/src/main/assets/textures/HUD/ASCII_Texture.o
 .text          0x0000000080032320        0x0 build/src/main/assets/textures/HUD/AmmoBar_Texture.o
 .text          0x0000000080032320        0x0 build/src/main/assets/textures/HUD/NumberPlate_Texture.o
 .text          0x0000000080032320        0x0 build/src/main/assets/textures/HUD/Radar_Texture.o
 .text          0x0000000080032320        0x0 build/src/main/assets/textures/HUD/ShieldHealthbar_Texture.o
 .text          0x0000000080032320        0x0 build/src/main/assets/textures/HUD/oldASCII_Texture.o
 .text          0x0000000080032320        0x0 build/src/main/assets/textures/HUD/Icons/IconHUD_AR_Texture.o
 .text          0x0000000080032320        0x0 build/src/main/assets/textures/HUD/Icons/IconHUD_Pistol_Texture.o
 .text          0x0000000080032320        0x0 build/src/main/assets/textures/HUD/Icons/IconHUD_PlasmaRifle_Texture.o
 .text          0x0000000080032320        0x0 build/src/main/assets/textures/HUD/Reticles/Reticle_AR_Texture.o
 .text          0x0000000080032320        0x0 build/src/main/assets/textures/HUD/Reticles/Reticle_HP_Texture.o
 .text          0x0000000080032320        0x0 build/src/main/assets/textures/HUD/Reticles/Reticle_PR_Texture.o
 .text          0x0000000080032320        0x0 build/src/main/assets/textures/humanpistol/Pistol_Texture.o
 .text          0x0000000080032320        0x0 build/src/main/assets/textures/humanpistol/pistol_color_Texture.o
 .text          0x0000000080032320        0x0 build/src/main/assets/textures/plasmarifle/PlasamaRifle_Texture.o
 .text          0x0000000080032320        0x0 build/src/main/assets/textures/plasmarifle/PlasmaRifleColor_Texture.o
 .text          0x0000000080032320        0x0 build/src/main/levels/BeaverCreek_Scenario.o
 .text          0x0000000080032320        0x0 build/src/main/levels/BlockTest_Scenario.o
 .text          0x0000000080032320        0x0 build/src/main/levels/RiverBed_Scenario.o
 */libultra_d.a:*.o(.text)
 .text          0x0000000080032320      0x500 /usr/lib/n64/libultra_d.a(motor.o)
                0x0000000080032320                __osMotorAccess
                0x000000008003260c                osMotorInit
 .text          0x0000000080032820       0x34 /usr/lib/n64/libultra_d.a(afterprenmi.o)
                0x0000000080032820                osAfterPreNMI
 *fill*         0x0000000080032854        0xc 
 .text          0x0000000080032860      0x138 /usr/lib/n64/libultra_d.a(getmemsize.o)
                0x0000000080032860                osGetMemSize
 *fill*         0x0000000080032998        0x8 
 .text          0x00000000800329a0      0x4a8 /usr/lib/n64/libultra_d.a(initialize.o)
                0x00000000800329a0                __createSpeedParam
                0x0000000080032ac4                osInitialize
                0x0000000080032de8                osInitialize_isv
 *fill*         0x0000000080032e48        0x8 
 .text          0x0000000080032e50      0x2e4 /usr/lib/n64/libultra_d.a(contramread.o)
                0x0000000080032e50                __osContRamRead
 *fill*         0x0000000080033134        0xc 
 .text          0x0000000080033140      0x8c8 /usr/lib/n64/libultra_d.a(pfsallocatefile.o)
                0x0000000080033140                osPfsAllocateFile
                0x00000000800335f8                __osPfsDeclearPage
                0x0000000080033810                __osDumpInode
 *fill*         0x0000000080033a08        0x8 
 .text          0x0000000080033a10      0x3e0 /usr/lib/n64/libultra_d.a(pfsdeletefile.o)
                0x0000000080033a10                osPfsDeleteFile
                0x0000000080033d0c                __osPfsReleasePages
 .text          0x0000000080033df0      0x2e4 /usr/lib/n64/libultra_d.a(pfsfilestate.o)
                0x0000000080033df0                osPfsFileState
 *fill*         0x00000000800340d4        0xc 
 .text          0x00000000800340e0      0x17c /usr/lib/n64/libultra_d.a(pfsfreeblocks.o)
                0x00000000800340e0                osPfsFreeBlocks
 *fill*         0x000000008003425c        0x4 
 .text          0x0000000080034260      0x338 /usr/lib/n64/libultra_d.a(pfsgetstatus.o)
                0x0000000080034260                __osPfsGetStatus
                0x0000000080034398                __osPfsRequestOneChannel
                0x0000000080034494                __osPfsGetOneChannelData
 *fill*         0x0000000080034598        0x8 
 .text          0x00000000800345a0      0x550 /usr/lib/n64/libultra_d.a(pfsinitpak.o)
                0x00000000800345a0                osPfsInitPak
 .text          0x0000000080034af0      0x45c /usr/lib/n64/libultra_d.a(pfsisplug.o)
                0x0000000080034af0                osPfsIsPlug
                0x0000000080034cfc                __osPfsRequestData
                0x0000000080034df8                __osPfsGetInitData
 *fill*         0x0000000080034f4c        0x4 
 .text          0x0000000080034f50      0x1c0 /usr/lib/n64/libultra_d.a(pfsnumfiles.o)
                0x0000000080034f50                osPfsNumFiles
 .text          0x0000000080035110      0x70c /usr/lib/n64/libultra_d.a(pfsreadwritefile.o)
                0x0000000080035264                osPfsReadWriteFile
 *fill*         0x000000008003581c        0x4 
 .text          0x0000000080035820       0x8c /usr/lib/n64/libultra_d.a(pfsrepairid.o)
                0x0000000080035820                osPfsRepairId
 *fill*         0x00000000800358ac        0x4 
 .text          0x00000000800358b0      0x29c /usr/lib/n64/libultra_d.a(pfssearchfile.o)
                0x00000000800358b0                osPfsFindFile
 *fill*         0x0000000080035b4c        0x4 
 .text          0x0000000080035b50       0xc4 /usr/lib/n64/libultra_d.a(pfsselectbank.o)
                0x0000000080035b50                __osPfsSelectBank
 *fill*         0x0000000080035c14        0xc 
 .text          0x0000000080035c20      0x264 /usr/lib/n64/libultra_d.a(cartrominit.o)
                0x0000000080035c20                osCartRomInit
 *fill*         0x0000000080035e84        0xc 
 .text          0x0000000080035e90      0x290 /usr/lib/n64/libultra_d.a(epidma.o)
                0x0000000080035e90                osEPiStartDma
 .text          0x0000000080036120      0x110 /usr/lib/n64/libultra_d.a(piacs.o)
                0x0000000080036120                __osPiCreateAccessQueue
                0x000000008003618c                __osPiGetAccess
                0x00000000800361ec                __osPiRelAccess
 .text          0x0000000080036230       0x48 /usr/lib/n64/libultra_d.a(pigetcmdq.o)
                0x0000000080036230                osPiGetCmdQueue
 *fill*         0x0000000080036278        0x8 
 .text          0x0000000080036280      0x380 /usr/lib/n64/libultra_d.a(pimgr.o)
                0x0000000080036280                osCreatePiManager
 .text          0x0000000080036600      0x228 /usr/lib/n64/libultra_d.a(pirawdma.o)
                0x0000000080036600                __osPiRawStartDma
 *fill*         0x0000000080036828        0x8 
 .text          0x0000000080036830      0x5d4 /usr/lib/n64/libultra_d.a(initialize_isv.o)
                0x0000000080036830                isPrintfInit
                0x0000000080036bd8                __checkHardware_isv
                0x0000000080036c6c                __osInitialize_isv
 *fill*         0x0000000080036e04        0xc 
 .text          0x0000000080036e10      0x2d4 /usr/lib/n64/libultra_d.a(rotate.o)
                0x0000000080036e10                guRotateF
                0x0000000080037070                guRotate
 *fill*         0x00000000800370e4        0xc 
 .text          0x00000000800370f0      0x218 /usr/lib/n64/libultra_d.a(createthread.o)
                0x00000000800370f0                osCreateThread
 *fill*         0x0000000080037308        0x8 
 .text          0x0000000080037310       0x44 /usr/lib/n64/libultra_d.a(getthreadpri.o)
                0x0000000080037310                osGetThreadPri
 *fill*         0x0000000080037354        0xc 
 .text          0x0000000080037360      0x15c /usr/lib/n64/libultra_d.a(setthreadpri.o)
                0x0000000080037360                osSetThreadPri
 *fill*         0x00000000800374bc        0x4 
 .text          0x00000000800374c0      0x1c0 /usr/lib/n64/libultra_d.a(startthread.o)
                0x00000000800374c0                osStartThread
 .text          0x0000000080037680       0xf4 /usr/lib/n64/libultra_d.a(stopthread.o)
                0x0000000080037680                osStopThread
 *fill*         0x0000000080037774        0xc 
 .text          0x0000000080037780       0x74 /usr/lib/n64/libultra_d.a(thread.o)
                0x0000000080037780                __osDequeueThread
 *fill*         0x00000000800377f4        0xc 
 .text          0x0000000080037800       0x60 /usr/lib/n64/libultra_d.a(spsetpc.o)
                0x0000000080037800                __osSpSetPc
 .text          0x0000000080037860      0x494 /usr/lib/n64/libultra_d.a(sptask.o)
                0x0000000080037a00                osSpTaskLoad
                0x0000000080037ca4                osSpTaskStartGo
 *fill*         0x0000000080037cf4        0xc 
 .text          0x0000000080037d00       0x38 /usr/lib/n64/libultra_d.a(sptaskyield.o)
                0x0000000080037d00                osSpTaskYield
 *fill*         0x0000000080037d38        0x8 
 .text          0x0000000080037d40       0x8c /usr/lib/n64/libultra_d.a(sptaskyielded.o)
                0x0000000080037d40                osSpTaskYielded
 *fill*         0x0000000080037dcc        0x4 
 .text          0x0000000080037dd0       0xd8 /usr/lib/n64/libultra_d.a(sprintf.o)
                0x0000000080037dd0                sprintf
 *fill*         0x0000000080037ea8        0x8 
 .text          0x0000000080037eb0      0x15c /usr/lib/n64/libultra_d.a(string.o)
                0x0000000080037eb0                strchr
                0x0000000080037f28                strlen
                0x0000000080037f84                memcpy
 *fill*         0x000000008003800c        0x4 
 .text          0x0000000080038010      0x13c /usr/lib/n64/libultra_d.a(syncprintf.o)
                0x0000000080038010                __osSyncVPrintf
                0x0000000080038078                osSyncPrintf
                0x00000000800380d0                rmonPrintf
 *fill*         0x000000008003814c        0x4 
 .text          0x0000000080038150     0x121c /usr/lib/n64/libultra_d.a(xprintf.o)
                0x0000000080038150                _Printf
 *fill*         0x000000008003936c        0x4 
 .text          0x0000000080039370       0xa4 /usr/lib/n64/libultra_d.a(createmesgqueue.o)
                0x0000000080039370                osCreateMesgQueue
 *fill*         0x0000000080039414        0xc 
 .text          0x0000000080039420      0x1a4 /usr/lib/n64/libultra_d.a(jammesg.o)
                0x0000000080039420                osJamMesg
 *fill*         0x00000000800395c4        0xc 
 .text          0x00000000800395d0      0x190 /usr/lib/n64/libultra_d.a(recvmesg.o)
                0x00000000800395d0                osRecvMesg
 .text          0x0000000080039760      0x194 /usr/lib/n64/libultra_d.a(sendmesg.o)
                0x0000000080039760                osSendMesg
 *fill*         0x00000000800398f4        0xc 
 .text          0x0000000080039900      0x100 /usr/lib/n64/libultra_d.a(seteventmesg.o)
                0x0000000080039900                osSetEventMesg
 .text          0x0000000080039a00      0x2f4 /usr/lib/n64/libultra_d.a(rdbsend.o)
                0x0000000080039a00                __osRdbSend
 *fill*         0x0000000080039cf4        0xc 
 .text          0x0000000080039d00       0xb0 /usr/lib/n64/libultra_d.a(virtualtophysical.o)
                0x0000000080039d00                osVirtualToPhysical
 .text          0x0000000080039db0       0xa4 /usr/lib/n64/libultra_d.a(viblack.o)
                0x0000000080039db0                osViBlack
 *fill*         0x0000000080039e54        0xc 
 .text          0x0000000080039e60      0x168 /usr/lib/n64/libultra_d.a(vi.o)
                0x0000000080039e60                __osViInit
 *fill*         0x0000000080039fc8        0x8 
 .text          0x0000000080039fd0       0x80 /usr/lib/n64/libultra_d.a(vigetcurrframebuf.o)
                0x0000000080039fd0                osViGetCurrentFramebuffer
 .text          0x000000008003a050       0x8c /usr/lib/n64/libultra_d.a(vigetmode.o)
                0x000000008003a050                osViGetCurrentMode
 *fill*         0x000000008003a0dc        0x4 
 .text          0x000000008003a0e0       0x80 /usr/lib/n64/libultra_d.a(vigetnextframebuf.o)
                0x000000008003a0e0                osViGetNextFramebuffer
 .text          0x000000008003a160      0x468 /usr/lib/n64/libultra_d.a(vimgr.o)
                0x000000008003a160                osCreateViManager
 *fill*         0x000000008003a5c8        0x8 
 .text          0x000000008003a5d0       0xd0 /usr/lib/n64/libultra_d.a(visetevent.o)
                0x000000008003a5d0                osViSetEvent
 .text          0x000000008003a6a0       0xd0 /usr/lib/n64/libultra_d.a(visetmode.o)
                0x000000008003a6a0                osViSetMode
 .text          0x000000008003a770      0x28c /usr/lib/n64/libultra_d.a(visetspecial.o)
                0x000000008003a770                osViSetSpecialFeatures
 *fill*         0x000000008003a9fc        0x4 
 .text          0x000000008003aa00      0x128 /usr/lib/n64/libultra_d.a(visetyscale.o)
                0x000000008003aa00                osViSetYScale
 *fill*         0x000000008003ab28        0x8 
 .text          0x000000008003ab30       0xf0 /usr/lib/n64/libultra_d.a(viswapbuf.o)
                0x000000008003ab30                osViSwapBuffer
 .text          0x000000008003ac20      0x3bc /usr/lib/n64/libultra_d.a(viswapcontext.o)
                0x000000008003ac20                __osViSwapContext
 *fill*         0x000000008003afdc        0x4 
 .text          0x000000008003afe0        0x0 /usr/lib/n64/libultra_d.a(vitbl.o)
 .text          0x000000008003afe0      0x654 /usr/lib/n64/libultra_d.a(timerintr.o)
                0x000000008003afe0                __osTimerServicesInit
                0x000000008003b08c                __osTimerInterrupt
                0x000000008003b3b0                __osSetTimerIntr
                0x000000008003b49c                __osInsertTimer
 *fill*         0x000000008003b634        0xc 
 .text          0x000000008003b640      0x264 /usr/lib/n64/libultra_d.a(crc.o)
                0x000000008003b640                __osContAddressCrc
                0x000000008003b758                __osContDataCrc
 *fill*         0x000000008003b8a4        0xc 
 .text          0x000000008003b8b0      0x110 /usr/lib/n64/libultra_d.a(siacs.o)
                0x000000008003b8b0                __osSiCreateAccessQueue
                0x000000008003b91c                __osSiGetAccess
                0x000000008003b97c                __osSiRelAccess
 .text          0x000000008003b9c0      0x118 /usr/lib/n64/libultra_d.a(sirawdma.o)
                0x000000008003b9c0                __osSiRawStartDma
 *fill*         0x000000008003bad8        0x8 
 .text          0x000000008003bae0       0xbc /usr/lib/n64/libultra_d.a(sirawread.o)
                0x000000008003bae0                __osSiRawReadIo
 *fill*         0x000000008003bb9c        0x4 
 .text          0x000000008003bba0       0x94 /usr/lib/n64/libultra_d.a(sirawwrite.o)
                0x000000008003bba0                __osSiRawWriteIo
 *fill*         0x000000008003bc34        0xc 
 .text          0x000000008003bc40      0x24c /usr/lib/n64/libultra_d.a(cosf.o)
                0x000000008003bc40                fcos
                0x000000008003bc40                cosf
                0x000000008003bc40                __cosf
 *fill*         0x000000008003be8c        0x4 
 .text          0x000000008003be90      0x4b4 /usr/lib/n64/libultra_d.a(lookat.o)
                0x000000008003be90                guLookAtF
                0x000000008003c2a8                guLookAt
 *fill*         0x000000008003c344        0xc 
 .text          0x000000008003c350      0x414 /usr/lib/n64/libultra_d.a(mtxutil.o)
                0x000000008003c350                guMtxF2L
                0x000000008003c4b8                guMtxL2F
                0x000000008003c634                guMtxIdentF
                0x000000008003c710                guMtxIdent
 *fill*         0x000000008003c764        0xc 
 .text          0x000000008003c770      0x294 /usr/lib/n64/libultra_d.a(ortho.o)
                0x000000008003c770                guOrthoF
                0x000000008003c978                guOrtho
 *fill*         0x000000008003ca04        0xc 
 .text          0x000000008003ca10      0x320 /usr/lib/n64/libultra_d.a(perspective.o)
                0x000000008003ca10                guPerspectiveF
                0x000000008003ccac                guPerspective
 .text          0x000000008003cd30      0x2c0 /usr/lib/n64/libultra_d.a(sinf.o)
                0x000000008003cd30                fsin
                0x000000008003cd30                __sinf
                0x000000008003cd30                sinf
 .text          0x000000008003cff0      0x5bc /usr/lib/n64/libultra_d.a(bnkf.o)
                0x000000008003cff0                alSeqFileNew
                0x000000008003d08c                alBnkfNew
 *fill*         0x000000008003d5ac        0x4 
 .text          0x000000008003d5b0       0xb8 /usr/lib/n64/libultra_d.a(cents2ratio.o)
                0x000000008003d5b0                alCents2Ratio
 *fill*         0x000000008003d668        0x8 
 .text          0x000000008003d670     0x13d8 /usr/lib/n64/libultra_d.a(cseq.o)
                0x000000008003d670                alCSeqNew
                0x000000008003d838                alCSeqNextEvent
                0x000000008003da24                __alCSeqNextDelta
                0x000000008003e05c                alCSeqTicksToSec
                0x000000008003e108                alCSeqSecToTicks
                0x000000008003e1d4                alCSeqGetTicks
                0x000000008003e200                alCSeqNewMarker
                0x000000008003e3bc                alCSeqSetLoc
                0x000000008003e518                alCSeqGetLoc
 *fill*         0x000000008003ea48        0x8 
 .text          0x000000008003ea50      0xbc8 /usr/lib/n64/libultra_d.a(drvrNew.o)
                0x000000008003ea50                _init_lpfilter
                0x000000008003ebb4                alFxNew
                0x000000008003f1c8                alEnvmixerNew
                0x000000008003f304                alLoadNew
                0x000000008003f3fc                alResampleNew
                0x000000008003f4c4                alAuxBusNew
                0x000000008003f53c                alMainBusNew
                0x000000008003f5b4                alSaveNew
 *fill*         0x000000008003f618        0x8 
 .text          0x000000008003f620     0x15d4 /usr/lib/n64/libultra_d.a(env.o)
                0x000000008003f620                alEnvmixerPull
                0x000000008003ff70                alEnvmixerParam
                0x0000000080040654                _frexpf
                0x00000000800407b4                _ldexpf
 *fill*         0x0000000080040bf4        0xc 
 .text          0x0000000080040c00       0x70 /usr/lib/n64/libultra_d.a(filter.o)
                0x0000000080040c00                alFilterNew
 .text          0x0000000080040c70      0x16c /usr/lib/n64/libultra_d.a(heapalloc.o)
                0x0000000080040c70                alHeapDBAlloc
 *fill*         0x0000000080040ddc        0x4 
 .text          0x0000000080040de0       0xa0 /usr/lib/n64/libultra_d.a(heapinit.o)
                0x0000000080040de0                alHeapInit
 .text          0x0000000080040e80     0x1430 /usr/lib/n64/libultra_d.a(load.o)
                0x0000000080040e80                alAdpcmPull
                0x000000008004162c                alRaw16Pull
                0x0000000080041d18                alLoadParam
 .text          0x00000000800422b0      0x254 /usr/lib/n64/libultra_d.a(mainbus.o)
                0x00000000800422b0                alMainBusPull
                0x000000008004247c                alMainBusParam
 *fill*         0x0000000080042504        0xc 
 .text          0x0000000080042510      0x4a8 /usr/lib/n64/libultra_d.a(resample.o)
                0x0000000080042510                alResamplePull
                0x00000000800427f0                alResampleParam
 *fill*         0x00000000800429b8        0x8 
 .text          0x00000000800429c0     0x1418 /usr/lib/n64/libultra_d.a(reverb.o)
                0x00000000800429c0                alFxPull
                0x0000000080042f84                alFxParam
                0x0000000080042fd8                alFxParamHdl
                0x000000008004335c                _loadOutputBuffer
                0x0000000080043674                _loadBuffer
                0x0000000080043928                _saveBuffer
                0x0000000080043ba4                _filterBuffer
                0x0000000080043cdc                _doModFunc
 *fill*         0x0000000080043dd8        0x8 
 .text          0x0000000080043de0      0x200 /usr/lib/n64/libultra_d.a(save.o)
                0x0000000080043de0                alSavePull
                0x0000000080043f4c                alSaveParam
 .text          0x0000000080043fe0      0xc0c /usr/lib/n64/libultra_d.a(seq.o)
                0x0000000080043fe0                alSeqNew
                0x00000000800441b8                alSeqNextEvent
                0x0000000080044574                __alSeqNextDelta
                0x000000008004460c                alSeqTicksToSec
                0x000000008004469c                alSeqSecToTicks
                0x0000000080044750                alSeqNewMarker
                0x00000000800448ec                alSeqGetTicks
                0x0000000080044918                alSeqSetLoc
                0x0000000080044974                alSeqGetLoc
 *fill*         0x0000000080044bec        0x4 
 .text          0x0000000080044bf0      0x1a4 /usr/lib/n64/libultra_d.a(sl.o)
                0x0000000080044bf0                alInit
                0x0000000080044c58                alClose
                0x0000000080044cb0                alLink
                0x0000000080044d24                alUnlink
 *fill*         0x0000000080044d94        0xc 
 .text          0x0000000080044da0       0x30 /usr/lib/n64/libultra_d.a(syndelete.o)
                0x0000000080044da0                alSynDelete
 .text          0x0000000080044dd0      0xaa0 /usr/lib/n64/libultra_d.a(synthesizer.o)
                0x0000000080044dd0                alSynNew
                0x00000000800452a8                alAudioFrame
                0x0000000080045528                __allocParam
                0x0000000080045594                __freeParam
                0x00000000800455e4                _collectPVoices
                0x0000000080045664                _freePVoice
                0x0000000080045734                _timeToSamples
 .text          0x0000000080045870        0x0 /usr/lib/n64/libultra_d.a(vimodempallan1.o)
 .text          0x0000000080045870        0x0 /usr/lib/n64/libultra_d.a(vimodentsclan1.o)
 .text          0x0000000080045870        0x0 /usr/lib/n64/libultra_d.a(vimodepallan1.o)
 .text          0x0000000080045870       0x2c /usr/lib/n64/libultra_d.a(aigetlen.o)
                0x0000000080045870                osAiGetLength
 *fill*         0x000000008004589c        0x4 
 .text          0x00000000800458a0       0x2c /usr/lib/n64/libultra_d.a(aigetstat.o)
                0x00000000800458a0                osAiGetStatus
 *fill*         0x00000000800458cc        0x4 
 .text          0x00000000800458d0      0x278 /usr/lib/n64/libultra_d.a(aisetfreq.o)
                0x00000000800458d0                osAiSetFrequency
 *fill*         0x0000000080045b48        0x8 
 .text          0x0000000080045b50      0x134 /usr/lib/n64/libultra_d.a(aisetnextbuf.o)
                0x0000000080045b50                osAiSetNextBuffer
 *fill*         0x0000000080045c84        0xc 
 .text          0x0000000080045c90       0xf0 /usr/lib/n64/libultra_d.a(contquery.o)
                0x0000000080045c90                osContStartQuery
                0x0000000080045d3c                osContGetQuery
 .text          0x0000000080045d80      0x2d0 /usr/lib/n64/libultra_d.a(contreaddata.o)
                0x0000000080045d80                osContStartReadData
                0x0000000080045e30                osContGetReadData
 .text          0x0000000080046050      0x474 /usr/lib/n64/libultra_d.a(controller.o)
                0x0000000080046050                osContInit
                0x0000000080046240                __osContGetInitData
                0x0000000080046394                __osPackRequestData
 *fill*         0x00000000800464c4        0xc 
 .text          0x00000000800464d0       0x60 /usr/lib/n64/libultra_d.a(parameters.o)
 .text          0x0000000080046530       0x20 /usr/lib/n64/libultra_d.a(errorasm.o)
                0x0000000080046530                __osError
 .text          0x0000000080046550      0xf00 /usr/lib/n64/libultra_d.a(exceptasm.o)
                0x0000000080046550                __osExceptionPreamble
                0x0000000080046560                __ptExceptionPreamble
                0x0000000080046580                __ptException
                0x0000000080046624                __osException
                0x0000000080047024                send_mesg
                0x00000000800470e4                handle_CpU
                0x000000008004711c                __osEnqueueAndYield
                0x000000008004722c                __osEnqueueThread
                0x0000000080047278                __osPopThread
                0x000000008004728c                __osNop
                0x0000000080047294                __osDispatchThread
                0x0000000080047440                __osCleanupThread
 .text          0x0000000080047450       0x8c /usr/lib/n64/libultra_d.a(interrupt.o)
                0x0000000080047450                __osDisableInt
                0x00000000800474c0                __osRestoreInt
 *fill*         0x00000000800474dc        0x4 
 .text          0x00000000800474e0       0xa0 /usr/lib/n64/libultra_d.a(setintmask.o)
                0x00000000800474e0                osSetIntMask
 .text          0x0000000080047580      0x180 /usr/lib/n64/libultra_d.a(monutil.o)
                0x0000000080047580                __isExpJP
                0x000000008004759c                __isExp
                0x00000000800476e0                MonitorInitBreak
 .text          0x0000000080047700       0x60 /usr/lib/n64/libultra_d.a(normalize.o)
                0x0000000080047700                guNormalize
 .text          0x0000000080047760       0xc0 /usr/lib/n64/libultra_d.a(scale.o)
                0x0000000080047760                guScale
 .text          0x0000000080047820       0xe0 /usr/lib/n64/libultra_d.a(translate.o)
                0x0000000080047820                guTranslate
 .text          0x0000000080047900       0x58 /usr/lib/n64/libultra_d.a(maptlbrdb.o)
                0x0000000080047900                osMapTLBRdb
 *fill*         0x0000000080047958        0x8 
 .text          0x0000000080047960       0xb8 /usr/lib/n64/libultra_d.a(probetlb.o)
                0x0000000080047960                __osProbeTLB
 *fill*         0x0000000080047a18        0x8 
 .text          0x0000000080047a20       0x44 /usr/lib/n64/libultra_d.a(unmaptlball.o)
                0x0000000080047a20                osUnmapTLBAll
 *fill*         0x0000000080047a64        0xc 
 .text          0x0000000080047a70        0xc /usr/lib/n64/libultra_d.a(getcause.o)
                0x0000000080047a70                __osGetCause
 *fill*         0x0000000080047a7c        0x4 
 .text          0x0000000080047a80        0xc /usr/lib/n64/libultra_d.a(getcount.o)
                0x0000000080047a80                osGetCount
 *fill*         0x0000000080047a8c        0x4 
 .text          0x0000000080047a90        0xc /usr/lib/n64/libultra_d.a(getsr.o)
                0x0000000080047a90                __osGetSR
 *fill*         0x0000000080047a9c        0x4 
 .text          0x0000000080047aa0        0xc /usr/lib/n64/libultra_d.a(setcompare.o)
                0x0000000080047aa0                __osSetCompare
 *fill*         0x0000000080047aac        0x4 
 .text          0x0000000080047ab0       0x10 /usr/lib/n64/libultra_d.a(setfpccsr.o)
                0x0000000080047ab0                __osSetFpcCsr
 .text          0x0000000080047ac0       0x10 /usr/lib/n64/libultra_d.a(setsr.o)
                0x0000000080047ac0                __osSetSR
 .text          0x0000000080047ad0       0x10 /usr/lib/n64/libultra_d.a(setwatchlo.o)
                0x0000000080047ad0                __osSetWatchLo
 .text          0x0000000080047ae0      0x144 /usr/lib/n64/libultra_d.a(bcmp.o)
                0x0000000080047ae0                bcmp
 *fill*         0x0000000080047c24        0xc 
 .text          0x0000000080047c30      0x358 /usr/lib/n64/libultra_d.a(bcopy.o)
                0x0000000080047c30                bcopy
 *fill*         0x0000000080047f88        0x8 
 .text          0x0000000080047f90       0xb8 /usr/lib/n64/libultra_d.a(bzero.o)
                0x0000000080047f90                bzero
 *fill*         0x0000000080048048        0x8 
 .text          0x0000000080048050        0x0 /usr/lib/n64/libultra_d.a(libm_vals.o)
 .text          0x0000000080048050        0xc /usr/lib/n64/libultra_d.a(sqrtf.o)
                0x0000000080048050                sqrtf
 *fill*         0x000000008004805c        0x4 
 .text          0x0000000080048060       0xb0 /usr/lib/n64/libultra_d.a(invaldcache.o)
                0x0000000080048060                osInvalDCache
 .text          0x0000000080048110       0x74 /usr/lib/n64/libultra_d.a(invalicache.o)
                0x0000000080048110                osInvalICache
 *fill*         0x0000000080048184        0xc 
 .text          0x0000000080048190       0x28 /usr/lib/n64/libultra_d.a(writebackdcacheall.o)
                0x0000000080048190                osWritebackDCacheAll
 *fill*         0x00000000800481b8        0x8 
 .text          0x00000000800481c0       0x74 /usr/lib/n64/libultra_d.a(writebackdcache.o)
                0x00000000800481c0                osWritebackDCache
 *fill*         0x0000000080048234        0xc 
 .text          0x0000000080048240     0x1450 /usr/lib/n64/libultra_d.a(contpfs.o)
                0x0000000080048240                __osSumcalc
                0x00000000800482c8                __osIdCheckSum
                0x00000000800483a0                __osRepairPackId
                0x0000000080048948                __osCheckPackId
                0x0000000080048b64                __osGetId
                0x0000000080048e4c                __osCheckId
                0x0000000080048fb0                __osPfsRWInode
                0x0000000080049504                __osDumpId
 .text          0x0000000080049690      0x310 /usr/lib/n64/libultra_d.a(contramwrite.o)
                0x0000000080049690                __osContRamWrite
 .text          0x00000000800499a0      0xb4c /usr/lib/n64/libultra_d.a(pfschecker.o)
                0x00000000800499a0                osPfsChecker
                0x000000008004a100                corrupted_init
                0x000000008004a308                corrupted
 *fill*         0x000000008004a4ec        0x4 
 .text          0x000000008004a4f0       0xb8 /usr/lib/n64/libultra_d.a(commonerror.o)
 *fill*         0x000000008004a5a8        0x8 
 .text          0x000000008004a5b0      0x628 /usr/lib/n64/libultra_d.a(devmgr.o)
                0x000000008004a5b0                __osDevMgrMain
 *fill*         0x000000008004abd8        0x8 
 .text          0x000000008004abe0      0x448 /usr/lib/n64/libultra_d.a(epirawdma.o)
                0x000000008004abe0                __osEPiRawStartDma
 *fill*         0x000000008004b028        0x8 
 .text          0x000000008004b030      0x2f4 /usr/lib/n64/libultra_d.a(epirawread.o)
                0x000000008004b030                __osEPiRawReadIo
 *fill*         0x000000008004b324        0xc 
 .text          0x000000008004b330      0x2cc /usr/lib/n64/libultra_d.a(epirawwrite.o)
                0x000000008004b330                __osEPiRawWriteIo
 *fill*         0x000000008004b5fc        0x4 
 .text          0x000000008004b600       0x98 /usr/lib/n64/libultra_d.a(epiread.o)
                0x000000008004b600                osEPiReadIo
 *fill*         0x000000008004b698        0x8 
 .text          0x000000008004b6a0       0x98 /usr/lib/n64/libultra_d.a(epiwrite.o)
                0x000000008004b6a0                osEPiWriteIo
 *fill*         0x000000008004b738        0x8 
 .text          0x000000008004b740       0x6c /usr/lib/n64/libultra_d.a(resetglobalintmask.o)
                0x000000008004b740                __osResetGlobalIntMask
 *fill*         0x000000008004b7ac        0x4 
 .text          0x000000008004b7b0       0x60 /usr/lib/n64/libultra_d.a(setglobalintmask.o)
                0x000000008004b7b0                __osSetGlobalIntMask
 .text          0x000000008004b810       0x5c /usr/lib/n64/libultra_d.a(assert.o)
                0x000000008004b810                __assert
 *fill*         0x000000008004b86c        0x4 
 .text          0x000000008004b870      0x3e8 /usr/lib/n64/libultra_d.a(kdebugserver.o)
                0x000000008004bb20                kdebugserver
 *fill*         0x000000008004bc58        0x8 
 .text          0x000000008004bc60       0xd0 /usr/lib/n64/libultra_d.a(threadprofile.o)
                0x000000008004bc60                osThreadProfileCallback
 .text          0x000000008004bd30      0x138 /usr/lib/n64/libultra_d.a(destroythread.o)
                0x000000008004bd30                osDestroyThread
 *fill*         0x000000008004be68        0x8 
 .text          0x000000008004be70       0x6c /usr/lib/n64/libultra_d.a(yieldthread.o)
                0x000000008004be70                osYieldThread
 *fill*         0x000000008004bedc        0x4 
 .text          0x000000008004bee0       0x50 /usr/lib/n64/libultra_d.a(sp.o)
                0x000000008004bee0                __osSpDeviceBusy
 .text          0x000000008004bf30       0x2c /usr/lib/n64/libultra_d.a(spgetstat.o)
                0x000000008004bf30                __osSpGetStatus
 *fill*         0x000000008004bf5c        0x4 
 .text          0x000000008004bf60      0x144 /usr/lib/n64/libultra_d.a(sprawdma.o)
                0x000000008004bf60                __osSpRawStartDma
 *fill*         0x000000008004c0a4        0xc 
 .text          0x000000008004c0b0       0x38 /usr/lib/n64/libultra_d.a(spsetstat.o)
                0x000000008004c0b0                __osSpSetStatus
 *fill*         0x000000008004c0e8        0x8 
 .text          0x000000008004c0f0     0x11d4 /usr/lib/n64/libultra_d.a(xldtob.o)
                0x000000008004c0f0                _Ldtob
 *fill*         0x000000008004d2c4        0xc 
 .text          0x000000008004d2d0      0x3ac /usr/lib/n64/libultra_d.a(xlitob.o)
                0x000000008004d2d0                _Litob
 *fill*         0x000000008004d67c        0x4 
 .text          0x000000008004d680       0xb4 /usr/lib/n64/libultra_d.a(initrdb.o)
                0x000000008004d680                osInitRdb
 *fill*         0x000000008004d734        0xc 
 .text          0x000000008004d740       0xf4 /usr/lib/n64/libultra_d.a(readhost.o)
                0x000000008004d740                osReadHost
 *fill*         0x000000008004d834        0xc 
 .text          0x000000008004d840       0x28 /usr/lib/n64/libultra_d.a(vigetcurrcontext.o)
                0x000000008004d840                __osViGetCurrentContext
 *fill*         0x000000008004d868        0x8 
 .text          0x000000008004d870       0xe4 /usr/lib/n64/libultra_d.a(gettime.o)
                0x000000008004d870                osGetTime
 *fill*         0x000000008004d954        0xc 
 .text          0x000000008004d960      0x224 /usr/lib/n64/libultra_d.a(settimer.o)
                0x000000008004d960                osSetTimer
 *fill*         0x000000008004db84        0xc 
 .text          0x000000008004db90       0x50 /usr/lib/n64/libultra_d.a(si.o)
                0x000000008004db90                __osSiDeviceBusy
 .text          0x000000008004dbe0      0x1c4 /usr/lib/n64/libultra_d.a(auxbus.o)
                0x000000008004dbe0                alAuxBusPull
                0x000000008004dd1c                alAuxBusParam
 *fill*         0x000000008004dda4        0xc 
 .text          0x000000008004ddb0       0x90 /usr/lib/n64/libultra_d.a(copy.o)
                0x000000008004ddb0                alCopy
 .text          0x000000008004de40      0x158 /usr/lib/n64/libultra_d.a(synallocfx.o)
                0x000000008004de40                alSynAllocFX
 *fill*         0x000000008004df98        0x8 
 .text          0x000000008004dfa0       0x50 /usr/lib/n64/libultra_d.a(ai.o)
                0x000000008004dfa0                __osAiDeviceBusy
 .text          0x000000008004dff0      0x268 /usr/lib/n64/libultra_d.a(rmonsio.o)
                0x000000008004dff0                __rmonSendFault
                0x000000008004e084                __rmonIOflush
                0x000000008004e0f4                __rmonIOputw
                0x000000008004e184                __rmonIOhandler
 *fill*         0x000000008004e258        0x8 
 .text          0x000000008004e260        0x8 /usr/lib/n64/libultra_d.a(assertbreak.o)
                0x000000008004e260                __assertBreak
 *fill*         0x000000008004e268        0x8 
 .text          0x000000008004e270      0x214 /usr/lib/n64/libultra_d.a(ldiv.o)
                0x000000008004e270                ldiv
                0x000000008004e31c                lldiv
 *fill*         0x000000008004e484        0xc 
 .text          0x000000008004e490       0xe8 /usr/lib/n64/libultra_d.a(rmoncmds.o)
                0x000000008004e4b8                __rmonExecute
 *fill*         0x000000008004e578        0x8 
 .text          0x000000008004e580      0x458 /usr/lib/n64/libultra_d.a(rmonmain.o)
                0x000000008004e580                __rmonSendHeader
                0x000000008004e63c                __rmonSendReply
                0x000000008004e700                __rmonSendData
                0x000000008004e84c                rmonMain
 *fill*         0x000000008004e9d8        0x8 
 .text          0x000000008004e9e0      0xb0c /usr/lib/n64/libultra_d.a(rmonmem.o)
                0x000000008004e9e0                __rmonWriteWordTo
                0x000000008004ea38                __rmonReadWordAt
                0x000000008004eab4                __rmonMemcpy
                0x000000008004eb24                __rmonCopyWords
                0x000000008004ebf4                __rmonReadMem
                0x000000008004ee34                __rmonWriteMem
                0x000000008004f0bc                __rmonListProcesses
                0x000000008004f150                __rmonLoadProgram
                0x000000008004f178                __rmonGetExeName
                0x000000008004f250                __rmonGetRegionCount
                0x000000008004f2e4                __rmonGetRegions
 *fill*         0x000000008004f4ec        0x4 
 .text          0x000000008004f4f0      0x1ec /usr/lib/n64/libultra_d.a(rmonmisc.o)
                0x000000008004f4f0                __rmonSetFault
                0x000000008004f55c                __rmonInit
                0x000000008004f668                __rmonPanic
                0x000000008004f680                __rmonSetComm
 *fill*         0x000000008004f6dc        0x4 
 .text          0x000000008004f6e0      0xf74 /usr/lib/n64/libultra_d.a(rmonregs.o)
                0x000000008004fa80                __rmonGetGRegisters
                0x000000008004fbfc                __rmonSetGRegisters
                0x000000008004fda4                __rmonGetFRegisters
                0x000000008004fe88                __rmonSetFRegisters
                0x000000008004fff4                __rmonGetSRegs
                0x0000000080050190                __rmonSetSRegs
                0x00000000800502fc                __rmonGetVRegs
                0x0000000080050448                __rmonSetVRegs
                0x0000000080050540                __rmonGetRegisterContents
 *fill*         0x0000000080050654        0xc 
 .text          0x0000000080050660      0xc48 /usr/lib/n64/libultra_d.a(rmontask.o)
                0x0000000080050660                __rmonMaskIdleThreadInts
                0x00000000800506f4                __rmonGetTCB
                0x0000000080050780                __rmonStopUserThreads
                0x00000000800508a4                __rmonListThreads
                0x00000000800509f8                __rmonGetThreadStatus
                0x0000000080050d28                __rmonThreadStatus
                0x0000000080050dc8                __rmonStopThread
                0x0000000080050f74                __rmonRunThread
 *fill*         0x00000000800512a8        0x8 
 .text          0x00000000800512b0       0xa8 /usr/lib/n64/libultra_d.a(rmonrcp.o)
                0x00000000800512b0                __rmonRCPrunning
                0x00000000800512d4                __rmonIdleRCP
                0x0000000080051318                __rmonStepRCP
                0x0000000080051330                __rmonRunRCP
 *fill*         0x0000000080051358        0x8 
 .text          0x0000000080051360       0x28 /usr/lib/n64/libultra_d.a(getactivequeue.o)
                0x0000000080051360                __osGetActiveQueue
 *fill*         0x0000000080051388        0x8 
 .text          0x0000000080051390       0xbc /usr/lib/n64/libultra_d.a(sprawread.o)
                0x0000000080051390                __osSpRawReadIo
 *fill*         0x000000008005144c        0x4 
 .text          0x0000000080051450       0x94 /usr/lib/n64/libultra_d.a(sprawwrite.o)
                0x0000000080051450                __osSpRawWriteIo
 *fill*         0x00000000800514e4        0xc 
 .text          0x00000000800514f0      0xe24 /usr/lib/n64/libultra_d.a(rmonbrk.o)
                0x000000008005170c                __rmonSetBreak
                0x0000000080051924                __rmonListBreak
                0x000000008005194c                __rmonClearBreak
                0x0000000080051afc                __rmonGetBranchTarget
                0x0000000080051e5c                __rmonSetSingleStep
                0x0000000080051f5c                __rmonGetExceptionStatus
                0x00000000800520d0                __rmonHitBreak
                0x0000000080052118                __rmonHitSpBreak
                0x00000000800521b0                __rmonHitCpuFault
 build/src/buffers*.o(.text)
 *fill*         0x0000000080052314        0xc 
 .text          0x0000000080052320        0x0 build/src/buffers/compressionbuffer.o
 build/asm/compression.o(.text)
 .text          0x0000000080052320       0x98 build/asm/compression.o
                0x0000000080052320                slidec1
 build/asm/mathtables.o(.text)
 *fill*         0x00000000800523b8        0x8 
 .text          0x00000000800523c0        0x0 build/asm/mathtables.o
 */libultra_rom.a:*.o(.text)
 */libnusys.a:*.o(.text)
 .text          0x00000000800523c0       0x74 /usr/lib/n64/nusys/libnusys.a(nucontdatagetex.o)
                0x00000000800523c0                nuContDataGetEx
 *fill*         0x0000000080052434        0xc 
 .text          0x0000000080052440       0x3c /usr/lib/n64/nusys/libnusys.a(nucontinit.o)
                0x0000000080052440                nuContInit
 *fill*         0x000000008005247c        0x4 
 .text          0x0000000080052480      0x2e0 /usr/lib/n64/nusys/libnusys.a(nucontmgr.o)
                0x00000000800524d8                nuContMgrInit
                0x0000000080052594                nuContMgrRemove
                0x00000000800525a0                nuContDataClose
                0x00000000800525b4                nuContDataOpen
 .text          0x0000000080052760      0x1ec /usr/lib/n64/nusys/libnusys.a(nucontpakmgr.o)
                0x0000000080052934                nuContPakMgrInit
                0x0000000080052940                nuContPakMgrRemove
 *fill*         0x000000008005294c        0x4 
 .text          0x0000000080052950        0xc /usr/lib/n64/nusys/libnusys.a(nucontqueryread.o)
                0x0000000080052950                nuContQueryRead
 *fill*         0x000000008005295c        0x4 
 .text          0x0000000080052960      0x414 /usr/lib/n64/nusys/libnusys.a(nucontrmbmgr.o)
                0x0000000080052d30                nuContRmbMgrInit
                0x0000000080052d68                nuContRmbMgrRemove
 *fill*         0x0000000080052d74        0xc 
 .text          0x0000000080052d80       0x44 /usr/lib/n64/nusys/libnusys.a(nudebconcputs.o)
                0x0000000080052d80                nuDebConCPuts
 *fill*         0x0000000080052dc4        0xc 
 .text          0x0000000080052dd0      0x468 /usr/lib/n64/nusys/libnusys.a(nudebcondisp_ex2.o)
                0x0000000080052dd0                nuDebConDispEX2
 *fill*         0x0000000080053238        0x8 
 .text          0x0000000080053240       0x84 /usr/lib/n64/nusys/libnusys.a(nudebconputc.o)
                0x0000000080053240                nuDebConPutc
 *fill*         0x00000000800532c4        0xc 
 .text          0x00000000800532d0      0x1b0 /usr/lib/n64/nusys/libnusys.a(nudebconsole.o)
                0x00000000800532d0                nuDebConRtn
                0x0000000080053378                nuDebConInc
                0x00000000800533b0                nuDebConEsc
 .text          0x0000000080053480       0xa0 /usr/lib/n64/nusys/libnusys.a(nudebcontextpos.o)
                0x0000000080053480                nuDebConTextPos
 .text          0x0000000080053520        0x0 /usr/lib/n64/nusys/libnusys.a(nufont.o)
 .text          0x0000000080053520       0x10 /usr/lib/n64/nusys/libnusys.a(nugfxdisplayoff.o)
                0x0000000080053520                nuGfxDisplayOff
 .text          0x0000000080053530       0x10 /usr/lib/n64/nusys/libnusys.a(nugfxdisplayon.o)
                0x0000000080053530                nuGfxDisplayOn
 .text          0x0000000080053540       0x38 /usr/lib/n64/nusys/libnusys.a(nugfxfuncset.o)
                0x0000000080053540                nuGfxFuncSet
 *fill*         0x0000000080053578        0x8 
 .text          0x0000000080053580       0xb4 /usr/lib/n64/nusys/libnusys.a(nugfxinit_ex2.o)
                0x0000000080053580                nuGfxInitEX2
 *fill*         0x0000000080053634        0xc 
 .text          0x0000000080053640      0x104 /usr/lib/n64/nusys/libnusys.a(nugfxsetcfb.o)
                0x0000000080053640                nuGfxSetCfb
 *fill*         0x0000000080053744        0xc 
 .text          0x0000000080053750       0x14 /usr/lib/n64/nusys/libnusys.a(nugfxsetucodefifo.o)
                0x0000000080053750                nuGfxSetUcodeFifo
 *fill*         0x0000000080053764        0xc 
 .text          0x0000000080053770        0x8 /usr/lib/n64/nusys/libnusys.a(nugfxswapcfb.o)
                0x0000000080053770                nuGfxSwapCfb
 *fill*         0x0000000080053778        0x8 
 .text          0x0000000080053780       0x34 /usr/lib/n64/nusys/libnusys.a(nugfxswapcfbfuncset.o)
                0x0000000080053780                nuGfxSwapCfbFuncSet
 *fill*         0x00000000800537b4        0xc 
 .text          0x00000000800537c0       0x18 /usr/lib/n64/nusys/libnusys.a(nugfxtaskallendwait.o)
                0x00000000800537c0                nuGfxTaskAllEndWait
 *fill*         0x00000000800537d8        0x8 
 .text          0x00000000800537e0      0x360 /usr/lib/n64/nusys/libnusys.a(nugfxtaskmgr.o)
                0x00000000800537e0                nuGfxTaskMgr
                0x00000000800538dc                nuGfxTaskMgrInit
                0x00000000800539ec                nuGfxTaskStart
 .text          0x0000000080053b40      0x108 /usr/lib/n64/nusys/libnusys.a(nugfxthread.o)
                0x0000000080053bf8                nuGfxThreadStart
 *fill*         0x0000000080053c48        0x8 
 .text          0x0000000080053c50       0x40 /usr/lib/n64/nusys/libnusys.a(nupiinit.o)
                0x0000000080053c50                nuPiInit
 .text          0x0000000080053c90       0xcc /usr/lib/n64/nusys/libnusys.a(nupireadrom.o)
                0x0000000080053c90                nuPiReadRom
 *fill*         0x0000000080053d5c        0x4 
 .text          0x0000000080053d60        0x0 /usr/lib/n64/nusys/libnusys.a(nurdpoutput.o)
 .text          0x0000000080053d60      0x808 /usr/lib/n64/nusys/libnusys.a(nusched.o)
                0x0000000080054018                nuScCreateScheduler
                0x0000000080054254                nuScGetAudioMQ
                0x0000000080054260                nuScGetGfxMQ
                0x000000008005426c                nuScAddClient
                0x0000000080054304                nuScResetClientMesgType
                0x0000000080054340                nuScRemoveClient
                0x0000000080054550                nuScSetFrameBufferNum
                0x000000008005455c                nuScGetFrameRate
 *fill*         0x0000000080054568        0x8 
 .text          0x0000000080054570       0xa4 /usr/lib/n64/nusys/libnusys.a(nusicallbackadd.o)
                0x0000000080054570                nuSiCallBackAdd
 *fill*         0x0000000080054614        0xc 
 .text          0x0000000080054620       0x7c /usr/lib/n64/nusys/libnusys.a(nusicallbackremove.o)
                0x0000000080054620                nuSiCallBackRemove
 *fill*         0x000000008005469c        0x4 
 .text          0x00000000800546a0      0x268 /usr/lib/n64/nusys/libnusys.a(nusimgr.o)
                0x00000000800547fc                nuSiMgrInit
                0x000000008005488c                nuSiSendMesg
                0x00000000800548f0                nuSiMgrStop
                0x00000000800548fc                nuSiMgrRestart
 *fill*         0x0000000080054908        0x8 
 .text          0x0000000080054910        0x0 /usr/lib/n64/nusys/libnusys.a(nuyieldbuf.o)
 .text          0x0000000080054910       0x54 /usr/lib/n64/nusys/libnusys.a(nucontdatalock.o)
                0x0000000080054910                nuContDataLock
                0x000000008005493c                nuContDataUnLock
 *fill*         0x0000000080054964        0xc 
 .text          0x0000000080054970        0x0 /usr/lib/n64/nusys/libnusys.a(nudebconbuf.o)
 .text          0x0000000080054970        0x0 /usr/lib/n64/nusys/libnusys.a(nudramstack.o)
 .text          0x0000000080054970       0x64 /usr/lib/n64/nusys/libnusys.a(nugfxretracewait.o)
                0x0000000080054970                nuGfxRetraceWait
 */libnualsgi_n.a:*.o(.text)
 *fill*         0x00000000800549d4        0xc 
 .text          0x00000000800549e0       0x7c /usr/lib/n64/nusys/libnualsgi_n.a(nuauinit.o)
                0x00000000800549e0                nuAuInit
 *fill*         0x0000000080054a5c        0x4 
 .text          0x0000000080054a60      0x4dc /usr/lib/n64/nusys/libnualsgi_n.a(nuaumgr.o)
                0x0000000080054d04                nuAuMgrInit
 *fill*         0x0000000080054f3c        0x4 
 .text          0x0000000080054f40       0x34 /usr/lib/n64/nusys/libnualsgi_n.a(nuaumgrfuncset.o)
                0x0000000080054f40                nuAuMgrFuncSet
 *fill*         0x0000000080054f74        0xc 
 .text          0x0000000080054f80        0x0 /usr/lib/n64/nusys/libnualsgi_n.a(nuaumgrparams.o)
 .text          0x0000000080054f80       0x34 /usr/lib/n64/nusys/libnualsgi_n.a(nuauprenmifuncset.o)
                0x0000000080054f80                nuAuPreNMIFuncSet
 *fill*         0x0000000080054fb4        0xc 
 .text          0x0000000080054fc0       0x58 /usr/lib/n64/nusys/libnualsgi_n.a(nuauprenmiproc.o)
                0x0000000080054fc0                nuAuPreNMIProc
 *fill*         0x0000000080055018        0x8 
 .text          0x0000000080055020       0xbc /usr/lib/n64/nusys/libnualsgi_n.a(nuauseqplayerbankset.o)
                0x0000000080055020                nuAuSeqPlayerBankSet
 *fill*         0x00000000800550dc        0x4 
 .text          0x00000000800550e0       0xf4 /usr/lib/n64/nusys/libnualsgi_n.a(nuauseqplayercontrol.o)
                0x00000000800550e0                nuAuSeqPlayerControl
 *fill*         0x00000000800551d4        0xc 
 .text          0x00000000800551e0       0x98 /usr/lib/n64/nusys/libnualsgi_n.a(nuauseqplayerfadeout.o)
                0x00000000800551e0                nuAuSeqPlayerFadeOut
 *fill*         0x0000000080055278        0x8 
 .text          0x0000000080055280       0x60 /usr/lib/n64/nusys/libnualsgi_n.a(nuauseqplayerinit.o)
                0x0000000080055280                nuAuSeqPlayerInit
 .text          0x00000000800552e0       0xa0 /usr/lib/n64/nusys/libnualsgi_n.a(nuauseqplayerplay.o)
                0x00000000800552e0                nuAuSeqPlayerPlay
 .text          0x0000000080055380       0x80 /usr/lib/n64/nusys/libnualsgi_n.a(nuauseqplayerseqset.o)
                0x0000000080055380                nuAuSeqPlayerSeqSet
 .text          0x0000000080055400       0x5c /usr/lib/n64/nusys/libnualsgi_n.a(nuauseqplayersetno.o)
                0x0000000080055400                nuAuSeqPlayerSetNo
 *fill*         0x000000008005545c        0x4 
 .text          0x0000000080055460       0xb0 /usr/lib/n64/nusys/libnualsgi_n.a(nuausndplayerbankset.o)
                0x0000000080055460                nuAuSndPlayerBankSet
 .text          0x0000000080055510       0x1c /usr/lib/n64/nusys/libnualsgi_n.a(nuausndplayerinit.o)
                0x0000000080055510                nuAuSndPlayerInit
 *fill*         0x000000008005552c        0x4 
 .text          0x0000000080055530        0x0 /usr/lib/n64/nusys/libnualsgi_n.a(nuauconfig.o)
 .text          0x0000000080055530      0x3ac /usr/lib/n64/nusys/libnualsgi_n.a(nuaudma.o)
                0x0000000080055530                nuAuDmaCallBack
                0x00000000800556cc                nuAuDmaNew
                0x0000000080055838                nuAuCleanDMABuffers
 *fill*         0x00000000800558dc        0x4 
 .text          0x00000000800558e0       0x78 /usr/lib/n64/nusys/libnualsgi_n.a(nuauheap.o)
                0x00000000800558e0                nuAuHeapInit
                0x00000000800558e8                nuAuHeapAlloc
                0x0000000080055918                nuAuHeapGetUsed
                0x0000000080055930                nuAuHeapGetFree
 */libn_audio.a:*.o(.text)
 *fill*         0x0000000080055958        0x8 
 .text          0x0000000080055960        0x8 /usr/lib/n64/libn_audio.a(n_cspgetstate.o)
                0x0000000080055960                n_alCSPGetState
 *fill*         0x0000000080055968        0x8 
 .text          0x0000000080055970        0x8 /usr/lib/n64/libn_audio.a(n_cspgetvol.o)
                0x0000000080055970                n_alCSPGetVol
 *fill*         0x0000000080055978        0x8 
 .text          0x0000000080055980     0x1034 /usr/lib/n64/libn_audio.a(n_csplayer.o)
                0x000000008005630c                n_alCSPNew
                0x0000000080056468                __n_CSPPostNextSeqEvent
 *fill*         0x00000000800569b4        0xc 
 .text          0x00000000800569c0       0x2c /usr/lib/n64/libn_audio.a(n_cspplay.o)
                0x00000000800569c0                n_alCSPPlay
 *fill*         0x00000000800569ec        0x4 
 .text          0x00000000800569f0       0x30 /usr/lib/n64/libn_audio.a(n_cspsetbank.o)
                0x00000000800569f0                n_alCSPSetBank
 .text          0x0000000080056a20       0x30 /usr/lib/n64/libn_audio.a(n_cspsetseq.o)
                0x0000000080056a20                n_alCSPSetSeq
 .text          0x0000000080056a50       0x30 /usr/lib/n64/libn_audio.a(n_cspsetvol.o)
                0x0000000080056a50                n_alCSPSetVol
 .text          0x0000000080056a80       0x2c /usr/lib/n64/libn_audio.a(n_cspstop.o)
                0x0000000080056a80                n_alCSPStop
 *fill*         0x0000000080056aac        0x4 
 .text          0x0000000080056ab0      0x558 /usr/lib/n64/libn_audio.a(n_csq.o)
                0x0000000080056bb8                n_alCSeqNew
                0x0000000080056c90                n_alCSeqNextEvent
                0x0000000080056f40                n_alCSeqNewMarker
 *fill*         0x0000000080057008        0x8 
 .text          0x0000000080057010      0x2a0 /usr/lib/n64/libn_audio.a(n_event.o)
                0x0000000080057010                n_alEvtqNew
                0x0000000080057088                n_alEvtqNextEvent
                0x000000008005711c                n_alEvtqPostEvent
                0x00000000800571f4                n_alEvtqFlushType
 .text          0x00000000800572b0     0x1510 /usr/lib/n64/libn_audio.a(n_seqplayer.o)
                0x000000008005731c                __n_unmapVoice
                0x0000000080057370                __n_seqpReleaseVoice
                0x00000000800574b4                __n_voiceNeedsNoteKill
                0x0000000080057550                __n_mapVoice
                0x000000008005759c                __n_lookupVoice
                0x00000000800575e4                __n_lookupSoundQuick
                0x0000000080057678                __n_vsVol
                0x00000000800576f8                __n_vsDelta
                0x0000000080057710                __n_vsPan
                0x0000000080057750                __n_resetPerfChanState
                0x0000000080057780                __n_initChanState
                0x00000000800577dc                n_alSeqpNew
                0x0000000080057944                __n_setInstChanState
                0x00000000800580bc                __n_initFromBank
                0x0000000080058138                __n_seqpStopOsc
                0x000000008005822c                __n_postNextSeqEvent
 .text          0x00000000800587c0       0x78 /usr/lib/n64/libn_audio.a(n_sl.o)
                0x00000000800587c0                n_alInit
                0x00000000800587fc                n_alClose
 *fill*         0x0000000080058838        0x8 
 .text          0x0000000080058840      0x6f0 /usr/lib/n64/libn_audio.a(n_sndplayer.o)
                0x0000000080058e1c                n_alSndpNew
 .text          0x0000000080058f30      0x104 /usr/lib/n64/libn_audio.a(n_synaddplayer.o)
                0x0000000080058f30                n_alSynAddPlayer
                0x0000000080058f78                n_alSynAddSndPlayer
                0x0000000080058fcc                n_alSynAddSeqPlayer
 *fill*         0x0000000080059034        0xc 
 .text          0x0000000080059040      0x16c /usr/lib/n64/libn_audio.a(n_synallocvoice.o)
                0x0000000080059040                n_alSynAllocVoice
 *fill*         0x00000000800591ac        0x4 
 .text          0x00000000800591b0       0x1c /usr/lib/n64/libn_audio.a(n_syndelete.o)
                0x00000000800591b0                n_alSynDelete
 *fill*         0x00000000800591cc        0x4 
 .text          0x00000000800591d0       0x84 /usr/lib/n64/libn_audio.a(n_synfreevoice.o)
                0x00000000800591d0                n_alSynFreeVoice
 *fill*         0x0000000080059254        0xc 
 .text          0x0000000080059260       0xa4 /usr/lib/n64/libn_audio.a(n_synsetfxmix.o)
                0x0000000080059260                n_alSynSetFXMix
 *fill*         0x0000000080059304        0xc 
 .text          0x0000000080059310       0x90 /usr/lib/n64/libn_audio.a(n_synsetpan.o)
                0x0000000080059310                n_alSynSetPan
 .text          0x00000000800593a0       0x90 /usr/lib/n64/libn_audio.a(n_synsetpitch.o)
                0x00000000800593a0                n_alSynSetPitch
 .text          0x0000000080059430        0x8 /usr/lib/n64/libn_audio.a(n_synsetpriority.o)
                0x0000000080059430                n_alSynSetPriority
 *fill*         0x0000000080059438        0x8 
 .text          0x0000000080059440       0xc0 /usr/lib/n64/libn_audio.a(n_synsetvol.o)
                0x0000000080059440                n_alSynSetVol
 .text          0x0000000080059500       0x98 /usr/lib/n64/libn_audio.a(n_synstartvoice.o)
                0x0000000080059500                n_alSynStartVoice
 *fill*         0x0000000080059598        0x8 
 .text          0x00000000800595a0      0x11c /usr/lib/n64/libn_audio.a(n_synstartvoiceparam.o)
                0x00000000800595a0                n_alSynStartVoiceParams
 *fill*         0x00000000800596bc        0x4 
 .text          0x00000000800596c0       0x7c /usr/lib/n64/libn_audio.a(n_synstopvoice.o)
                0x00000000800596c0                n_alSynStopVoice
 *fill*         0x000000008005973c        0x4 
 .text          0x0000000080059740      0x580 /usr/lib/n64/libn_audio.a(n_synthesizer.o)
                0x00000000800597d8                n_alSynNew
                0x0000000080059a18                __n_allocParam
                0x0000000080059a40                _n_freeParam
                0x0000000080059a58                _n_collectPVoices
                0x0000000080059aac                n_alAudioFrame
                0x0000000080059c38                _n_freePVoice
                0x0000000080059c6c                _n_timeToSamples
 .text          0x0000000080059cc0       0x90 /usr/lib/n64/libn_audio.a(n_auxbus.o)
                0x0000000080059cc0                n_alAuxBusPull
 .text          0x0000000080059d50      0x4e0 /usr/lib/n64/libn_audio.a(n_drvrNew.o)
                0x0000000080059d50                n_alFxNew
                0x000000008005a110                alN_PVoiceNew
 .text          0x000000008005a230      0x898 /usr/lib/n64/libn_audio.a(n_env.o)
                0x000000008005a50c                n_alEnvmixerParam
                0x000000008005a59c                n_alEnvmixerPull
 *fill*         0x000000008005aac8        0x8 
 .text          0x000000008005aad0      0x638 /usr/lib/n64/libn_audio.a(n_load.o)
                0x000000008005ac00                n_alAdpcmPull
                0x000000008005afc8                n_alLoadParam
 *fill*         0x000000008005b108        0x8 
 .text          0x000000008005b110      0x1a8 /usr/lib/n64/libn_audio.a(n_resample.o)
                0x000000008005b110                n_alResamplePull
                0x000000008005b298                n_alResampleParam
 *fill*         0x000000008005b2b8        0x8 
 .text          0x000000008005b2c0      0x8c0 /usr/lib/n64/libn_audio.a(n_reverb.o)
                0x000000008005b2c0                n_alFxParamHdl
                0x000000008005b410                _n_loadBuffer
                0x000000008005b548                _n_loadOutputBuffer
                0x000000008005b718                _n_saveBuffer
                0x000000008005b838                _n_filterBuffer
                0x000000008005b8dc                n_alFxPull
 .text          0x000000008005bb80       0x40 /usr/lib/n64/libn_audio.a(n_save.o)
                0x000000008005bb80                n_alSavePull
 .text          0x000000008005bbc0      0x22c /usr/lib/n64/libn_audio.a(n_seq.o)
                0x000000008005bbc0                n_alSeqNextEvent
                0x000000008005bd3c                n_alSeqNewMarker
 *fill*         0x000000008005bdec        0x4 
 .text          0x000000008005bdf0       0x5c /usr/lib/n64/libn_audio.a(n_synallocfx.o)
                0x000000008005bdf0                n_alSynAllocFX
 *fill*         0x000000008005be4c        0x4 
 .text          0x000000008005be50       0x6c /usr/lib/n64/libn_audio.a(n_mainbus.o)
                0x000000008005be50                n_alMainBusPull
 */libgcc.a:*.o(.text)
 *fill*         0x000000008005bebc        0x4 
 .text          0x000000008005bec0      0x508 /opt/crashsdk/lib/gcc/mips64-elf/12.2.0/libgcc.a(_divdi3.o)
                0x000000008005bec0                __divdi3
 *fill*         0x000000008005c3c8        0x8 
 .text          0x000000008005c3d0      0x4b4 /opt/crashsdk/lib/gcc/mips64-elf/12.2.0/libgcc.a(_udivdi3.o)
                0x000000008005c3d0                __udivdi3
 *fill*         0x000000008005c884        0xc 
 .text          0x000000008005c890      0x4c8 /opt/crashsdk/lib/gcc/mips64-elf/12.2.0/libgcc.a(_umoddi3.o)
                0x000000008005c890                __umoddi3
 *fill*         0x000000008005cd58        0x8 
 .text          0x000000008005cd60        0x0 /opt/crashsdk/lib/gcc/mips64-elf/12.2.0/libgcc.a(_clz.o)
 /usr/lib/n64/PR/rspboot.o(.text)
 .text          0x000000008005cd60       0xd0 /usr/lib/n64/PR/rspboot.o
                0x000000008005cd60                rspbootTextStart
                0x000000008005ce30                rspbootTextEnd
 /usr/lib/n64/PR/aspMain.o(.text)
 .text          0x000000008005ce30      0xe20 /usr/lib/n64/PR/aspMain.o
                0x000000008005ce30                aspMainTextStart
                0x000000008005dc50                aspMainTextEnd
 /usr/lib/n64/PR/n_aspMain.o(.text)
 .text          0x000000008005dc50      0xc60 /usr/lib/n64/PR/n_aspMain.o
                0x000000008005dc50                n_aspMainTextStart
                0x000000008005e8b0                n_aspMainTextEnd
 /usr/lib/n64/PR/gspF3DEX2.fifo.o(.text)
 .text          0x000000008005e8b0     0x1390 /usr/lib/n64/PR/gspF3DEX2.fifo.o
                0x000000008005e8b0                gspF3DEX2_fifoTextStart
                0x000000008005fc40                gspF3DEX2_fifoTextEnd
 /usr/lib/n64/PR/gspL3DEX2.fifo.o(.text)
 .text          0x000000008005fc40     0x1190 /usr/lib/n64/PR/gspL3DEX2.fifo.o
                0x000000008005fc40                gspL3DEX2_fifoTextStart
                0x0000000080060dd0                gspL3DEX2_fifoTextEnd
 /usr/lib/n64/PR/gspF3DEX2.Rej.fifo.o(.text)
 .text          0x0000000080060dd0     0x1190 /usr/lib/n64/PR/gspF3DEX2.Rej.fifo.o
                0x0000000080060dd0                gspF3DEX2_Rej_fifoTextStart
                0x0000000080061f60                gspF3DEX2_Rej_fifoTextEnd
 /usr/lib/n64/PR/gspF3DEX2.NoN.fifo.o(.text)
 .text          0x0000000080061f60     0x1390 /usr/lib/n64/PR/gspF3DEX2.NoN.fifo.o
                0x0000000080061f60                gspF3DEX2_NoN_fifoTextStart
                0x00000000800632f0                gspF3DEX2_NoN_fifoTextEnd
 /usr/lib/n64/PR/gspF3DLX2.Rej.fifo.o(.text)
 .text          0x00000000800632f0     0x1190 /usr/lib/n64/PR/gspF3DLX2.Rej.fifo.o
                0x00000000800632f0                gspF3DLX2_Rej_fifoTextStart
                0x0000000080064480                gspF3DLX2_Rej_fifoTextEnd
 /usr/lib/n64/PR/gspS2DEX2.fifo.o(.text)
 .text          0x0000000080064480     0x18c0 /usr/lib/n64/PR/gspS2DEX2.fifo.o
                0x0000000080064480                gspS2DEX2_fifoTextStart
                0x0000000080065d40                gspS2DEX2_fifoTextEnd
 /usr/lib/n64/nusys/nusys_isv.o(.data*)
 .data          0x0000000080065d40        0x0 /usr/lib/n64/nusys/nusys_isv.o
 build/src/main*.o(.data*)
 .data          0x0000000080065d40      0x120 build/src/main/FPGraphics.o
                0x0000000080065d40                PlasmaRifleReticleGFX
                0x0000000080065d90                AssaultRifleReticleGFX
                0x0000000080065de0                PistolReticleGFX
                0x0000000080065e30                ReticleSetup
 .data          0x0000000080065e60       0x10 build/src/main/HUD.o
                0x0000000080065e60                XCoords
                0x0000000080065e68                TCoords
 .data          0x0000000080065e70        0x0 build/src/main/actors.o
 .data          0x0000000080065e70        0x0 build/src/main/animations.o
 .data          0x0000000080065e70        0x0 build/src/main/collision.o
 .data          0x0000000080065e70       0x58 build/src/main/gfxinit.o
                0x0000000080065e70                setup_rspstate
                0x0000000080065e98                setup_rdpstate
 *fill*         0x0000000080065ec8        0x8 
 .data          0x0000000080065ed0       0x80 build/src/main/graphic.o
                0x0000000080065ed0                EndDL
                0x0000000080065ed8                END_DL
                0x0000000080065ef0                Player_Lights
 .data          0x0000000080065f50        0x0 build/src/main/intelligence.o
 .data          0x0000000080065f50        0x0 build/src/main/levels.o
 .data          0x0000000080065f50        0x4 build/src/main/main.o
                0x0000000080065f50                pendflag
 *fill*         0x0000000080065f54        0xc 
 .data          0x0000000080065f60        0x0 build/src/main/math.o
 .data          0x0000000080065f60        0x8 build/src/main/memory.o
                0x0000000080065f60                FreeSpaceAddress
                0x0000000080065f64                MemorySize
 *fill*         0x0000000080065f68        0x8 
 .data          0x0000000080065f70       0x60 build/src/main/menu.o
                0x0000000080065f70                MainPanel
                0x0000000080065f80                MainMenuOptions
                0x0000000080065fa0                LevelSelectParameters
                0x0000000080065fb0                PlayerCountParameters
 .data          0x0000000080065fd0        0x0 build/src/main/pathfinding.o
 .data          0x0000000080065fd0       0x18 build/src/main/player.o
                0x0000000080065fd0                LookDirection
                0x0000000080065fdc                UpDirection
 *fill*         0x0000000080065fe8        0x8 
 .data          0x0000000080065ff0        0x0 build/src/main/stage00.o
 .data          0x0000000080065ff0       0x80 build/src/main/stage01.o
                0x0000000080065ff0                DrawMenu
                0x0000000080066060                PlayerSelectStrings
 .data          0x0000000080066070       0xfc build/src/main/weapon.o
                0x0000000080066070                logo_bulletbox
                0x0000000080066160                WeaponClassArray
 *fill*         0x000000008006616c        0x4 
 .data          0x0000000080066170      0x2b8 build/src/main/assets/animations/assaultrifle/AR_Fire_Anime.o
                0x0000000080066170                AR_Fire
 *fill*         0x0000000080066428        0x8 
 .data          0x0000000080066430      0x64c build/src/main/assets/animations/assaultrifle/AR_Idle_Anime.o
                0x0000000080066430                AR_Idle
 *fill*         0x0000000080066a7c        0x4 
 .data          0x0000000080066a80      0x690 build/src/main/assets/animations/assaultrifle/AR_Melee_Anime.o
                0x0000000080066a80                AR_Melee
 .data          0x0000000080067110     0x1120 build/src/main/assets/animations/assaultrifle/AR_Reload_Empty_Anime.o
                0x0000000080067110                AR_Reload_Empty
 .data          0x0000000080068230      0xa58 build/src/main/assets/animations/assaultrifle/AR_Reload_Full_Anime.o
                0x0000000080068230                AR_Reload_Full
 *fill*         0x0000000080068c88        0x8 
 .data          0x0000000080068c90      0x128 build/src/main/assets/animations/debugcube/DebugCubeAnimation_Anime.o
                0x0000000080068c90                DebugCubeAnimation
 *fill*         0x0000000080068db8        0x8 
 .data          0x0000000080068dc0      0x3f0 build/src/main/assets/animations/humanpistol/HP_Fire_Anime.o
                0x0000000080068dc0                HP_Fire
 .data          0x00000000800691b0      0x3d8 build/src/main/assets/animations/humanpistol/HP_Idle_Anime.o
                0x00000000800691b0                HP_Idle
 *fill*         0x0000000080069588        0x8 
 .data          0x0000000080069590      0x848 build/src/main/assets/animations/humanpistol/HP_Melee_Anime.o
                0x0000000080069590                HP_Melee
 *fill*         0x0000000080069dd8        0x8 
 .data          0x0000000080069de0      0xa78 build/src/main/assets/animations/humanpistol/HP_ReloadFull_Anime.o
                0x0000000080069de0                HP_ReloadFull
 *fill*         0x000000008006a858        0x8 
 .data          0x000000008006a860      0xb18 build/src/main/assets/animations/humanpistol/HP_Reload_Empty_Anime.o
                0x000000008006a860                HP_Reload_Empty
 *fill*         0x000000008006b378        0x8 
 .data          0x000000008006b380      0x3c8 build/src/main/assets/animations/plasmarifle/PlasmaRifle_Fire_Anime.o
                0x000000008006b380                PlasmaRifle_Fire
 *fill*         0x000000008006b748        0x8 
 .data          0x000000008006b750      0x358 build/src/main/assets/animations/plasmarifle/PlasmaRifle_Idle_Anime.o
                0x000000008006b750                PlasmaRifle_Idle
 *fill*         0x000000008006baa8        0x8 
 .data          0x000000008006bab0      0x718 build/src/main/assets/animations/plasmarifle/PlasmaRifle_Melee_Anime.o
                0x000000008006bab0                PlasmaRifle_Melee
 *fill*         0x000000008006c1c8        0x8 
 .data          0x000000008006c1d0      0x758 build/src/main/assets/animations/plasmarifle/PlasmaRifle_Overheat_Anime.o
                0x000000008006c1d0                PlasmaRifle_Overheat
 *fill*         0x000000008006c928        0x8 
 .data          0x000000008006c930      0x1d0 build/src/main/assets/models/DebugCylinder_HitBox_Model.o
                0x000000008006c930                Draw_HitBox_M
                0x000000008006c9c0                HitBox_V
 .data          0x000000008006cb00     0x3128 build/src/main/assets/models/assaultrifle/Assault_Rifle_Model.o
                0x000000008006cb00                Draw_Magazine_M
                0x000000008006cb88                Draw_Charging_M
                0x000000008006cc08                Draw_Assault_Rifle_M
                0x000000008006d298                Magazine_V
                0x000000008006d618                Charging_V
                0x000000008006d9e8                Assault_Rifle_V
 *fill*         0x000000008006fc28        0x8 
 .data          0x000000008006fc30      0x9c0 build/src/main/assets/models/cyborg/ShieldBox_Model.o
                0x000000008006fc30                Draw_ShieldBox_M
                0x000000008006fd60                Shield_StaticNode
                0x000000008006fd70                Draw_Shield_T_Closing
                0x000000008006fd78                Shield_StaticMeshList
                0x000000008006fd80                ShieldBox_V
 .data          0x00000000800705f0     0x1090 build/src/main/assets/models/cyborg/Shield_Texture.o
                0x00000000800705f0                Draw_Shield_T
                0x0000000080070680                Shield_T
 .data          0x0000000080071680      0x180 build/src/main/assets/models/debugcube/DebugCube_Model.o
                0x0000000080071680                Draw_DebugCube_M
                0x00000000800716c0                DebugCube_V
 .data          0x0000000080071800     0x4d58 build/src/main/assets/models/debugcube/Sphere001_Model.o
                0x0000000080071800                Draw_Sphere001_M
                0x0000000080072828                Sphere001_V
 *fill*         0x0000000080076558        0x8 
 .data          0x0000000080076560      0x878 build/src/main/assets/models/debugcube/blackwhitechecker_Texture.o
                0x0000000080076560                Draw_blackwhitechecker_T
                0x00000000800765d8                blackwhitechecker_T
 *fill*         0x0000000080076dd8        0x8 
 .data          0x0000000080076de0     0x1c20 build/src/main/assets/models/FPArms/LeftArm_Model.o
                0x0000000080076de0                Draw_RightArm_M
                0x0000000080076fd0                Draw_LeftShoulder_M
                0x0000000080077110                Draw_LeftHand_M
                0x00000000800771d8                Draw_LeftArm_M
                0x0000000080077300                RightArm_V
                0x0000000080077bb0                LeftShoulder_V
                0x0000000080078160                LeftHand_V
                0x0000000080078490                LeftArm_V
 .data          0x0000000080078a00     0x1f28 build/src/main/assets/models/humanpistol/HumanPistol_Model.o
                0x0000000080078a00                Draw_Slide_M
                0x0000000080078b90                Draw_Pistol_M
                0x0000000080078e18                Draw_HumanPistol_M
                0x0000000080078e98                Slide_V
                0x0000000080079748                Pistol_V
                0x000000008007a618                HumanPistol_V
 *fill*         0x000000008007a928        0x8 
 .data          0x000000008007a930     0x4610 build/src/main/assets/models/plasmarifle/PlasmaRifle_Model.o
                0x000000008007a930                Draw_RightCover_M
                0x000000008007aa48                Draw_PlasmaRifle_M
                0x000000008007b2d8                Draw_LeftCover_M
                0x000000008007b3f0                RightCover_V
                0x000000008007b830                PlasmaRifle_V
                0x000000008007eb00                LeftCover_V
 .data          0x000000008007ef40      0x800 build/src/main/assets/textures/assaultrifle/AR_Color_Texture.o
                0x000000008007ef40                AR_Color_T
 .data          0x000000008007f740      0x8e8 build/src/main/assets/textures/assaultrifle/ar_Texture.o
                0x000000008007f740                Draw_ar_T_Closing
                0x000000008007f750                Draw_ar_T
 *fill*         0x0000000080080028        0x8 
 .data          0x0000000080080030     0x1098 build/src/main/assets/textures/FPArms/CyborgTP_Texture.o
                0x0000000080080030                Draw_CyborgTP_T_Closing
                0x0000000080080038                Draw_CyborgTP_T
                0x00000000800800c8                CyborgTP_T
 *fill*         0x00000000800810c8        0x8 
 .data          0x00000000800810d0     0x1090 build/src/main/assets/textures/HUD/ASCII_Texture.o
                0x00000000800810d0                Draw_ASCII_T
                0x0000000080081160                ASCII_T
 .data          0x0000000080082160      0x8c0 build/src/main/assets/textures/HUD/AmmoBar_Texture.o
                0x0000000080082160                Draw_AmmoBar_T
                0x0000000080082220                AmmoBar_T